<?xml version="1.0" encoding="ISO-8859-1" ?>
<link_info>
   <banner>MSP430 Linker PC v18.1.1.LTS</banner>
   <copyright>Copyright (c) 2003-2017 Texas Instruments Incorporated</copyright>
   <link_time>0x5af3fa08</link_time>
   <link_errors>0x0</link_errors>
   <output_file>WifiPositioningSystem.out</output_file>
   <entry_point>
      <name>_c_int00_noargs</name>
      <address>0xec6c</address>
   </entry_point>
   <input_file_list>
      <input_file id="fl-2">
         <path>.\</path>
         <kind>object</kind>
         <file>main.obj</file>
         <name>main.obj</name>
      </input_file>
      <input_file id="fl-3">
         <path>.\</path>
         <kind>object</kind>
         <file>wps.obj</file>
         <name>wps.obj</name>
      </input_file>
      <input_file id="fl-8">
         <kind>object</kind>
         <file>&lt;internal&gt;</file>
         <name>&lt;internal&gt;</name>
      </input_file>
      <input_file id="fl-1e">
         <path>C:\TI\ccsv8\tools\compiler\ti-cgt-msp430_18.1.1.LTS\lib\</path>
         <kind>archive</kind>
         <file>rts430_eabi.lib</file>
         <name>e_powf.c.obj</name>
      </input_file>
      <input_file id="fl-1f">
         <path>C:\TI\ccsv8\tools\compiler\ti-cgt-msp430_18.1.1.LTS\lib\</path>
         <kind>archive</kind>
         <file>rts430_eabi.lib</file>
         <name>e_sqrtf.c.obj</name>
      </input_file>
      <input_file id="fl-20">
         <path>C:\TI\ccsv8\tools\compiler\ti-cgt-msp430_18.1.1.LTS\lib\</path>
         <kind>archive</kind>
         <file>rts430_eabi.lib</file>
         <name>s_scalbnf.c.obj</name>
      </input_file>
      <input_file id="fl-21">
         <path>C:\TI\ccsv8\tools\compiler\ti-cgt-msp430_18.1.1.LTS\lib\</path>
         <kind>archive</kind>
         <file>rts430_eabi.lib</file>
         <name>asr16.asm.obj</name>
      </input_file>
      <input_file id="fl-22">
         <path>C:\TI\ccsv8\tools\compiler\ti-cgt-msp430_18.1.1.LTS\lib\</path>
         <kind>archive</kind>
         <file>rts430_eabi.lib</file>
         <name>asr32.asm.obj</name>
      </input_file>
      <input_file id="fl-23">
         <path>C:\TI\ccsv8\tools\compiler\ti-cgt-msp430_18.1.1.LTS\lib\</path>
         <kind>archive</kind>
         <file>rts430_eabi.lib</file>
         <name>div16u.asm.obj</name>
      </input_file>
      <input_file id="fl-24">
         <path>C:\TI\ccsv8\tools\compiler\ti-cgt-msp430_18.1.1.LTS\lib\</path>
         <kind>archive</kind>
         <file>rts430_eabi.lib</file>
         <name>epilog.asm.obj</name>
      </input_file>
      <input_file id="fl-25">
         <path>C:\TI\ccsv8\tools\compiler\ti-cgt-msp430_18.1.1.LTS\lib\</path>
         <kind>archive</kind>
         <file>rts430_eabi.lib</file>
         <name>fs_add.asm.obj</name>
      </input_file>
      <input_file id="fl-26">
         <path>C:\TI\ccsv8\tools\compiler\ti-cgt-msp430_18.1.1.LTS\lib\</path>
         <kind>archive</kind>
         <file>rts430_eabi.lib</file>
         <name>fs_cmp.asm.obj</name>
      </input_file>
      <input_file id="fl-27">
         <path>C:\TI\ccsv8\tools\compiler\ti-cgt-msp430_18.1.1.LTS\lib\</path>
         <kind>archive</kind>
         <file>rts430_eabi.lib</file>
         <name>fs_div.asm.obj</name>
      </input_file>
      <input_file id="fl-28">
         <path>C:\TI\ccsv8\tools\compiler\ti-cgt-msp430_18.1.1.LTS\lib\</path>
         <kind>archive</kind>
         <file>rts430_eabi.lib</file>
         <name>fs_itof.asm.obj</name>
      </input_file>
      <input_file id="fl-29">
         <path>C:\TI\ccsv8\tools\compiler\ti-cgt-msp430_18.1.1.LTS\lib\</path>
         <kind>archive</kind>
         <file>rts430_eabi.lib</file>
         <name>fs_ltof.asm.obj</name>
      </input_file>
      <input_file id="fl-2a">
         <path>C:\TI\ccsv8\tools\compiler\ti-cgt-msp430_18.1.1.LTS\lib\</path>
         <kind>archive</kind>
         <file>rts430_eabi.lib</file>
         <name>fs_mpy.asm.obj</name>
      </input_file>
      <input_file id="fl-2b">
         <path>C:\TI\ccsv8\tools\compiler\ti-cgt-msp430_18.1.1.LTS\lib\</path>
         <kind>archive</kind>
         <file>rts430_eabi.lib</file>
         <name>fs_neg.asm.obj</name>
      </input_file>
      <input_file id="fl-2c">
         <path>C:\TI\ccsv8\tools\compiler\ti-cgt-msp430_18.1.1.LTS\lib\</path>
         <kind>archive</kind>
         <file>rts430_eabi.lib</file>
         <name>fs_ultof.asm.obj</name>
      </input_file>
      <input_file id="fl-2d">
         <path>C:\TI\ccsv8\tools\compiler\ti-cgt-msp430_18.1.1.LTS\lib\</path>
         <kind>archive</kind>
         <file>rts430_eabi.lib</file>
         <name>int00.asm.obj</name>
      </input_file>
      <input_file id="fl-2e">
         <path>C:\TI\ccsv8\tools\compiler\ti-cgt-msp430_18.1.1.LTS\lib\</path>
         <kind>archive</kind>
         <file>rts430_eabi.lib</file>
         <name>int02.asm.obj</name>
      </input_file>
      <input_file id="fl-2f">
         <path>C:\TI\ccsv8\tools\compiler\ti-cgt-msp430_18.1.1.LTS\lib\</path>
         <kind>archive</kind>
         <file>rts430_eabi.lib</file>
         <name>int03.asm.obj</name>
      </input_file>
      <input_file id="fl-30">
         <path>C:\TI\ccsv8\tools\compiler\ti-cgt-msp430_18.1.1.LTS\lib\</path>
         <kind>archive</kind>
         <file>rts430_eabi.lib</file>
         <name>int05.asm.obj</name>
      </input_file>
      <input_file id="fl-31">
         <path>C:\TI\ccsv8\tools\compiler\ti-cgt-msp430_18.1.1.LTS\lib\</path>
         <kind>archive</kind>
         <file>rts430_eabi.lib</file>
         <name>int06.asm.obj</name>
      </input_file>
      <input_file id="fl-32">
         <path>C:\TI\ccsv8\tools\compiler\ti-cgt-msp430_18.1.1.LTS\lib\</path>
         <kind>archive</kind>
         <file>rts430_eabi.lib</file>
         <name>int08.asm.obj</name>
      </input_file>
      <input_file id="fl-33">
         <path>C:\TI\ccsv8\tools\compiler\ti-cgt-msp430_18.1.1.LTS\lib\</path>
         <kind>archive</kind>
         <file>rts430_eabi.lib</file>
         <name>int09.asm.obj</name>
      </input_file>
      <input_file id="fl-34">
         <path>C:\TI\ccsv8\tools\compiler\ti-cgt-msp430_18.1.1.LTS\lib\</path>
         <kind>archive</kind>
         <file>rts430_eabi.lib</file>
         <name>int10.asm.obj</name>
      </input_file>
      <input_file id="fl-35">
         <path>C:\TI\ccsv8\tools\compiler\ti-cgt-msp430_18.1.1.LTS\lib\</path>
         <kind>archive</kind>
         <file>rts430_eabi.lib</file>
         <name>int11.asm.obj</name>
      </input_file>
      <input_file id="fl-36">
         <path>C:\TI\ccsv8\tools\compiler\ti-cgt-msp430_18.1.1.LTS\lib\</path>
         <kind>archive</kind>
         <file>rts430_eabi.lib</file>
         <name>int12.asm.obj</name>
      </input_file>
      <input_file id="fl-37">
         <path>C:\TI\ccsv8\tools\compiler\ti-cgt-msp430_18.1.1.LTS\lib\</path>
         <kind>archive</kind>
         <file>rts430_eabi.lib</file>
         <name>int13.asm.obj</name>
      </input_file>
      <input_file id="fl-38">
         <path>C:\TI\ccsv8\tools\compiler\ti-cgt-msp430_18.1.1.LTS\lib\</path>
         <kind>archive</kind>
         <file>rts430_eabi.lib</file>
         <name>int14.asm.obj</name>
      </input_file>
      <input_file id="fl-39">
         <path>C:\TI\ccsv8\tools\compiler\ti-cgt-msp430_18.1.1.LTS\lib\</path>
         <kind>archive</kind>
         <file>rts430_eabi.lib</file>
         <name>isr_trap.asm.obj</name>
      </input_file>
      <input_file id="fl-3a">
         <path>C:\TI\ccsv8\tools\compiler\ti-cgt-msp430_18.1.1.LTS\lib\</path>
         <kind>archive</kind>
         <file>rts430_eabi.lib</file>
         <name>lsl16.asm.obj</name>
      </input_file>
      <input_file id="fl-3b">
         <path>C:\TI\ccsv8\tools\compiler\ti-cgt-msp430_18.1.1.LTS\lib\</path>
         <kind>archive</kind>
         <file>rts430_eabi.lib</file>
         <name>lsl32.asm.obj</name>
      </input_file>
      <input_file id="fl-3c">
         <path>C:\TI\ccsv8\tools\compiler\ti-cgt-msp430_18.1.1.LTS\lib\</path>
         <kind>archive</kind>
         <file>rts430_eabi.lib</file>
         <name>lsr16.asm.obj</name>
      </input_file>
      <input_file id="fl-3d">
         <path>C:\TI\ccsv8\tools\compiler\ti-cgt-msp430_18.1.1.LTS\lib\</path>
         <kind>archive</kind>
         <file>rts430_eabi.lib</file>
         <name>mult16.asm.obj</name>
      </input_file>
      <input_file id="fl-3e">
         <path>C:\TI\ccsv8\tools\compiler\ti-cgt-msp430_18.1.1.LTS\lib\</path>
         <kind>archive</kind>
         <file>rts430_eabi.lib</file>
         <name>boot.c.obj</name>
      </input_file>
      <input_file id="fl-3f">
         <path>C:\TI\ccsv8\tools\compiler\ti-cgt-msp430_18.1.1.LTS\lib\</path>
         <kind>archive</kind>
         <file>rts430_eabi.lib</file>
         <name>autoinit.c.obj</name>
      </input_file>
      <input_file id="fl-40">
         <path>C:\TI\ccsv8\tools\compiler\ti-cgt-msp430_18.1.1.LTS\lib\</path>
         <kind>archive</kind>
         <file>rts430_eabi.lib</file>
         <name>copy_zero_init.c.obj</name>
      </input_file>
      <input_file id="fl-41">
         <path>C:\TI\ccsv8\tools\compiler\ti-cgt-msp430_18.1.1.LTS\lib\</path>
         <kind>archive</kind>
         <file>rts430_eabi.lib</file>
         <name>cpy_tbl.c.obj</name>
      </input_file>
      <input_file id="fl-42">
         <path>C:\TI\ccsv8\tools\compiler\ti-cgt-msp430_18.1.1.LTS\lib\</path>
         <kind>archive</kind>
         <file>rts430_eabi.lib</file>
         <name>mpu_init.c.obj</name>
      </input_file>
      <input_file id="fl-43">
         <path>C:\TI\ccsv8\tools\compiler\ti-cgt-msp430_18.1.1.LTS\lib\</path>
         <kind>archive</kind>
         <file>rts430_eabi.lib</file>
         <name>lsr64.c.obj</name>
      </input_file>
      <input_file id="fl-44">
         <path>C:\TI\ccsv8\tools\compiler\ti-cgt-msp430_18.1.1.LTS\lib\</path>
         <kind>archive</kind>
         <file>rts430_eabi.lib</file>
         <name>pre_init.c.obj</name>
      </input_file>
      <input_file id="fl-45">
         <path>C:\TI\ccsv8\tools\compiler\ti-cgt-msp430_18.1.1.LTS\lib\</path>
         <kind>archive</kind>
         <file>rts430_eabi.lib</file>
         <name>startup.c.obj</name>
      </input_file>
      <input_file id="fl-46">
         <path>C:\TI\ccsv8\tools\compiler\ti-cgt-msp430_18.1.1.LTS\lib\</path>
         <kind>archive</kind>
         <file>rts430_eabi.lib</file>
         <name>copy_decompress_none.c.obj</name>
      </input_file>
      <input_file id="fl-47">
         <path>C:\TI\ccsv8\tools\compiler\ti-cgt-msp430_18.1.1.LTS\lib\</path>
         <kind>archive</kind>
         <file>rts430_eabi.lib</file>
         <name>copy_decompress_lzss.c.obj</name>
      </input_file>
      <input_file id="fl-48">
         <path>C:\TI\ccsv8\tools\compiler\ti-cgt-msp430_18.1.1.LTS\lib\</path>
         <kind>archive</kind>
         <file>rts430_eabi.lib</file>
         <name>addd.c.obj</name>
      </input_file>
      <input_file id="fl-49">
         <path>C:\TI\ccsv8\tools\compiler\ti-cgt-msp430_18.1.1.LTS\lib\</path>
         <kind>archive</kind>
         <file>rts430_eabi.lib</file>
         <name>cmpd.c.obj</name>
      </input_file>
      <input_file id="fl-4a">
         <path>C:\TI\ccsv8\tools\compiler\ti-cgt-msp430_18.1.1.LTS\lib\</path>
         <kind>archive</kind>
         <file>rts430_eabi.lib</file>
         <name>cvtfd.c.obj</name>
      </input_file>
      <input_file id="fl-4b">
         <path>C:\TI\ccsv8\tools\compiler\ti-cgt-msp430_18.1.1.LTS\lib\</path>
         <kind>archive</kind>
         <file>rts430_eabi.lib</file>
         <name>divd.c.obj</name>
      </input_file>
      <input_file id="fl-4c">
         <path>C:\TI\ccsv8\tools\compiler\ti-cgt-msp430_18.1.1.LTS\lib\</path>
         <kind>archive</kind>
         <file>rts430_eabi.lib</file>
         <name>fixdul.c.obj</name>
      </input_file>
      <input_file id="fl-4d">
         <path>C:\TI\ccsv8\tools\compiler\ti-cgt-msp430_18.1.1.LTS\lib\</path>
         <kind>archive</kind>
         <file>rts430_eabi.lib</file>
         <name>fltid.c.obj</name>
      </input_file>
      <input_file id="fl-4e">
         <path>C:\TI\ccsv8\tools\compiler\ti-cgt-msp430_18.1.1.LTS\lib\</path>
         <kind>archive</kind>
         <file>rts430_eabi.lib</file>
         <name>fltlid.c.obj</name>
      </input_file>
      <input_file id="fl-4f">
         <path>C:\TI\ccsv8\tools\compiler\ti-cgt-msp430_18.1.1.LTS\lib\</path>
         <kind>archive</kind>
         <file>rts430_eabi.lib</file>
         <name>frcaddd.c.obj</name>
      </input_file>
      <input_file id="fl-50">
         <path>C:\TI\ccsv8\tools\compiler\ti-cgt-msp430_18.1.1.LTS\lib\</path>
         <kind>archive</kind>
         <file>rts430_eabi.lib</file>
         <name>frcdivd.c.obj</name>
      </input_file>
      <input_file id="fl-51">
         <path>C:\TI\ccsv8\tools\compiler\ti-cgt-msp430_18.1.1.LTS\lib\</path>
         <kind>archive</kind>
         <file>rts430_eabi.lib</file>
         <name>mpyd.c.obj</name>
      </input_file>
      <input_file id="fl-52">
         <path>C:\TI\ccsv8\tools\compiler\ti-cgt-msp430_18.1.1.LTS\lib\</path>
         <kind>archive</kind>
         <file>rts430_eabi.lib</file>
         <name>negd.c.obj</name>
      </input_file>
      <input_file id="fl-53">
         <path>C:\TI\ccsv8\tools\compiler\ti-cgt-msp430_18.1.1.LTS\lib\</path>
         <kind>archive</kind>
         <file>rts430_eabi.lib</file>
         <name>renormd.c.obj</name>
      </input_file>
      <input_file id="fl-54">
         <path>C:\TI\ccsv8\tools\compiler\ti-cgt-msp430_18.1.1.LTS\lib\</path>
         <kind>archive</kind>
         <file>rts430_eabi.lib</file>
         <name>subd.c.obj</name>
      </input_file>
      <input_file id="fl-55">
         <path>C:\TI\ccsv8\tools\compiler\ti-cgt-msp430_18.1.1.LTS\lib\</path>
         <kind>archive</kind>
         <file>rts430_eabi.lib</file>
         <name>cvtdf.c.obj</name>
      </input_file>
      <input_file id="fl-56">
         <path>C:\TI\ccsv8\tools\compiler\ti-cgt-msp430_18.1.1.LTS\lib\</path>
         <kind>archive</kind>
         <file>rts430_eabi.lib</file>
         <name>errno.c.obj</name>
      </input_file>
      <input_file id="fl-57">
         <path>C:\TI\ccsv8\tools\compiler\ti-cgt-msp430_18.1.1.LTS\lib\</path>
         <kind>archive</kind>
         <file>rts430_eabi.lib</file>
         <name>exit.c.obj</name>
      </input_file>
      <input_file id="fl-58">
         <path>C:\TI\ccsv8\tools\compiler\ti-cgt-msp430_18.1.1.LTS\lib\</path>
         <kind>archive</kind>
         <file>rts430_eabi.lib</file>
         <name>_lock.c.obj</name>
      </input_file>
      <input_file id="fl-59">
         <path>C:\TI\ccsv8\tools\compiler\ti-cgt-msp430_18.1.1.LTS\lib\</path>
         <kind>archive</kind>
         <file>rts430_eabi.lib</file>
         <name>args_main.c.obj</name>
      </input_file>
      <input_file id="fl-5a">
         <path>C:\TI\ccsv8\tools\compiler\ti-cgt-msp430_18.1.1.LTS\lib\</path>
         <kind>archive</kind>
         <file>rts430_eabi.lib</file>
         <name>memcpy.c.obj</name>
      </input_file>
      <input_file id="fl-5b">
         <path>C:\TI\ccsv8\tools\compiler\ti-cgt-msp430_18.1.1.LTS\lib\</path>
         <kind>archive</kind>
         <file>rts430_eabi.lib</file>
         <name>s_copysignf.c.obj</name>
      </input_file>
      <input_file id="fl-5c">
         <path>C:\TI\ccsv8\tools\compiler\ti-cgt-msp430_18.1.1.LTS\lib\</path>
         <kind>archive</kind>
         <file>rts430_eabi.lib</file>
         <name>lsr32.asm.obj</name>
      </input_file>
      <input_file id="fl-5d">
         <path>C:\TI\ccsv8\tools\compiler\ti-cgt-msp430_18.1.1.LTS\lib\</path>
         <kind>archive</kind>
         <file>rts430_eabi.lib</file>
         <name>mult32.asm.obj</name>
      </input_file>
      <input_file id="fl-5e">
         <path>C:\TI\ccsv8\tools\compiler\ti-cgt-msp430_18.1.1.LTS\lib\</path>
         <kind>archive</kind>
         <file>rts430_eabi.lib</file>
         <name>exit_gvars.c.obj</name>
      </input_file>
      <input_file id="fl-5f">
         <path>C:\TI\ccsv8\tools\compiler\ti-cgt-msp430_18.1.1.LTS\lib\</path>
         <kind>archive</kind>
         <file>rts430_eabi.lib</file>
         <name>frcmpyd.c.obj</name>
      </input_file>
   </input_file_list>
   <object_component_list>
      <object_component id="oc-143">
         <name>.data</name>
         <load_address>0x200</load_address>
         <run_address>0x200</run_address>
         <size>0x1e</size>
         <input_file_ref idref="fl-2"/>
      </object_component>
      <object_component id="oc-149">
         <name>.data:buffer</name>
         <load_address>0x23c</load_address>
         <run_address>0x23c</run_address>
         <size>0x7</size>
         <input_file_ref idref="fl-2"/>
      </object_component>
      <object_component id="oc-146">
         <name>.data:data</name>
         <load_address>0x232</load_address>
         <run_address>0x232</run_address>
         <size>0x9</size>
         <input_file_ref idref="fl-2"/>
      </object_component>
      <object_component id="oc-20e">
         <name>.data</name>
         <load_address>0x21e</load_address>
         <run_address>0x21e</run_address>
         <size>0x14</size>
         <input_file_ref idref="fl-3"/>
      </object_component>
      <object_component id="oc-2cb">
         <name>.data</name>
         <load_address>0x244</load_address>
         <run_address>0x244</run_address>
         <size>0x2</size>
         <input_file_ref idref="fl-56"/>
      </object_component>
      <object_component id="oc-b1">
         <name>.stack</name>
         <uninitialized>true</uninitialized>
         <run_address>0x3b0</run_address>
         <size>0x2</size>
         <input_file_ref idref="fl-3e"/>
      </object_component>
      <object_component id="oc-3f4">
         <name>.stack</name>
         <uninitialized>true</uninitialized>
         <run_address>0x3b0</run_address>
         <size>0x0</size>
      </object_component>
      <object_component id="oc-228">
         <name>.text:powf</name>
         <load_address>0xc000</load_address>
         <run_address>0xc000</run_address>
         <size>0xa60</size>
         <input_file_ref idref="fl-1e"/>
      </object_component>
      <object_component id="oc-30d">
         <name>.text:__TI_frcdivd</name>
         <load_address>0xca60</load_address>
         <run_address>0xca60</run_address>
         <size>0x478</size>
         <input_file_ref idref="fl-50"/>
      </object_component>
      <object_component id="oc-1b6">
         <name>.text:calculateLocation</name>
         <load_address>0xced8</load_address>
         <run_address>0xced8</run_address>
         <size>0x37e</size>
         <input_file_ref idref="fl-3"/>
      </object_component>
      <object_component id="oc-242">
         <name>.text:__mspabi_addd</name>
         <load_address>0xd256</load_address>
         <run_address>0xd256</run_address>
         <size>0x2fa</size>
         <input_file_ref idref="fl-48"/>
      </object_component>
      <object_component id="oc-304">
         <name>.text:__TI_frcmpyd</name>
         <load_address>0xd550</load_address>
         <run_address>0xd550</run_address>
         <size>0x286</size>
         <input_file_ref idref="fl-5f"/>
      </object_component>
      <object_component id="oc-24e">
         <name>.text:__mspabi_mpyd</name>
         <load_address>0xd7d6</load_address>
         <run_address>0xd7d6</run_address>
         <size>0x26e</size>
         <input_file_ref idref="fl-51"/>
      </object_component>
      <object_component id="oc-2f0">
         <name>.text:__TI_frcaddd</name>
         <load_address>0xda44</load_address>
         <run_address>0xda44</run_address>
         <size>0x260</size>
         <input_file_ref idref="fl-4f"/>
      </object_component>
      <object_component id="oc-25a">
         <name>.text:__mspabi_divd</name>
         <load_address>0xdca4</load_address>
         <run_address>0xdca4</run_address>
         <size>0x238</size>
         <input_file_ref idref="fl-4b"/>
      </object_component>
      <object_component id="oc-15b">
         <name>.text:main</name>
         <load_address>0xdedc</load_address>
         <run_address>0xdedc</run_address>
         <size>0x1b6</size>
         <input_file_ref idref="fl-2"/>
      </object_component>
      <object_component id="oc-2b2">
         <name>.text:sqrtf</name>
         <load_address>0xe092</load_address>
         <run_address>0xe092</run_address>
         <size>0x13c</size>
         <input_file_ref idref="fl-1f"/>
      </object_component>
      <object_component id="oc-237">
         <name>.text</name>
         <load_address>0xe1ce</load_address>
         <run_address>0xe1ce</run_address>
         <size>0x132</size>
         <input_file_ref idref="fl-25"/>
      </object_component>
      <object_component id="oc-2ce">
         <name>.text:scalbnf</name>
         <load_address>0xe300</load_address>
         <run_address>0xe300</run_address>
         <size>0x114</size>
         <input_file_ref idref="fl-20"/>
      </object_component>
      <object_component id="oc-232">
         <name>.text</name>
         <load_address>0xe414</load_address>
         <run_address>0xe414</run_address>
         <size>0xc4</size>
         <input_file_ref idref="fl-2a"/>
      </object_component>
      <object_component id="oc-369">
         <name>.text:__TI_renormd</name>
         <load_address>0xe4d8</load_address>
         <run_address>0xe4d8</run_address>
         <size>0xbe</size>
         <input_file_ref idref="fl-53"/>
      </object_component>
      <object_component id="oc-2fd">
         <name>.text:__mspabi_fltlid</name>
         <load_address>0xe596</load_address>
         <run_address>0xe596</run_address>
         <size>0xac</size>
         <input_file_ref idref="fl-4e"/>
      </object_component>
      <object_component id="oc-223">
         <name>.text</name>
         <load_address>0xe642</load_address>
         <run_address>0xe642</run_address>
         <size>0x9c</size>
         <input_file_ref idref="fl-27"/>
      </object_component>
      <object_component id="oc-34">
         <name>.text:decompress:lzss:__TI_decompress_lzss</name>
         <load_address>0xe6de</load_address>
         <run_address>0xe6de</run_address>
         <size>0x7c</size>
         <input_file_ref idref="fl-47"/>
      </object_component>
      <object_component id="oc-23c">
         <name>.text:__mspabi_cvtfd</name>
         <load_address>0xe75a</load_address>
         <run_address>0xe75a</run_address>
         <size>0x72</size>
         <input_file_ref idref="fl-4a"/>
      </object_component>
      <object_component id="oc-e1">
         <name>.text:USCI0RX_ISR</name>
         <load_address>0xe7cc</load_address>
         <run_address>0xe7cc</run_address>
         <size>0x6a</size>
         <input_file_ref idref="fl-2"/>
      </object_component>
      <object_component id="oc-1aa">
         <name>.text:ConvertRSSI2Number</name>
         <load_address>0xe836</load_address>
         <run_address>0xe836</run_address>
         <size>0x5c</size>
         <input_file_ref idref="fl-3"/>
      </object_component>
      <object_component id="oc-378">
         <name>.text:l_lsr_const</name>
         <load_address>0xe892</load_address>
         <run_address>0xe892</run_address>
         <size>0x5c</size>
         <input_file_ref idref="fl-5c"/>
      </object_component>
      <object_component id="oc-ba">
         <name>.text</name>
         <load_address>0xe8ee</load_address>
         <run_address>0xe8ee</run_address>
         <size>0x4c</size>
         <input_file_ref idref="fl-3c"/>
      </object_component>
      <object_component id="oc-2c6">
         <name>.text</name>
         <load_address>0xe93a</load_address>
         <run_address>0xe93a</run_address>
         <size>0x4a</size>
         <input_file_ref idref="fl-26"/>
      </object_component>
      <object_component id="oc-2bb">
         <name>.text</name>
         <load_address>0xe984</load_address>
         <run_address>0xe984</run_address>
         <size>0x4a</size>
         <input_file_ref idref="fl-29"/>
      </object_component>
      <object_component id="oc-1c9">
         <name>.text:__TI_auto_init_nobinit_nopinit:__TI_auto_init_nobinit_nopinit</name>
         <load_address>0xe9ce</load_address>
         <run_address>0xe9ce</run_address>
         <size>0x42</size>
         <input_file_ref idref="fl-3f"/>
      </object_component>
      <object_component id="oc-2e4">
         <name>.text:l_asr_const</name>
         <load_address>0xea10</load_address>
         <run_address>0xea10</run_address>
         <size>0x3e</size>
         <input_file_ref idref="fl-22"/>
      </object_component>
      <object_component id="oc-373">
         <name>.text:l_lsl_const</name>
         <load_address>0xea4e</load_address>
         <run_address>0xea4e</run_address>
         <size>0x3e</size>
         <input_file_ref idref="fl-3b"/>
      </object_component>
      <object_component id="oc-197">
         <name>.text:Configure_UART</name>
         <load_address>0xea8c</load_address>
         <run_address>0xea8c</run_address>
         <size>0x36</size>
         <input_file_ref idref="fl-3"/>
      </object_component>
      <object_component id="oc-21e">
         <name>.text</name>
         <load_address>0xeac2</load_address>
         <run_address>0xeac2</run_address>
         <size>0x36</size>
         <input_file_ref idref="fl-28"/>
      </object_component>
      <object_component id="oc-1a4">
         <name>.text:EndOfReceiving</name>
         <load_address>0xeaf8</load_address>
         <run_address>0xeaf8</run_address>
         <size>0x32</size>
         <input_file_ref idref="fl-3"/>
      </object_component>
      <object_component id="oc-254">
         <name>.text:__mspabi_subd</name>
         <load_address>0xeb2a</load_address>
         <run_address>0xeb2a</run_address>
         <size>0x2e</size>
         <input_file_ref idref="fl-54"/>
      </object_component>
      <object_component id="oc-2a3">
         <name>.text</name>
         <load_address>0xeb58</load_address>
         <run_address>0xeb58</run_address>
         <size>0x2c</size>
         <input_file_ref idref="fl-21"/>
      </object_component>
      <object_component id="oc-b5">
         <name>.text</name>
         <load_address>0xeb84</load_address>
         <run_address>0xeb84</run_address>
         <size>0x2c</size>
         <input_file_ref idref="fl-3a"/>
      </object_component>
      <object_component id="oc-211">
         <name>.text:Compare2String</name>
         <load_address>0xebb0</load_address>
         <run_address>0xebb0</run_address>
         <size>0x2a</size>
         <input_file_ref idref="fl-3"/>
      </object_component>
      <object_component id="oc-19e">
         <name>.text:UARTSendString</name>
         <load_address>0xebda</load_address>
         <run_address>0xebda</run_address>
         <size>0x28</size>
         <input_file_ref idref="fl-3"/>
      </object_component>
      <object_component id="oc-37f">
         <name>.text</name>
         <load_address>0xec02</load_address>
         <run_address>0xec02</run_address>
         <size>0x26</size>
         <input_file_ref idref="fl-5d"/>
      </object_component>
      <object_component id="oc-18b">
         <name>.text:Configure_Clock</name>
         <load_address>0xec28</load_address>
         <run_address>0xec28</run_address>
         <size>0x22</size>
         <input_file_ref idref="fl-3"/>
      </object_component>
      <object_component id="oc-1b0">
         <name>.text:calculateDistance</name>
         <load_address>0xec4a</load_address>
         <run_address>0xec4a</run_address>
         <size>0x22</size>
         <input_file_ref idref="fl-3"/>
      </object_component>
      <object_component id="oc-f9">
         <name>.text:_c_int00_noargs</name>
         <load_address>0xec6c</load_address>
         <run_address>0xec6c</run_address>
         <size>0x1c</size>
         <input_file_ref idref="fl-3e"/>
      </object_component>
      <object_component id="oc-191">
         <name>.text:Configure_IO</name>
         <load_address>0xec88</load_address>
         <run_address>0xec88</run_address>
         <size>0x16</size>
         <input_file_ref idref="fl-3"/>
      </object_component>
      <object_component id="oc-218">
         <name>.text</name>
         <load_address>0xec9e</load_address>
         <run_address>0xec9e</run_address>
         <size>0x14</size>
         <input_file_ref idref="fl-3d"/>
      </object_component>
      <object_component id="oc-34c">
         <name>.text:copysignf</name>
         <load_address>0xecb2</load_address>
         <run_address>0xecb2</run_address>
         <size>0x12</size>
         <input_file_ref idref="fl-5b"/>
      </object_component>
      <object_component id="oc-3a">
         <name>.text:decompress:none:__TI_decompress_none</name>
         <load_address>0xecc4</load_address>
         <run_address>0xecc4</run_address>
         <size>0x12</size>
         <input_file_ref idref="fl-46"/>
      </object_component>
      <object_component id="oc-364">
         <name>.text:l_lsr</name>
         <load_address>0xecd6</load_address>
         <run_address>0xecd6</run_address>
         <size>0x12</size>
         <input_file_ref idref="fl-5c"/>
      </object_component>
      <object_component id="oc-cf">
         <name>.text:memcpy</name>
         <load_address>0xece8</load_address>
         <run_address>0xece8</run_address>
         <size>0x12</size>
         <input_file_ref idref="fl-5a"/>
      </object_component>
      <object_component id="oc-2a8">
         <name>.text:l_asr</name>
         <load_address>0xecfa</load_address>
         <run_address>0xecfa</run_address>
         <size>0x10</size>
         <input_file_ref idref="fl-22"/>
      </object_component>
      <object_component id="oc-2ad">
         <name>.text:l_lsl</name>
         <load_address>0xed0a</load_address>
         <run_address>0xed0a</run_address>
         <size>0x10</size>
         <input_file_ref idref="fl-3b"/>
      </object_component>
      <object_component id="oc-bf">
         <name>.text</name>
         <load_address>0xed1a</load_address>
         <run_address>0xed1a</run_address>
         <size>0x10</size>
         <input_file_ref idref="fl-24"/>
      </object_component>
      <object_component id="oc-13d">
         <name>.text:UARTReadChar</name>
         <load_address>0xed2a</load_address>
         <run_address>0xed2a</run_address>
         <size>0xc</size>
         <input_file_ref idref="fl-3"/>
      </object_component>
      <object_component id="oc-206">
         <name>.text:UARTSendByte</name>
         <load_address>0xed36</load_address>
         <run_address>0xed36</run_address>
         <size>0xc</size>
         <input_file_ref idref="fl-3"/>
      </object_component>
      <object_component id="oc-248">
         <name>.text:__mspabi_fltid</name>
         <load_address>0xed42</load_address>
         <run_address>0xed42</run_address>
         <size>0xc</size>
         <input_file_ref idref="fl-4d"/>
      </object_component>
      <object_component id="oc-2d4">
         <name>.text</name>
         <load_address>0xed4e</load_address>
         <run_address>0xed4e</run_address>
         <size>0xa</size>
         <input_file_ref idref="fl-2b"/>
      </object_component>
      <object_component id="oc-dc">
         <name>.text:_isr:__TI_ISR_TRAP</name>
         <load_address>0xed58</load_address>
         <run_address>0xed58</run_address>
         <size>0x8</size>
         <input_file_ref idref="fl-39"/>
      </object_component>
      <object_component id="oc-1bd">
         <name>.text:abort</name>
         <load_address>0xed60</load_address>
         <run_address>0xed60</run_address>
         <size>0x6</size>
         <input_file_ref idref="fl-57"/>
      </object_component>
      <object_component id="oc-155">
         <name>.text:_system_pre_init</name>
         <load_address>0xed66</load_address>
         <run_address>0xed66</run_address>
         <size>0x4</size>
         <input_file_ref idref="fl-44"/>
      </object_component>
      <object_component id="oc-273">
         <name>.text:_system_post_cinit</name>
         <load_address>0xed6a</load_address>
         <run_address>0xed6a</run_address>
         <size>0x2</size>
         <input_file_ref idref="fl-45"/>
      </object_component>
      <object_component id="oc-3f3">
         <name>.cinit..data.load</name>
         <load_address>0xee92</load_address>
         <run_address>0xee92</run_address>
         <size>0x14</size>
      </object_component>
      <object_component id="oc-3f1">
         <name>__TI_handler_table</name>
         <load_address>0xeea6</load_address>
         <run_address>0xeea6</run_address>
         <size>0x4</size>
      </object_component>
      <object_component id="oc-3f2">
         <name>__TI_cinit_table</name>
         <load_address>0xeeaa</load_address>
         <run_address>0xeeaa</run_address>
         <size>0x4</size>
      </object_component>
      <object_component id="oc-19d">
         <name>.const:.string</name>
         <load_address>0xed6c</load_address>
         <run_address>0xed6c</run_address>
         <size>0xf4</size>
         <input_file_ref idref="fl-2"/>
      </object_component>
      <object_component id="oc-29c">
         <name>.const:.string</name>
         <load_address>0xee60</load_address>
         <run_address>0xee60</run_address>
         <size>0xe</size>
         <input_file_ref idref="fl-3"/>
      </object_component>
      <object_component id="oc-22f">
         <name>.const</name>
         <load_address>0xee6e</load_address>
         <run_address>0xee6e</run_address>
         <size>0xc</size>
         <input_file_ref idref="fl-3"/>
      </object_component>
      <object_component id="oc-2b8">
         <name>.const:bp</name>
         <load_address>0xee7a</load_address>
         <run_address>0xee7a</run_address>
         <size>0x8</size>
         <input_file_ref idref="fl-1e"/>
      </object_component>
      <object_component id="oc-2c0">
         <name>.const:dp_h</name>
         <load_address>0xee82</load_address>
         <run_address>0xee82</run_address>
         <size>0x8</size>
         <input_file_ref idref="fl-1e"/>
      </object_component>
      <object_component id="oc-2c3">
         <name>.const:dp_l</name>
         <load_address>0xee8a</load_address>
         <run_address>0xee8a</run_address>
         <size>0x8</size>
         <input_file_ref idref="fl-1e"/>
      </object_component>
      <object_component id="oc-3b3">
         <name>.binit</name>
         <load_address>0xc000</load_address>
         <run_address>0xc000</run_address>
         <size>0x0</size>
      </object_component>
      <object_component id="oc-40">
         <name>.int00</name>
         <load_address>0xffe0</load_address>
         <run_address>0xffe0</run_address>
         <size>0x2</size>
         <input_file_ref idref="fl-2d"/>
      </object_component>
      <object_component id="oc-41">
         <name>.int02</name>
         <load_address>0xffe4</load_address>
         <run_address>0xffe4</run_address>
         <size>0x2</size>
         <input_file_ref idref="fl-2e"/>
      </object_component>
      <object_component id="oc-42">
         <name>.int03</name>
         <load_address>0xffe6</load_address>
         <run_address>0xffe6</run_address>
         <size>0x2</size>
         <input_file_ref idref="fl-2f"/>
      </object_component>
      <object_component id="oc-43">
         <name>.int05</name>
         <load_address>0xffea</load_address>
         <run_address>0xffea</run_address>
         <size>0x2</size>
         <input_file_ref idref="fl-30"/>
      </object_component>
      <object_component id="oc-44">
         <name>.int06</name>
         <load_address>0xffec</load_address>
         <run_address>0xffec</run_address>
         <size>0x2</size>
         <input_file_ref idref="fl-31"/>
      </object_component>
      <object_component id="oc-45">
         <name>.int07</name>
         <load_address>0xffee</load_address>
         <run_address>0xffee</run_address>
         <size>0x2</size>
         <input_file_ref idref="fl-2"/>
      </object_component>
      <object_component id="oc-46">
         <name>.int08</name>
         <load_address>0xfff0</load_address>
         <run_address>0xfff0</run_address>
         <size>0x2</size>
         <input_file_ref idref="fl-32"/>
      </object_component>
      <object_component id="oc-47">
         <name>.int09</name>
         <load_address>0xfff2</load_address>
         <run_address>0xfff2</run_address>
         <size>0x2</size>
         <input_file_ref idref="fl-33"/>
      </object_component>
      <object_component id="oc-48">
         <name>.int10</name>
         <load_address>0xfff4</load_address>
         <run_address>0xfff4</run_address>
         <size>0x2</size>
         <input_file_ref idref="fl-34"/>
      </object_component>
      <object_component id="oc-49">
         <name>.int11</name>
         <load_address>0xfff6</load_address>
         <run_address>0xfff6</run_address>
         <size>0x2</size>
         <input_file_ref idref="fl-35"/>
      </object_component>
      <object_component id="oc-4a">
         <name>.int12</name>
         <load_address>0xfff8</load_address>
         <run_address>0xfff8</run_address>
         <size>0x2</size>
         <input_file_ref idref="fl-36"/>
      </object_component>
      <object_component id="oc-4b">
         <name>.int13</name>
         <load_address>0xfffa</load_address>
         <run_address>0xfffa</run_address>
         <size>0x2</size>
         <input_file_ref idref="fl-37"/>
      </object_component>
      <object_component id="oc-4c">
         <name>.int14</name>
         <load_address>0xfffc</load_address>
         <run_address>0xfffc</run_address>
         <size>0x2</size>
         <input_file_ref idref="fl-38"/>
      </object_component>
      <object_component id="oc-b4">
         <name>.reset</name>
         <load_address>0xfffe</load_address>
         <run_address>0xfffe</run_address>
         <size>0x2</size>
         <input_file_ref idref="fl-3e"/>
      </object_component>
      <object_component id="oc-183">
         <name>.debug_info</name>
         <load_address>0x0</load_address>
         <run_address>0x0</run_address>
         <size>0x377</size>
         <input_file_ref idref="fl-2"/>
      </object_component>
      <object_component id="oc-144">
         <name>.debug_info</name>
         <load_address>0x377</load_address>
         <run_address>0x377</run_address>
         <size>0x1ca</size>
         <input_file_ref idref="fl-2"/>
      </object_component>
      <object_component id="oc-14a">
         <name>.debug_info</name>
         <load_address>0x541</load_address>
         <run_address>0x541</run_address>
         <size>0xdb</size>
         <input_file_ref idref="fl-2"/>
      </object_component>
      <object_component id="oc-147">
         <name>.debug_info</name>
         <load_address>0x61c</load_address>
         <run_address>0x61c</run_address>
         <size>0xd7</size>
         <input_file_ref idref="fl-2"/>
      </object_component>
      <object_component id="oc-15c">
         <name>.debug_info</name>
         <load_address>0x6f3</load_address>
         <run_address>0x6f3</run_address>
         <size>0x32c</size>
         <input_file_ref idref="fl-2"/>
      </object_component>
      <object_component id="oc-e2">
         <name>.debug_info</name>
         <load_address>0xa1f</load_address>
         <run_address>0xa1f</run_address>
         <size>0x13e</size>
         <input_file_ref idref="fl-2"/>
      </object_component>
      <object_component id="oc-1fe">
         <name>.debug_info</name>
         <load_address>0xb5d</load_address>
         <run_address>0xb5d</run_address>
         <size>0x26b</size>
         <input_file_ref idref="fl-2"/>
      </object_component>
      <object_component id="oc-ca">
         <name>.debug_info</name>
         <load_address>0xdc8</load_address>
         <run_address>0xdc8</run_address>
         <size>0x84</size>
         <input_file_ref idref="fl-2"/>
      </object_component>
      <object_component id="oc-294">
         <name>.debug_info</name>
         <load_address>0xe4c</load_address>
         <run_address>0xe4c</run_address>
         <size>0x275</size>
         <input_file_ref idref="fl-2"/>
      </object_component>
      <object_component id="oc-20d">
         <name>.debug_info</name>
         <load_address>0x10c1</load_address>
         <run_address>0x10c1</run_address>
         <size>0x3fe</size>
         <input_file_ref idref="fl-3"/>
      </object_component>
      <object_component id="oc-20f">
         <name>.debug_info</name>
         <load_address>0x14bf</load_address>
         <run_address>0x14bf</run_address>
         <size>0x113</size>
         <input_file_ref idref="fl-3"/>
      </object_component>
      <object_component id="oc-230">
         <name>.debug_info</name>
         <load_address>0x15d2</load_address>
         <run_address>0x15d2</run_address>
         <size>0x135</size>
         <input_file_ref idref="fl-3"/>
      </object_component>
      <object_component id="oc-1b7">
         <name>.debug_info</name>
         <load_address>0x1707</load_address>
         <run_address>0x1707</run_address>
         <size>0x6a5</size>
         <input_file_ref idref="fl-3"/>
      </object_component>
      <object_component id="oc-1b1">
         <name>.debug_info</name>
         <load_address>0x1dac</load_address>
         <run_address>0x1dac</run_address>
         <size>0x161</size>
         <input_file_ref idref="fl-3"/>
      </object_component>
      <object_component id="oc-207">
         <name>.debug_info</name>
         <load_address>0x1f0d</load_address>
         <run_address>0x1f0d</run_address>
         <size>0x130</size>
         <input_file_ref idref="fl-3"/>
      </object_component>
      <object_component id="oc-19f">
         <name>.debug_info</name>
         <load_address>0x203d</load_address>
         <run_address>0x203d</run_address>
         <size>0x15a</size>
         <input_file_ref idref="fl-3"/>
      </object_component>
      <object_component id="oc-13e">
         <name>.debug_info</name>
         <load_address>0x2197</load_address>
         <run_address>0x2197</run_address>
         <size>0x112</size>
         <input_file_ref idref="fl-3"/>
      </object_component>
      <object_component id="oc-212">
         <name>.debug_info</name>
         <load_address>0x22a9</load_address>
         <run_address>0x22a9</run_address>
         <size>0x187</size>
         <input_file_ref idref="fl-3"/>
      </object_component>
      <object_component id="oc-1a5">
         <name>.debug_info</name>
         <load_address>0x2430</load_address>
         <run_address>0x2430</run_address>
         <size>0x16a</size>
         <input_file_ref idref="fl-3"/>
      </object_component>
      <object_component id="oc-1ab">
         <name>.debug_info</name>
         <load_address>0x259a</load_address>
         <run_address>0x259a</run_address>
         <size>0x1c6</size>
         <input_file_ref idref="fl-3"/>
      </object_component>
      <object_component id="oc-198">
         <name>.debug_info</name>
         <load_address>0x2760</load_address>
         <run_address>0x2760</run_address>
         <size>0x112</size>
         <input_file_ref idref="fl-3"/>
      </object_component>
      <object_component id="oc-192">
         <name>.debug_info</name>
         <load_address>0x2872</load_address>
         <run_address>0x2872</run_address>
         <size>0x10e</size>
         <input_file_ref idref="fl-3"/>
      </object_component>
      <object_component id="oc-18c">
         <name>.debug_info</name>
         <load_address>0x2980</load_address>
         <run_address>0x2980</run_address>
         <size>0x114</size>
         <input_file_ref idref="fl-3"/>
      </object_component>
      <object_component id="oc-2df">
         <name>.debug_info</name>
         <load_address>0x2a94</load_address>
         <run_address>0x2a94</run_address>
         <size>0x1cb</size>
         <input_file_ref idref="fl-1e"/>
      </object_component>
      <object_component id="oc-2b9">
         <name>.debug_info</name>
         <load_address>0x2c5f</load_address>
         <run_address>0x2c5f</run_address>
         <size>0xee</size>
         <input_file_ref idref="fl-1e"/>
      </object_component>
      <object_component id="oc-2c1">
         <name>.debug_info</name>
         <load_address>0x2d4d</load_address>
         <run_address>0x2d4d</run_address>
         <size>0xf2</size>
         <input_file_ref idref="fl-1e"/>
      </object_component>
      <object_component id="oc-2c4">
         <name>.debug_info</name>
         <load_address>0x2e3f</load_address>
         <run_address>0x2e3f</run_address>
         <size>0xf2</size>
         <input_file_ref idref="fl-1e"/>
      </object_component>
      <object_component id="oc-22c">
         <name>.debug_info</name>
         <load_address>0x2f31</load_address>
         <run_address>0x2f31</run_address>
         <size>0xc9f</size>
         <input_file_ref idref="fl-1e"/>
      </object_component>
      <object_component id="oc-35a">
         <name>.debug_info</name>
         <load_address>0x3bd0</load_address>
         <run_address>0x3bd0</run_address>
         <size>0x39</size>
         <input_file_ref idref="fl-1e"/>
      </object_component>
      <object_component id="oc-2da">
         <name>.debug_info</name>
         <load_address>0x3c09</load_address>
         <run_address>0x3c09</run_address>
         <size>0x39</size>
         <input_file_ref idref="fl-1e"/>
      </object_component>
      <object_component id="oc-341">
         <name>.debug_info</name>
         <load_address>0x3c42</load_address>
         <run_address>0x3c42</run_address>
         <size>0x173</size>
         <input_file_ref idref="fl-1f"/>
      </object_component>
      <object_component id="oc-2b4">
         <name>.debug_info</name>
         <load_address>0x3db5</load_address>
         <run_address>0x3db5</run_address>
         <size>0x202</size>
         <input_file_ref idref="fl-1f"/>
      </object_component>
      <object_component id="oc-353">
         <name>.debug_info</name>
         <load_address>0x3fb7</load_address>
         <run_address>0x3fb7</run_address>
         <size>0x1a8</size>
         <input_file_ref idref="fl-20"/>
      </object_component>
      <object_component id="oc-2d0">
         <name>.debug_info</name>
         <load_address>0x415f</load_address>
         <run_address>0x415f</run_address>
         <size>0x243</size>
         <input_file_ref idref="fl-20"/>
      </object_component>
      <object_component id="oc-39d">
         <name>.debug_info</name>
         <load_address>0x43a2</load_address>
         <run_address>0x43a2</run_address>
         <size>0x2c</size>
         <input_file_ref idref="fl-20"/>
      </object_component>
      <object_component id="oc-354">
         <name>.debug_info</name>
         <load_address>0x43ce</load_address>
         <run_address>0x43ce</run_address>
         <size>0x2c</size>
         <input_file_ref idref="fl-20"/>
      </object_component>
      <object_component id="oc-2a5">
         <name>.debug_info</name>
         <load_address>0x43fa</load_address>
         <run_address>0x43fa</run_address>
         <size>0x118</size>
         <input_file_ref idref="fl-21"/>
      </object_component>
      <object_component id="oc-2a9">
         <name>.debug_info</name>
         <load_address>0x4512</load_address>
         <run_address>0x4512</run_address>
         <size>0x118</size>
         <input_file_ref idref="fl-22"/>
      </object_component>
      <object_component id="oc-2e5">
         <name>.debug_info</name>
         <load_address>0x462a</load_address>
         <run_address>0x462a</run_address>
         <size>0x11e</size>
         <input_file_ref idref="fl-22"/>
      </object_component>
      <object_component id="oc-c0">
         <name>.debug_info</name>
         <load_address>0x4748</load_address>
         <run_address>0x4748</run_address>
         <size>0x126</size>
         <input_file_ref idref="fl-24"/>
      </object_component>
      <object_component id="oc-239">
         <name>.debug_info</name>
         <load_address>0x486e</load_address>
         <run_address>0x486e</run_address>
         <size>0x119</size>
         <input_file_ref idref="fl-25"/>
      </object_component>
      <object_component id="oc-2c8">
         <name>.debug_info</name>
         <load_address>0x4987</load_address>
         <run_address>0x4987</run_address>
         <size>0x125</size>
         <input_file_ref idref="fl-26"/>
      </object_component>
      <object_component id="oc-224">
         <name>.debug_info</name>
         <load_address>0x4aac</load_address>
         <run_address>0x4aac</run_address>
         <size>0x119</size>
         <input_file_ref idref="fl-27"/>
      </object_component>
      <object_component id="oc-221">
         <name>.debug_info</name>
         <load_address>0x4bc5</load_address>
         <run_address>0x4bc5</run_address>
         <size>0x122</size>
         <input_file_ref idref="fl-28"/>
      </object_component>
      <object_component id="oc-2bc">
         <name>.debug_info</name>
         <load_address>0x4ce7</load_address>
         <run_address>0x4ce7</run_address>
         <size>0x124</size>
         <input_file_ref idref="fl-29"/>
      </object_component>
      <object_component id="oc-233">
         <name>.debug_info</name>
         <load_address>0x4e0b</load_address>
         <run_address>0x4e0b</run_address>
         <size>0x119</size>
         <input_file_ref idref="fl-2a"/>
      </object_component>
      <object_component id="oc-2d6">
         <name>.debug_info</name>
         <load_address>0x4f24</load_address>
         <run_address>0x4f24</run_address>
         <size>0x119</size>
         <input_file_ref idref="fl-2b"/>
      </object_component>
      <object_component id="oc-df">
         <name>.debug_info</name>
         <load_address>0x503d</load_address>
         <run_address>0x503d</run_address>
         <size>0x107</size>
         <input_file_ref idref="fl-39"/>
      </object_component>
      <object_component id="oc-b6">
         <name>.debug_info</name>
         <load_address>0x5144</load_address>
         <run_address>0x5144</run_address>
         <size>0x118</size>
         <input_file_ref idref="fl-3a"/>
      </object_component>
      <object_component id="oc-2ae">
         <name>.debug_info</name>
         <load_address>0x525c</load_address>
         <run_address>0x525c</run_address>
         <size>0x118</size>
         <input_file_ref idref="fl-3b"/>
      </object_component>
      <object_component id="oc-375">
         <name>.debug_info</name>
         <load_address>0x5374</load_address>
         <run_address>0x5374</run_address>
         <size>0x11e</size>
         <input_file_ref idref="fl-3b"/>
      </object_component>
      <object_component id="oc-bd">
         <name>.debug_info</name>
         <load_address>0x5492</load_address>
         <run_address>0x5492</run_address>
         <size>0x118</size>
         <input_file_ref idref="fl-3c"/>
      </object_component>
      <object_component id="oc-21b">
         <name>.debug_info</name>
         <load_address>0x55aa</load_address>
         <run_address>0x55aa</run_address>
         <size>0x119</size>
         <input_file_ref idref="fl-3d"/>
      </object_component>
      <object_component id="oc-b2">
         <name>.debug_info</name>
         <load_address>0x56c3</load_address>
         <run_address>0x56c3</run_address>
         <size>0xf5</size>
         <input_file_ref idref="fl-3e"/>
      </object_component>
      <object_component id="oc-fa">
         <name>.debug_info</name>
         <load_address>0x57b8</load_address>
         <run_address>0x57b8</run_address>
         <size>0x16f</size>
         <input_file_ref idref="fl-3e"/>
      </object_component>
      <object_component id="oc-27a">
         <name>.debug_info</name>
         <load_address>0x5927</load_address>
         <run_address>0x5927</run_address>
         <size>0x472</size>
         <input_file_ref idref="fl-3f"/>
      </object_component>
      <object_component id="oc-1ca">
         <name>.debug_info</name>
         <load_address>0x5d99</load_address>
         <run_address>0x5d99</run_address>
         <size>0x1d5</size>
         <input_file_ref idref="fl-3f"/>
      </object_component>
      <object_component id="oc-32c">
         <name>.debug_info</name>
         <load_address>0x5f6e</load_address>
         <run_address>0x5f6e</run_address>
         <size>0x39</size>
         <input_file_ref idref="fl-3f"/>
      </object_component>
      <object_component id="oc-338">
         <name>.debug_info</name>
         <load_address>0x5fa7</load_address>
         <run_address>0x5fa7</run_address>
         <size>0x2c</size>
         <input_file_ref idref="fl-3f"/>
      </object_component>
      <object_component id="oc-285">
         <name>.debug_info</name>
         <load_address>0x5fd3</load_address>
         <run_address>0x5fd3</run_address>
         <size>0x2c</size>
         <input_file_ref idref="fl-3f"/>
      </object_component>
      <object_component id="oc-331">
         <name>.debug_info</name>
         <load_address>0x5fff</load_address>
         <run_address>0x5fff</run_address>
         <size>0xcd</size>
         <input_file_ref idref="fl-3f"/>
      </object_component>
      <object_component id="oc-130">
         <name>.debug_info</name>
         <load_address>0x60cc</load_address>
         <run_address>0x60cc</run_address>
         <size>0x2c</size>
         <input_file_ref idref="fl-40"/>
      </object_component>
      <object_component id="oc-156">
         <name>.debug_info</name>
         <load_address>0x60f8</load_address>
         <run_address>0x60f8</run_address>
         <size>0x148</size>
         <input_file_ref idref="fl-44"/>
      </object_component>
      <object_component id="oc-275">
         <name>.debug_info</name>
         <load_address>0x6240</load_address>
         <run_address>0x6240</run_address>
         <size>0x145</size>
         <input_file_ref idref="fl-45"/>
      </object_component>
      <object_component id="oc-db">
         <name>.debug_info</name>
         <load_address>0x6385</load_address>
         <run_address>0x6385</run_address>
         <size>0x175</size>
         <input_file_ref idref="fl-46"/>
      </object_component>
      <object_component id="oc-3c">
         <name>.debug_info</name>
         <load_address>0x64fa</load_address>
         <run_address>0x64fa</run_address>
         <size>0x1df</size>
         <input_file_ref idref="fl-46"/>
      </object_component>
      <object_component id="oc-d6">
         <name>.debug_info</name>
         <load_address>0x66d9</load_address>
         <run_address>0x66d9</run_address>
         <size>0x46</size>
         <input_file_ref idref="fl-46"/>
      </object_component>
      <object_component id="oc-135">
         <name>.debug_info</name>
         <load_address>0x671f</load_address>
         <run_address>0x671f</run_address>
         <size>0x2c</size>
         <input_file_ref idref="fl-46"/>
      </object_component>
      <object_component id="oc-12d">
         <name>.debug_info</name>
         <load_address>0x674b</load_address>
         <run_address>0x674b</run_address>
         <size>0x16b</size>
         <input_file_ref idref="fl-47"/>
      </object_component>
      <object_component id="oc-36">
         <name>.debug_info</name>
         <load_address>0x68b6</load_address>
         <run_address>0x68b6</run_address>
         <size>0x287</size>
         <input_file_ref idref="fl-47"/>
      </object_component>
      <object_component id="oc-c5">
         <name>.debug_info</name>
         <load_address>0x6b3d</load_address>
         <run_address>0x6b3d</run_address>
         <size>0x60</size>
         <input_file_ref idref="fl-47"/>
      </object_component>
      <object_component id="oc-177">
         <name>.debug_info</name>
         <load_address>0x6b9d</load_address>
         <run_address>0x6b9d</run_address>
         <size>0x46</size>
         <input_file_ref idref="fl-47"/>
      </object_component>
      <object_component id="oc-128">
         <name>.debug_info</name>
         <load_address>0x6be3</load_address>
         <run_address>0x6be3</run_address>
         <size>0x39</size>
         <input_file_ref idref="fl-47"/>
      </object_component>
      <object_component id="oc-2fc">
         <name>.debug_info</name>
         <load_address>0x6c1c</load_address>
         <run_address>0x6c1c</run_address>
         <size>0x19c</size>
         <input_file_ref idref="fl-48"/>
      </object_component>
      <object_component id="oc-243">
         <name>.debug_info</name>
         <load_address>0x6db8</load_address>
         <run_address>0x6db8</run_address>
         <size>0x24c</size>
         <input_file_ref idref="fl-48"/>
      </object_component>
      <object_component id="oc-2f7">
         <name>.debug_info</name>
         <load_address>0x7004</load_address>
         <run_address>0x7004</run_address>
         <size>0x94</size>
         <input_file_ref idref="fl-48"/>
      </object_component>
      <object_component id="oc-2ea">
         <name>.debug_info</name>
         <load_address>0x7098</load_address>
         <run_address>0x7098</run_address>
         <size>0x15a</size>
         <input_file_ref idref="fl-4a"/>
      </object_component>
      <object_component id="oc-23d">
         <name>.debug_info</name>
         <load_address>0x71f2</load_address>
         <run_address>0x71f2</run_address>
         <size>0x1c9</size>
         <input_file_ref idref="fl-4a"/>
      </object_component>
      <object_component id="oc-2eb">
         <name>.debug_info</name>
         <load_address>0x73bb</load_address>
         <run_address>0x73bb</run_address>
         <size>0xdb</size>
         <input_file_ref idref="fl-4a"/>
      </object_component>
      <object_component id="oc-314">
         <name>.debug_info</name>
         <load_address>0x7496</load_address>
         <run_address>0x7496</run_address>
         <size>0x197</size>
         <input_file_ref idref="fl-4b"/>
      </object_component>
      <object_component id="oc-25b">
         <name>.debug_info</name>
         <load_address>0x762d</load_address>
         <run_address>0x762d</run_address>
         <size>0x27f</size>
         <input_file_ref idref="fl-4b"/>
      </object_component>
      <object_component id="oc-249">
         <name>.debug_info</name>
         <load_address>0x78ac</load_address>
         <run_address>0x78ac</run_address>
         <size>0x15b</size>
         <input_file_ref idref="fl-4d"/>
      </object_component>
      <object_component id="oc-37e">
         <name>.debug_info</name>
         <load_address>0x7a07</load_address>
         <run_address>0x7a07</run_address>
         <size>0x160</size>
         <input_file_ref idref="fl-4e"/>
      </object_component>
      <object_component id="oc-2fe">
         <name>.debug_info</name>
         <load_address>0x7b67</load_address>
         <run_address>0x7b67</run_address>
         <size>0x210</size>
         <input_file_ref idref="fl-4e"/>
      </object_component>
      <object_component id="oc-370">
         <name>.debug_info</name>
         <load_address>0x7d77</load_address>
         <run_address>0x7d77</run_address>
         <size>0x195</size>
         <input_file_ref idref="fl-4f"/>
      </object_component>
      <object_component id="oc-2f1">
         <name>.debug_info</name>
         <load_address>0x7f0c</load_address>
         <run_address>0x7f0c</run_address>
         <size>0x31e</size>
         <input_file_ref idref="fl-4f"/>
      </object_component>
      <object_component id="oc-389">
         <name>.debug_info</name>
         <load_address>0x822a</load_address>
         <run_address>0x822a</run_address>
         <size>0x167</size>
         <input_file_ref idref="fl-50"/>
      </object_component>
      <object_component id="oc-310">
         <name>.debug_info</name>
         <load_address>0x8391</load_address>
         <run_address>0x8391</run_address>
         <size>0x5c4</size>
         <input_file_ref idref="fl-50"/>
      </object_component>
      <object_component id="oc-30b">
         <name>.debug_info</name>
         <load_address>0x8955</load_address>
         <run_address>0x8955</run_address>
         <size>0x197</size>
         <input_file_ref idref="fl-51"/>
      </object_component>
      <object_component id="oc-24f">
         <name>.debug_info</name>
         <load_address>0x8aec</load_address>
         <run_address>0x8aec</run_address>
         <size>0x2d5</size>
         <input_file_ref idref="fl-51"/>
      </object_component>
      <object_component id="oc-3a4">
         <name>.debug_info</name>
         <load_address>0x8dc1</load_address>
         <run_address>0x8dc1</run_address>
         <size>0x167</size>
         <input_file_ref idref="fl-53"/>
      </object_component>
      <object_component id="oc-36b">
         <name>.debug_info</name>
         <load_address>0x8f28</load_address>
         <run_address>0x8f28</run_address>
         <size>0x1ee</size>
         <input_file_ref idref="fl-53"/>
      </object_component>
      <object_component id="oc-256">
         <name>.debug_info</name>
         <load_address>0x9116</load_address>
         <run_address>0x9116</run_address>
         <size>0x182</size>
         <input_file_ref idref="fl-54"/>
      </object_component>
      <object_component id="oc-2cc">
         <name>.debug_info</name>
         <load_address>0x9298</load_address>
         <run_address>0x9298</run_address>
         <size>0xf3</size>
         <input_file_ref idref="fl-56"/>
      </object_component>
      <object_component id="oc-1be">
         <name>.debug_info</name>
         <load_address>0x938b</load_address>
         <run_address>0x938b</run_address>
         <size>0x117</size>
         <input_file_ref idref="fl-57"/>
      </object_component>
      <object_component id="oc-12f">
         <name>.debug_info</name>
         <load_address>0x94a2</load_address>
         <run_address>0x94a2</run_address>
         <size>0x176</size>
         <input_file_ref idref="fl-5a"/>
      </object_component>
      <object_component id="oc-d0">
         <name>.debug_info</name>
         <load_address>0x9618</load_address>
         <run_address>0x9618</run_address>
         <size>0x16f</size>
         <input_file_ref idref="fl-5a"/>
      </object_component>
      <object_component id="oc-34e">
         <name>.debug_info</name>
         <load_address>0x9787</load_address>
         <run_address>0x9787</run_address>
         <size>0x159</size>
         <input_file_ref idref="fl-5b"/>
      </object_component>
      <object_component id="oc-367">
         <name>.debug_info</name>
         <load_address>0x98e0</load_address>
         <run_address>0x98e0</run_address>
         <size>0x118</size>
         <input_file_ref idref="fl-5c"/>
      </object_component>
      <object_component id="oc-37b">
         <name>.debug_info</name>
         <load_address>0x99f8</load_address>
         <run_address>0x99f8</run_address>
         <size>0x11e</size>
         <input_file_ref idref="fl-5c"/>
      </object_component>
      <object_component id="oc-381">
         <name>.debug_info</name>
         <load_address>0x9b16</load_address>
         <run_address>0x9b16</run_address>
         <size>0x119</size>
         <input_file_ref idref="fl-5d"/>
      </object_component>
      <object_component id="oc-385">
         <name>.debug_info</name>
         <load_address>0x9c2f</load_address>
         <run_address>0x9c2f</run_address>
         <size>0x167</size>
         <input_file_ref idref="fl-5f"/>
      </object_component>
      <object_component id="oc-306">
         <name>.debug_info</name>
         <load_address>0x9d96</load_address>
         <run_address>0x9d96</run_address>
         <size>0x3a0</size>
         <input_file_ref idref="fl-5f"/>
      </object_component>
      <object_component id="oc-3f5">
         <name>.debug_info</name>
         <load_address>0xa136</load_address>
         <run_address>0xa136</run_address>
         <size>0xb1</size>
      </object_component>
      <object_component id="oc-1fd">
         <name>.debug_line</name>
         <load_address>0x0</load_address>
         <run_address>0x0</run_address>
         <size>0x61</size>
         <input_file_ref idref="fl-2"/>
      </object_component>
      <object_component id="oc-182">
         <name>.debug_line</name>
         <load_address>0x61</load_address>
         <run_address>0x61</run_address>
         <size>0x2d</size>
         <input_file_ref idref="fl-2"/>
      </object_component>
      <object_component id="oc-187">
         <name>.debug_line</name>
         <load_address>0x8e</load_address>
         <run_address>0x8e</run_address>
         <size>0x2d</size>
         <input_file_ref idref="fl-2"/>
      </object_component>
      <object_component id="oc-185">
         <name>.debug_line</name>
         <load_address>0xbb</load_address>
         <run_address>0xbb</run_address>
         <size>0x2d</size>
         <input_file_ref idref="fl-2"/>
      </object_component>
      <object_component id="oc-15f">
         <name>.debug_line</name>
         <load_address>0xe8</load_address>
         <run_address>0xe8</run_address>
         <size>0x78</size>
         <input_file_ref idref="fl-2"/>
      </object_component>
      <object_component id="oc-e5">
         <name>.debug_line</name>
         <load_address>0x160</load_address>
         <run_address>0x160</run_address>
         <size>0x59</size>
         <input_file_ref idref="fl-2"/>
      </object_component>
      <object_component id="oc-201">
         <name>.debug_line</name>
         <load_address>0x1b9</load_address>
         <run_address>0x1b9</run_address>
         <size>0x6c</size>
         <input_file_ref idref="fl-2"/>
      </object_component>
      <object_component id="oc-cd">
         <name>.debug_line</name>
         <load_address>0x225</load_address>
         <run_address>0x225</run_address>
         <size>0x20</size>
         <input_file_ref idref="fl-2"/>
      </object_component>
      <object_component id="oc-297">
         <name>.debug_line</name>
         <load_address>0x245</load_address>
         <run_address>0x245</run_address>
         <size>0x70</size>
         <input_file_ref idref="fl-2"/>
      </object_component>
      <object_component id="oc-29b">
         <name>.debug_line</name>
         <load_address>0x2b5</load_address>
         <run_address>0x2b5</run_address>
         <size>0x9b</size>
         <input_file_ref idref="fl-3"/>
      </object_component>
      <object_component id="oc-29e">
         <name>.debug_line</name>
         <load_address>0x350</load_address>
         <run_address>0x350</run_address>
         <size>0x2c</size>
         <input_file_ref idref="fl-3"/>
      </object_component>
      <object_component id="oc-2e1">
         <name>.debug_line</name>
         <load_address>0x37c</load_address>
         <run_address>0x37c</run_address>
         <size>0x2c</size>
         <input_file_ref idref="fl-3"/>
      </object_component>
      <object_component id="oc-1ba">
         <name>.debug_line</name>
         <load_address>0x3a8</load_address>
         <run_address>0x3a8</run_address>
         <size>0x4c</size>
         <input_file_ref idref="fl-3"/>
      </object_component>
      <object_component id="oc-1b4">
         <name>.debug_line</name>
         <load_address>0x3f4</load_address>
         <run_address>0x3f4</run_address>
         <size>0x42</size>
         <input_file_ref idref="fl-3"/>
      </object_component>
      <object_component id="oc-20a">
         <name>.debug_line</name>
         <load_address>0x436</load_address>
         <run_address>0x436</run_address>
         <size>0x45</size>
         <input_file_ref idref="fl-3"/>
      </object_component>
      <object_component id="oc-1a2">
         <name>.debug_line</name>
         <load_address>0x47b</load_address>
         <run_address>0x47b</run_address>
         <size>0x4d</size>
         <input_file_ref idref="fl-3"/>
      </object_component>
      <object_component id="oc-141">
         <name>.debug_line</name>
         <load_address>0x4c8</load_address>
         <run_address>0x4c8</run_address>
         <size>0x45</size>
         <input_file_ref idref="fl-3"/>
      </object_component>
      <object_component id="oc-215">
         <name>.debug_line</name>
         <load_address>0x50d</load_address>
         <run_address>0x50d</run_address>
         <size>0x4f</size>
         <input_file_ref idref="fl-3"/>
      </object_component>
      <object_component id="oc-1a8">
         <name>.debug_line</name>
         <load_address>0x55c</load_address>
         <run_address>0x55c</run_address>
         <size>0x49</size>
         <input_file_ref idref="fl-3"/>
      </object_component>
      <object_component id="oc-1ae">
         <name>.debug_line</name>
         <load_address>0x5a5</load_address>
         <run_address>0x5a5</run_address>
         <size>0x44</size>
         <input_file_ref idref="fl-3"/>
      </object_component>
      <object_component id="oc-19b">
         <name>.debug_line</name>
         <load_address>0x5e9</load_address>
         <run_address>0x5e9</run_address>
         <size>0x49</size>
         <input_file_ref idref="fl-3"/>
      </object_component>
      <object_component id="oc-195">
         <name>.debug_line</name>
         <load_address>0x632</load_address>
         <run_address>0x632</run_address>
         <size>0x42</size>
         <input_file_ref idref="fl-3"/>
      </object_component>
      <object_component id="oc-18f">
         <name>.debug_line</name>
         <load_address>0x674</load_address>
         <run_address>0x674</run_address>
         <size>0x46</size>
         <input_file_ref idref="fl-3"/>
      </object_component>
      <object_component id="oc-360">
         <name>.debug_line</name>
         <load_address>0x6ba</load_address>
         <run_address>0x6ba</run_address>
         <size>0x93</size>
         <input_file_ref idref="fl-1e"/>
      </object_component>
      <object_component id="oc-343">
         <name>.debug_line</name>
         <load_address>0x74d</load_address>
         <run_address>0x74d</run_address>
         <size>0x2c</size>
         <input_file_ref idref="fl-1e"/>
      </object_component>
      <object_component id="oc-346">
         <name>.debug_line</name>
         <load_address>0x779</load_address>
         <run_address>0x779</run_address>
         <size>0x2c</size>
         <input_file_ref idref="fl-1e"/>
      </object_component>
      <object_component id="oc-348">
         <name>.debug_line</name>
         <load_address>0x7a5</load_address>
         <run_address>0x7a5</run_address>
         <size>0x2c</size>
         <input_file_ref idref="fl-1e"/>
      </object_component>
      <object_component id="oc-229">
         <name>.debug_line</name>
         <load_address>0x7d1</load_address>
         <run_address>0x7d1</run_address>
         <size>0x1af</size>
         <input_file_ref idref="fl-1e"/>
      </object_component>
      <object_component id="oc-35d">
         <name>.debug_line</name>
         <load_address>0x980</load_address>
         <run_address>0x980</run_address>
         <size>0x92</size>
         <input_file_ref idref="fl-1e"/>
      </object_component>
      <object_component id="oc-2dd">
         <name>.debug_line</name>
         <load_address>0xa12</load_address>
         <run_address>0xa12</run_address>
         <size>0x8f</size>
         <input_file_ref idref="fl-1e"/>
      </object_component>
      <object_component id="oc-399">
         <name>.debug_line</name>
         <load_address>0xaa1</load_address>
         <run_address>0xaa1</run_address>
         <size>0x89</size>
         <input_file_ref idref="fl-1f"/>
      </object_component>
      <object_component id="oc-2b6">
         <name>.debug_line</name>
         <load_address>0xb2a</load_address>
         <run_address>0xb2a</run_address>
         <size>0xa6</size>
         <input_file_ref idref="fl-1f"/>
      </object_component>
      <object_component id="oc-39c">
         <name>.debug_line</name>
         <load_address>0xbd0</load_address>
         <run_address>0xbd0</run_address>
         <size>0x93</size>
         <input_file_ref idref="fl-20"/>
      </object_component>
      <object_component id="oc-2d2">
         <name>.debug_line</name>
         <load_address>0xc63</load_address>
         <run_address>0xc63</run_address>
         <size>0x6d</size>
         <input_file_ref idref="fl-20"/>
      </object_component>
      <object_component id="oc-3a0">
         <name>.debug_line</name>
         <load_address>0xcd0</load_address>
         <run_address>0xcd0</run_address>
         <size>0x92</size>
         <input_file_ref idref="fl-20"/>
      </object_component>
      <object_component id="oc-357">
         <name>.debug_line</name>
         <load_address>0xd62</load_address>
         <run_address>0xd62</run_address>
         <size>0x8f</size>
         <input_file_ref idref="fl-20"/>
      </object_component>
      <object_component id="oc-2a7">
         <name>.debug_line</name>
         <load_address>0xdf1</load_address>
         <run_address>0xdf1</run_address>
         <size>0x4e</size>
         <input_file_ref idref="fl-21"/>
      </object_component>
      <object_component id="oc-2ac">
         <name>.debug_line</name>
         <load_address>0xe3f</load_address>
         <run_address>0xe3f</run_address>
         <size>0x3e</size>
         <input_file_ref idref="fl-22"/>
      </object_component>
      <object_component id="oc-2e8">
         <name>.debug_line</name>
         <load_address>0xe7d</load_address>
         <run_address>0xe7d</run_address>
         <size>0x56</size>
         <input_file_ref idref="fl-22"/>
      </object_component>
      <object_component id="oc-c3">
         <name>.debug_line</name>
         <load_address>0xed3</load_address>
         <run_address>0xed3</run_address>
         <size>0x40</size>
         <input_file_ref idref="fl-24"/>
      </object_component>
      <object_component id="oc-238">
         <name>.debug_line</name>
         <load_address>0xf13</load_address>
         <run_address>0xf13</run_address>
         <size>0xbb</size>
         <input_file_ref idref="fl-25"/>
      </object_component>
      <object_component id="oc-2ca">
         <name>.debug_line</name>
         <load_address>0xfce</load_address>
         <run_address>0xfce</run_address>
         <size>0x5e</size>
         <input_file_ref idref="fl-26"/>
      </object_component>
      <object_component id="oc-227">
         <name>.debug_line</name>
         <load_address>0x102c</load_address>
         <run_address>0x102c</run_address>
         <size>0x83</size>
         <input_file_ref idref="fl-27"/>
      </object_component>
      <object_component id="oc-21f">
         <name>.debug_line</name>
         <load_address>0x10af</load_address>
         <run_address>0x10af</run_address>
         <size>0x55</size>
         <input_file_ref idref="fl-28"/>
      </object_component>
      <object_component id="oc-2bf">
         <name>.debug_line</name>
         <load_address>0x1104</load_address>
         <run_address>0x1104</run_address>
         <size>0x5e</size>
         <input_file_ref idref="fl-29"/>
      </object_component>
      <object_component id="oc-236">
         <name>.debug_line</name>
         <load_address>0x1162</load_address>
         <run_address>0x1162</run_address>
         <size>0x94</size>
         <input_file_ref idref="fl-2a"/>
      </object_component>
      <object_component id="oc-2d8">
         <name>.debug_line</name>
         <load_address>0x11f6</load_address>
         <run_address>0x11f6</run_address>
         <size>0x3f</size>
         <input_file_ref idref="fl-2b"/>
      </object_component>
      <object_component id="oc-dd">
         <name>.debug_line</name>
         <load_address>0x1235</load_address>
         <run_address>0x1235</run_address>
         <size>0x3d</size>
         <input_file_ref idref="fl-39"/>
      </object_component>
      <object_component id="oc-b9">
         <name>.debug_line</name>
         <load_address>0x1272</load_address>
         <run_address>0x1272</run_address>
         <size>0x4e</size>
         <input_file_ref idref="fl-3a"/>
      </object_component>
      <object_component id="oc-2b1">
         <name>.debug_line</name>
         <load_address>0x12c0</load_address>
         <run_address>0x12c0</run_address>
         <size>0x3e</size>
         <input_file_ref idref="fl-3b"/>
      </object_component>
      <object_component id="oc-374">
         <name>.debug_line</name>
         <load_address>0x12fe</load_address>
         <run_address>0x12fe</run_address>
         <size>0x56</size>
         <input_file_ref idref="fl-3b"/>
      </object_component>
      <object_component id="oc-bb">
         <name>.debug_line</name>
         <load_address>0x1354</load_address>
         <run_address>0x1354</run_address>
         <size>0x5e</size>
         <input_file_ref idref="fl-3c"/>
      </object_component>
      <object_component id="oc-219">
         <name>.debug_line</name>
         <load_address>0x13b2</load_address>
         <run_address>0x13b2</run_address>
         <size>0x42</size>
         <input_file_ref idref="fl-3d"/>
      </object_component>
      <object_component id="oc-124">
         <name>.debug_line</name>
         <load_address>0x13f4</load_address>
         <run_address>0x13f4</run_address>
         <size>0x2a</size>
         <input_file_ref idref="fl-3e"/>
      </object_component>
      <object_component id="oc-fe">
         <name>.debug_line</name>
         <load_address>0x141e</load_address>
         <run_address>0x141e</run_address>
         <size>0x46</size>
         <input_file_ref idref="fl-3e"/>
      </object_component>
      <object_component id="oc-32b">
         <name>.debug_line</name>
         <load_address>0x1464</load_address>
         <run_address>0x1464</run_address>
         <size>0xb7</size>
         <input_file_ref idref="fl-3f"/>
      </object_component>
      <object_component id="oc-1ce">
         <name>.debug_line</name>
         <load_address>0x151b</load_address>
         <run_address>0x151b</run_address>
         <size>0x76</size>
         <input_file_ref idref="fl-3f"/>
      </object_component>
      <object_component id="oc-32f">
         <name>.debug_line</name>
         <load_address>0x1591</load_address>
         <run_address>0x1591</run_address>
         <size>0x2e</size>
         <input_file_ref idref="fl-3f"/>
      </object_component>
      <object_component id="oc-33b">
         <name>.debug_line</name>
         <load_address>0x15bf</load_address>
         <run_address>0x15bf</run_address>
         <size>0x92</size>
         <input_file_ref idref="fl-3f"/>
      </object_component>
      <object_component id="oc-288">
         <name>.debug_line</name>
         <load_address>0x1651</load_address>
         <run_address>0x1651</run_address>
         <size>0x8f</size>
         <input_file_ref idref="fl-3f"/>
      </object_component>
      <object_component id="oc-334">
         <name>.debug_line</name>
         <load_address>0x16e0</load_address>
         <run_address>0x16e0</run_address>
         <size>0x8b</size>
         <input_file_ref idref="fl-3f"/>
      </object_component>
      <object_component id="oc-133">
         <name>.debug_line</name>
[...]
      </symbol>
      <symbol id="sm-25f">
         <name>__mspabi_sral_4</name>
         <value>0xea3c</value>
         <object_component_ref idref="oc-2e4"/>
      </symbol>
      <symbol id="sm-260">
         <name>__mspabi_sral_5</name>
         <value>0xea38</value>
         <object_component_ref idref="oc-2e4"/>
      </symbol>
      <symbol id="sm-261">
         <name>__mspabi_sral_2</name>
         <value>0xea44</value>
         <object_component_ref idref="oc-2e4"/>
      </symbol>
      <symbol id="sm-262">
         <name>__mspabi_sral_3</name>
         <value>0xea40</value>
         <object_component_ref idref="oc-2e4"/>
      </symbol>
      <symbol id="sm-263">
         <name>__mspabi_sral_1</name>
         <value>0xea48</value>
         <object_component_ref idref="oc-2e4"/>
      </symbol>
      <symbol id="sm-26d">
         <name>__mspabi_func_epilog_2</name>
         <value>0xed24</value>
         <object_component_ref idref="oc-bf"/>
      </symbol>
      <symbol id="sm-26e">
         <name>__mspabi_func_epilog_3</name>
         <value>0xed22</value>
         <object_component_ref idref="oc-bf"/>
      </symbol>
      <symbol id="sm-26f">
         <name>__mspabi_func_epilog_1</name>
         <value>0xed26</value>
         <object_component_ref idref="oc-bf"/>
      </symbol>
      <symbol id="sm-270">
         <name>__mspabi_func_epilog_6</name>
         <value>0xed1c</value>
         <object_component_ref idref="oc-bf"/>
      </symbol>
      <symbol id="sm-271">
         <name>__mspabi_func_epilog_7</name>
         <value>0xed1a</value>
         <object_component_ref idref="oc-bf"/>
      </symbol>
      <symbol id="sm-272">
         <name>__mspabi_func_epilog_4</name>
         <value>0xed20</value>
         <object_component_ref idref="oc-bf"/>
      </symbol>
      <symbol id="sm-273">
         <name>__mspabi_func_epilog_5</name>
         <value>0xed1e</value>
         <object_component_ref idref="oc-bf"/>
      </symbol>
      <symbol id="sm-28e">
         <name>__mspabi_subf</name>
         <value>0xe1ce</value>
         <object_component_ref idref="oc-237"/>
      </symbol>
      <symbol id="sm-28f">
         <name>__mspabi_addf</name>
         <value>0xe1d4</value>
         <object_component_ref idref="oc-237"/>
      </symbol>
      <symbol id="sm-29f">
         <name>__mspabi_cmpf</name>
         <value>0xe93a</value>
         <object_component_ref idref="oc-2c6"/>
      </symbol>
      <symbol id="sm-2b1">
         <name>__mspabi_divf</name>
         <value>0xe642</value>
         <object_component_ref idref="oc-223"/>
      </symbol>
      <symbol id="sm-2be">
         <name>__mspabi_fltif</name>
         <value>0xeac2</value>
         <object_component_ref idref="oc-21e"/>
      </symbol>
      <symbol id="sm-2cd">
         <name>__mspabi_fltlif</name>
         <value>0xe984</value>
         <object_component_ref idref="oc-2bb"/>
      </symbol>
      <symbol id="sm-2e4">
         <name>__mspabi_mpyf</name>
         <value>0xe414</value>
         <object_component_ref idref="oc-232"/>
      </symbol>
      <symbol id="sm-2ed">
         <name>__mspabi_negf</name>
         <value>0xed4e</value>
         <object_component_ref idref="oc-2d4"/>
      </symbol>
      <symbol id="sm-2f1">
         <name>__TI_int00</name>
         <value>0xffe0</value>
         <object_component_ref idref="oc-40"/>
      </symbol>
      <symbol id="sm-2f4">
         <name>__TI_int02</name>
         <value>0xffe4</value>
         <object_component_ref idref="oc-41"/>
      </symbol>
      <symbol id="sm-2f7">
         <name>__TI_int03</name>
         <value>0xffe6</value>
         <object_component_ref idref="oc-42"/>
      </symbol>
      <symbol id="sm-2fa">
         <name>__TI_int05</name>
         <value>0xffea</value>
         <object_component_ref idref="oc-43"/>
      </symbol>
      <symbol id="sm-2fd">
         <name>__TI_int06</name>
         <value>0xffec</value>
         <object_component_ref idref="oc-44"/>
      </symbol>
      <symbol id="sm-300">
         <name>__TI_int08</name>
         <value>0xfff0</value>
         <object_component_ref idref="oc-46"/>
      </symbol>
      <symbol id="sm-303">
         <name>__TI_int09</name>
         <value>0xfff2</value>
         <object_component_ref idref="oc-47"/>
      </symbol>
      <symbol id="sm-306">
         <name>__TI_int10</name>
         <value>0xfff4</value>
         <object_component_ref idref="oc-48"/>
      </symbol>
      <symbol id="sm-309">
         <name>__TI_int11</name>
         <value>0xfff6</value>
         <object_component_ref idref="oc-49"/>
      </symbol>
      <symbol id="sm-30c">
         <name>__TI_int12</name>
         <value>0xfff8</value>
         <object_component_ref idref="oc-4a"/>
      </symbol>
      <symbol id="sm-30f">
         <name>__TI_int13</name>
         <value>0xfffa</value>
         <object_component_ref idref="oc-4b"/>
      </symbol>
      <symbol id="sm-312">
         <name>__TI_int14</name>
         <value>0xfffc</value>
         <object_component_ref idref="oc-4c"/>
      </symbol>
      <symbol id="sm-31a">
         <name>__TI_ISR_TRAP</name>
         <value>0xed58</value>
         <object_component_ref idref="oc-dc"/>
      </symbol>
      <symbol id="sm-322">
         <name>__mspabi_slli</name>
         <value>0xeb84</value>
         <object_component_ref idref="oc-b5"/>
      </symbol>
      <symbol id="sm-323">
         <name>__mspabi_slli_9</name>
         <value>0xeb9c</value>
         <object_component_ref idref="oc-b5"/>
      </symbol>
      <symbol id="sm-324">
         <name>__mspabi_slli_8</name>
         <value>0xeb9e</value>
         <object_component_ref idref="oc-b5"/>
      </symbol>
      <symbol id="sm-325">
         <name>__mspabi_slli_7</name>
         <value>0xeba0</value>
         <object_component_ref idref="oc-b5"/>
      </symbol>
      <symbol id="sm-326">
         <name>__mspabi_slli_6</name>
         <value>0xeba2</value>
         <object_component_ref idref="oc-b5"/>
      </symbol>
      <symbol id="sm-327">
         <name>__mspabi_slli_5</name>
         <value>0xeba4</value>
         <object_component_ref idref="oc-b5"/>
      </symbol>
      <symbol id="sm-328">
         <name>__mspabi_slli_4</name>
         <value>0xeba6</value>
         <object_component_ref idref="oc-b5"/>
      </symbol>
      <symbol id="sm-329">
         <name>__mspabi_slli_3</name>
         <value>0xeba8</value>
         <object_component_ref idref="oc-b5"/>
      </symbol>
      <symbol id="sm-32a">
         <name>__mspabi_slli_2</name>
         <value>0xebaa</value>
         <object_component_ref idref="oc-b5"/>
      </symbol>
      <symbol id="sm-32b">
         <name>__mspabi_slli_1</name>
         <value>0xebac</value>
         <object_component_ref idref="oc-b5"/>
      </symbol>
      <symbol id="sm-32c">
         <name>__mspabi_slli_15</name>
         <value>0xeb90</value>
         <object_component_ref idref="oc-b5"/>
      </symbol>
      <symbol id="sm-32d">
         <name>__mspabi_slli_14</name>
         <value>0xeb92</value>
         <object_component_ref idref="oc-b5"/>
      </symbol>
      <symbol id="sm-32e">
         <name>__mspabi_slli_13</name>
         <value>0xeb94</value>
         <object_component_ref idref="oc-b5"/>
      </symbol>
      <symbol id="sm-32f">
         <name>__mspabi_slli_12</name>
         <value>0xeb96</value>
         <object_component_ref idref="oc-b5"/>
      </symbol>
      <symbol id="sm-330">
         <name>__mspabi_slli_11</name>
         <value>0xeb98</value>
         <object_component_ref idref="oc-b5"/>
      </symbol>
      <symbol id="sm-331">
         <name>__mspabi_slli_10</name>
         <value>0xeb9a</value>
         <object_component_ref idref="oc-b5"/>
      </symbol>
      <symbol id="sm-341">
         <name>__mspabi_slll_9</name>
         <value>0xea66</value>
         <object_component_ref idref="oc-373"/>
      </symbol>
      <symbol id="sm-342">
         <name>__mspabi_slll_8</name>
         <value>0xea6a</value>
         <object_component_ref idref="oc-373"/>
      </symbol>
      <symbol id="sm-343">
         <name>__mspabi_slll_7</name>
         <value>0xea6e</value>
         <object_component_ref idref="oc-373"/>
      </symbol>
      <symbol id="sm-344">
         <name>__mspabi_slll_6</name>
         <value>0xea72</value>
         <object_component_ref idref="oc-373"/>
      </symbol>
      <symbol id="sm-345">
         <name>__mspabi_slll_5</name>
         <value>0xea76</value>
         <object_component_ref idref="oc-373"/>
      </symbol>
      <symbol id="sm-346">
         <name>__mspabi_slll_4</name>
         <value>0xea7a</value>
         <object_component_ref idref="oc-373"/>
      </symbol>
      <symbol id="sm-347">
         <name>__mspabi_slll_3</name>
         <value>0xea7e</value>
         <object_component_ref idref="oc-373"/>
      </symbol>
      <symbol id="sm-348">
         <name>__mspabi_slll_2</name>
         <value>0xea82</value>
         <object_component_ref idref="oc-373"/>
      </symbol>
      <symbol id="sm-349">
         <name>__mspabi_slll_1</name>
         <value>0xea86</value>
         <object_component_ref idref="oc-373"/>
      </symbol>
      <symbol id="sm-34a">
         <name>__mspabi_slll</name>
         <value>0xed0a</value>
         <object_component_ref idref="oc-2ad"/>
      </symbol>
      <symbol id="sm-34b">
         <name>__mspabi_slll_15</name>
         <value>0xea4e</value>
         <object_component_ref idref="oc-373"/>
      </symbol>
      <symbol id="sm-34c">
         <name>__mspabi_slll_14</name>
         <value>0xea52</value>
         <object_component_ref idref="oc-373"/>
      </symbol>
      <symbol id="sm-34d">
         <name>__mspabi_slll_13</name>
         <value>0xea56</value>
         <object_component_ref idref="oc-373"/>
      </symbol>
      <symbol id="sm-34e">
         <name>__mspabi_slll_12</name>
         <value>0xea5a</value>
         <object_component_ref idref="oc-373"/>
      </symbol>
      <symbol id="sm-34f">
         <name>__mspabi_slll_11</name>
         <value>0xea5e</value>
         <object_component_ref idref="oc-373"/>
      </symbol>
      <symbol id="sm-350">
         <name>__mspabi_slll_10</name>
         <value>0xea62</value>
         <object_component_ref idref="oc-373"/>
      </symbol>
      <symbol id="sm-358">
         <name>__mspabi_srli_8</name>
         <value>0xe918</value>
         <object_component_ref idref="oc-ba"/>
      </symbol>
      <symbol id="sm-359">
         <name>__mspabi_srli_9</name>
         <value>0xe914</value>
         <object_component_ref idref="oc-ba"/>
      </symbol>
      <symbol id="sm-35a">
         <name>__mspabi_srli_6</name>
         <value>0xe920</value>
         <object_component_ref idref="oc-ba"/>
      </symbol>
      <symbol id="sm-35b">
         <name>__mspabi_srli_7</name>
         <value>0xe91c</value>
         <object_component_ref idref="oc-ba"/>
      </symbol>
      <symbol id="sm-35c">
         <name>__mspabi_srli_4</name>
         <value>0xe928</value>
         <object_component_ref idref="oc-ba"/>
      </symbol>
      <symbol id="sm-35d">
         <name>__mspabi_srli_5</name>
         <value>0xe924</value>
         <object_component_ref idref="oc-ba"/>
      </symbol>
      <symbol id="sm-35e">
         <name>__mspabi_srli_2</name>
         <value>0xe930</value>
         <object_component_ref idref="oc-ba"/>
      </symbol>
      <symbol id="sm-35f">
         <name>__mspabi_srli_3</name>
         <value>0xe92c</value>
         <object_component_ref idref="oc-ba"/>
      </symbol>
      <symbol id="sm-360">
         <name>__mspabi_srli_1</name>
         <value>0xe934</value>
         <object_component_ref idref="oc-ba"/>
      </symbol>
      <symbol id="sm-361">
         <name>__mspabi_srli</name>
         <value>0xe8ee</value>
         <object_component_ref idref="oc-ba"/>
      </symbol>
      <symbol id="sm-362">
         <name>__mspabi_srli_15</name>
         <value>0xe8fc</value>
         <object_component_ref idref="oc-ba"/>
      </symbol>
      <symbol id="sm-363">
         <name>__mspabi_srli_14</name>
         <value>0xe900</value>
         <object_component_ref idref="oc-ba"/>
      </symbol>
      <symbol id="sm-364">
         <name>__mspabi_srli_13</name>
         <value>0xe904</value>
         <object_component_ref idref="oc-ba"/>
      </symbol>
      <symbol id="sm-365">
         <name>__mspabi_srli_12</name>
         <value>0xe908</value>
         <object_component_ref idref="oc-ba"/>
      </symbol>
      <symbol id="sm-366">
         <name>__mspabi_srli_11</name>
         <value>0xe90c</value>
         <object_component_ref idref="oc-ba"/>
      </symbol>
      <symbol id="sm-367">
         <name>__mspabi_srli_10</name>
         <value>0xe910</value>
         <object_component_ref idref="oc-ba"/>
      </symbol>
      <symbol id="sm-371">
         <name>__mspabi_mpyi_sw</name>
         <value>0xec9e</value>
         <object_component_ref idref="oc-218"/>
      </symbol>
      <symbol id="sm-372">
         <name>__mspabi_mpyi</name>
         <value>0xec9e</value>
         <object_component_ref idref="oc-218"/>
      </symbol>
      <symbol id="sm-382">
         <name>_stack</name>
         <value>0x3b0</value>
         <object_component_ref idref="oc-b1"/>
      </symbol>
      <symbol id="sm-383">
         <name>_c_int00_noargs</name>
         <value>0xec6c</value>
         <object_component_ref idref="oc-f9"/>
      </symbol>
      <symbol id="sm-384">
         <name>_reset_vector</name>
         <value>0xfffe</value>
         <object_component_ref idref="oc-b4"/>
      </symbol>
      <symbol id="sm-3a6">
         <name>__TI_auto_init_nobinit_nopinit</name>
         <value>0xe9ce</value>
         <object_component_ref idref="oc-1c9"/>
      </symbol>
      <symbol id="sm-3b8">
         <name>_system_pre_init</name>
         <value>0xed66</value>
         <object_component_ref idref="oc-155"/>
      </symbol>
      <symbol id="sm-3c1">
         <name>_system_post_cinit</name>
         <value>0xed6a</value>
         <object_component_ref idref="oc-273"/>
      </symbol>
      <symbol id="sm-3d7">
         <name>__TI_decompress_none</name>
         <value>0xecc4</value>
         <object_component_ref idref="oc-3a"/>
      </symbol>
      <symbol id="sm-3fa">
         <name>__TI_decompress_lzss</name>
         <value>0xe6de</value>
         <object_component_ref idref="oc-34"/>
      </symbol>
      <symbol id="sm-421">
         <name>__mspabi_addd</name>
         <value>0xd256</value>
         <object_component_ref idref="oc-242"/>
      </symbol>
      <symbol id="sm-438">
         <name>__mspabi_cvtfd</name>
         <value>0xe75a</value>
         <object_component_ref idref="oc-23c"/>
      </symbol>
      <symbol id="sm-459">
         <name>__mspabi_divd</name>
         <value>0xdca4</value>
         <object_component_ref idref="oc-25a"/>
      </symbol>
      <symbol id="sm-463">
         <name>__mspabi_fltid</name>
         <value>0xed42</value>
         <object_component_ref idref="oc-248"/>
      </symbol>
      <symbol id="sm-47a">
         <name>__mspabi_fltlid</name>
         <value>0xe596</value>
         <object_component_ref idref="oc-2fd"/>
      </symbol>
      <symbol id="sm-49b">
         <name>__TI_frcaddd</name>
         <value>0xda44</value>
         <object_component_ref idref="oc-2f0"/>
      </symbol>
      <symbol id="sm-4b6">
         <name>__TI_frcdivd</name>
         <value>0xca60</value>
         <object_component_ref idref="oc-30d"/>
      </symbol>
      <symbol id="sm-4d8">
         <name>__mspabi_mpyd</name>
         <value>0xd7d6</value>
         <object_component_ref idref="oc-24e"/>
      </symbol>
      <symbol id="sm-4ec">
         <name>__TI_renormd</name>
         <value>0xe4d8</value>
         <object_component_ref idref="oc-369"/>
      </symbol>
      <symbol id="sm-4f5">
         <name>__mspabi_subd</name>
         <value>0xeb2a</value>
         <object_component_ref idref="oc-254"/>
      </symbol>
      <symbol id="sm-4fd">
         <name>errno</name>
         <value>0x244</value>
         <object_component_ref idref="oc-2cb"/>
      </symbol>
      <symbol id="sm-507">
         <name>C$$EXIT</name>
         <value>0xed60</value>
         <object_component_ref idref="oc-1bd"/>
      </symbol>
      <symbol id="sm-508">
         <name>abort</name>
         <value>0xed60</value>
         <object_component_ref idref="oc-1bd"/>
      </symbol>
      <symbol id="sm-518">
         <name>memcpy</name>
         <value>0xece8</value>
         <object_component_ref idref="oc-cf"/>
      </symbol>
      <symbol id="sm-521">
         <name>copysignf</name>
         <value>0xecb2</value>
         <object_component_ref idref="oc-34c"/>
      </symbol>
      <symbol id="sm-531">
         <name>__mspabi_srll_8</name>
         <value>0xe8bc</value>
         <object_component_ref idref="oc-378"/>
      </symbol>
      <symbol id="sm-532">
         <name>__mspabi_srll_9</name>
         <value>0xe8b6</value>
         <object_component_ref idref="oc-378"/>
      </symbol>
      <symbol id="sm-533">
         <name>__mspabi_srll_6</name>
         <value>0xe8c8</value>
         <object_component_ref idref="oc-378"/>
      </symbol>
      <symbol id="sm-534">
         <name>__mspabi_srll_7</name>
         <value>0xe8c2</value>
         <object_component_ref idref="oc-378"/>
      </symbol>
      <symbol id="sm-535">
         <name>__mspabi_srll_4</name>
         <value>0xe8d4</value>
         <object_component_ref idref="oc-378"/>
      </symbol>
      <symbol id="sm-536">
         <name>__mspabi_srll_5</name>
         <value>0xe8ce</value>
         <object_component_ref idref="oc-378"/>
      </symbol>
      <symbol id="sm-537">
         <name>__mspabi_srll_2</name>
         <value>0xe8e0</value>
         <object_component_ref idref="oc-378"/>
      </symbol>
      <symbol id="sm-538">
         <name>__mspabi_srll_3</name>
         <value>0xe8da</value>
         <object_component_ref idref="oc-378"/>
      </symbol>
      <symbol id="sm-539">
         <name>__mspabi_srll_1</name>
         <value>0xe8e6</value>
         <object_component_ref idref="oc-378"/>
      </symbol>
      <symbol id="sm-53a">
         <name>__mspabi_srll_15</name>
         <value>0xe892</value>
         <object_component_ref idref="oc-378"/>
      </symbol>
      <symbol id="sm-53b">
         <name>__mspabi_srll_14</name>
         <value>0xe898</value>
         <object_component_ref idref="oc-378"/>
      </symbol>
      <symbol id="sm-53c">
         <name>__mspabi_srll_13</name>
         <value>0xe89e</value>
         <object_component_ref idref="oc-378"/>
      </symbol>
      <symbol id="sm-53d">
         <name>__mspabi_srll_12</name>
         <value>0xe8a4</value>
         <object_component_ref idref="oc-378"/>
      </symbol>
      <symbol id="sm-53e">
         <name>__mspabi_srll_11</name>
         <value>0xe8aa</value>
         <object_component_ref idref="oc-378"/>
      </symbol>
      <symbol id="sm-53f">
         <name>__mspabi_srll_10</name>
         <value>0xe8b0</value>
         <object_component_ref idref="oc-378"/>
      </symbol>
      <symbol id="sm-540">
         <name>__mspabi_srll</name>
         <value>0xecd6</value>
         <object_component_ref idref="oc-364"/>
      </symbol>
      <symbol id="sm-54a">
         <name>__mspabi_mpyl_sw</name>
         <value>0xec02</value>
         <object_component_ref idref="oc-37f"/>
      </symbol>
      <symbol id="sm-54b">
         <name>__mspabi_mpyl</name>
         <value>0xec02</value>
         <object_component_ref idref="oc-37f"/>
      </symbol>
      <symbol id="sm-55c">
         <name>__TI_frcmpyd</name>
         <value>0xd550</value>
         <object_component_ref idref="oc-304"/>
      </symbol>
   </symbol_table>
   <title>Link successful</title>
</link_info>
