******************************************************************************
                  MSP430 Linker PC v18.1.1                     
******************************************************************************
>> Linked Tue Apr 17 14:00:10 2018

OUTPUT FILE NAME:   <WifiPositioningSystem.out>
ENTRY POINT SYMBOL: "_c_int00_noargs"  address: 0000eb94


MEMORY CONFIGURATION

         name            origin    length      used     unused   attr    fill
----------------------  --------  ---------  --------  --------  ----  --------
  SFR                   00000000   00000010  00000000  00000010  RWIX
  PERIPHERALS_8BIT      00000010   000000f0  00000000  000000f0  RWIX
  PERIPHERALS_16BIT     00000100   00000100  00000000  00000100  RWIX
  RAM                   00000200   00000200  00000096  0000016a  RWIX
  INFOD                 00001000   00000040  00000000  00000040  RWIX
  INFOC                 00001040   00000040  00000000  00000040  RWIX
  INFOB                 00001080   00000040  00000000  00000040  RWIX
  INFOA                 000010c0   00000040  00000000  00000040  RWIX
  FLASH                 0000c000   00003fde  00002d50  0000128e  RWIX
  BSLSIGNATURE          0000ffde   00000002  00000002  00000000  RWIX  ffff 
  INT00                 0000ffe0   00000002  00000002  00000000  RWIX
  INT01                 0000ffe2   00000002  00000000  00000002  RWIX
  INT02                 0000ffe4   00000002  00000002  00000000  RWIX
  INT03                 0000ffe6   00000002  00000002  00000000  RWIX
  INT04                 0000ffe8   00000002  00000000  00000002  RWIX
  INT05                 0000ffea   00000002  00000002  00000000  RWIX
  INT06                 0000ffec   00000002  00000002  00000000  RWIX
  INT07                 0000ffee   00000002  00000002  00000000  RWIX
  INT08                 0000fff0   00000002  00000002  00000000  RWIX
  INT09                 0000fff2   00000002  00000002  00000000  RWIX
  INT10                 0000fff4   00000002  00000002  00000000  RWIX
  INT11                 0000fff6   00000002  00000002  00000000  RWIX
  INT12                 0000fff8   00000002  00000002  00000000  RWIX
  INT13                 0000fffa   00000002  00000002  00000000  RWIX
  INT14                 0000fffc   00000002  00000002  00000000  RWIX
  RESET                 0000fffe   00000002  00000002  00000000  RWIX


SECTION ALLOCATION MAP

 output                                  attributes/
section   page    origin      length       input sections
--------  ----  ----------  ----------   ----------------
.data      0    00000200    00000046     UNINITIALIZED
                  00000200    0000001e     main.obj (.data)
                  0000021e    00000014     wps.obj (.data)
                  00000232    00000009     main.obj (.data:data)
                  0000023b    00000001     --HOLE--
                  0000023c    00000007     main.obj (.data:buffer)
                  00000243    00000001     --HOLE--
                  00000244    00000002     rts430_eabi.lib : errno.c.obj (.data)

.stack     0    000003b0    00000050     UNINITIALIZED
                  000003b0    00000002     rts430_eabi.lib : boot.c.obj (.stack)
                  000003b2    0000004e     --HOLE--

.text      0    0000c000    00002c94     
                  0000c000    00000a60     rts430_eabi.lib : e_powf.c.obj (.text:powf)
                  0000ca60    00000478                     : frcdivd.c.obj (.text:__TI_frcdivd)
                  0000ced8    0000037e     wps.obj (.text:calculateLocation)
                  0000d256    000002fa     rts430_eabi.lib : addd.c.obj (.text:__mspabi_addd)
                  0000d550    00000286                     : frcmpyd.c.obj (.text:__TI_frcmpyd)
                  0000d7d6    0000026e                     : mpyd.c.obj (.text:__mspabi_mpyd)
                  0000da44    00000260                     : frcaddd.c.obj (.text:__TI_frcaddd)
                  0000dca4    00000238                     : divd.c.obj (.text:__mspabi_divd)
                  0000dedc    0000013c                     : e_sqrtf.c.obj (.text:sqrtf)
                  0000e018    00000132                     : fs_add.asm.obj (.text)
                  0000e14a    00000114                     : s_scalbnf.c.obj (.text:scalbnf)
                  0000e25e    000000de     main.obj (.text:main)
                  0000e33c    000000c4     rts430_eabi.lib : fs_mpy.asm.obj (.text)
                  0000e400    000000be                     : renormd.c.obj (.text:__TI_renormd)
                  0000e4be    000000ac                     : fltlid.c.obj (.text:__mspabi_fltlid)
                  0000e56a    0000009c                     : fs_div.asm.obj (.text)
                  0000e606    0000007c                     : copy_decompress_lzss.c.obj (.text:decompress:lzss:__TI_decompress_lzss)
                  0000e682    00000072                     : cvtfd.c.obj (.text:__mspabi_cvtfd)
                  0000e6f4    0000006a     main.obj (.text:USCI0RX_ISR)
                  0000e75e    0000005c     wps.obj (.text:ConvertRSSI2Number)
                  0000e7ba    0000005c     rts430_eabi.lib : lsr32.asm.obj (.text:l_lsr_const)
                  0000e816    0000004c                     : lsr16.asm.obj (.text)
                  0000e862    0000004a                     : fs_cmp.asm.obj (.text)
                  0000e8ac    0000004a                     : fs_ltof.asm.obj (.text)
                  0000e8f6    00000042                     : autoinit.c.obj (.text:__TI_auto_init_nobinit_nopinit:__TI_auto_init_nobinit_nopinit)
                  0000e938    0000003e                     : asr32.asm.obj (.text:l_asr_const)
                  0000e976    0000003e                     : lsl32.asm.obj (.text:l_lsl_const)
                  0000e9b4    00000036     wps.obj (.text:Configure_UART)
                  0000e9ea    00000036     rts430_eabi.lib : fs_itof.asm.obj (.text)
                  0000ea20    00000032     wps.obj (.text:EndOfReceiving)
                  0000ea52    0000002e     rts430_eabi.lib : subd.c.obj (.text:__mspabi_subd)
                  0000ea80    0000002c                     : asr16.asm.obj (.text)
                  0000eaac    0000002c                     : lsl16.asm.obj (.text)
                  0000ead8    0000002a     wps.obj (.text:Compare2String)
                  0000eb02    00000028     wps.obj (.text:UARTSendString)
                  0000eb2a    00000026     rts430_eabi.lib : mult32.asm.obj (.text)
                  0000eb50    00000022     wps.obj (.text:Configure_Clock)
                  0000eb72    00000022     wps.obj (.text:calculateDistance)
                  0000eb94    0000001c     rts430_eabi.lib : boot.c.obj (.text:_c_int00_noargs)
                  0000ebb0    00000016     wps.obj (.text:Configure_IO)
                  0000ebc6    00000014     rts430_eabi.lib : mult16.asm.obj (.text)
                  0000ebda    00000012                     : s_copysignf.c.obj (.text:copysignf)
                  0000ebec    00000012                     : copy_decompress_none.c.obj (.text:decompress:none:__TI_decompress_none)
                  0000ebfe    00000012                     : lsr32.asm.obj (.text:l_lsr)
                  0000ec10    00000012                     : memcpy.c.obj (.text:memcpy)
                  0000ec22    00000010                     : asr32.asm.obj (.text:l_asr)
                  0000ec32    00000010                     : lsl32.asm.obj (.text:l_lsl)
                  0000ec42    00000010                     : epilog.asm.obj (.text)
                  0000ec52    0000000c     wps.obj (.text:UARTReadChar)
                  0000ec5e    0000000c     wps.obj (.text:UARTSendByte)
                  0000ec6a    0000000c     rts430_eabi.lib : fltid.c.obj (.text:__mspabi_fltid)
                  0000ec76    0000000a                     : fs_neg.asm.obj (.text)
                  0000ec80    00000008                     : isr_trap.asm.obj (.text:_isr:__TI_ISR_TRAP)
                  0000ec88    00000006                     : exit.c.obj (.text:abort)
                  0000ec8e    00000004                     : pre_init.c.obj (.text:_system_pre_init)
                  0000ec92    00000002                     : startup.c.obj (.text:_system_post_cinit)

.const     0    0000ec94    000000a0     
                  0000ec94    0000006e     main.obj (.const:.string)
                  0000ed02    0000000e     wps.obj (.const:.string)
                  0000ed10    0000000c     wps.obj (.const)
                  0000ed1c    00000008     rts430_eabi.lib : e_powf.c.obj (.const:bp)
                  0000ed24    00000008                     : e_powf.c.obj (.const:dp_h)
                  0000ed2c    00000008                     : e_powf.c.obj (.const:dp_l)

.cinit     0    0000ed34    0000001c     
                  0000ed34    00000014     (.cinit..data.load) [load image, compression = lzss]
                  0000ed48    00000004     (__TI_handler_table)
                  0000ed4c    00000004     (__TI_cinit_table)

.binit     0    0000c000    00000000     

.init_array 
*          0    0000c000    00000000     UNINITIALIZED

TRAPINT    0    0000ffe0    00000002     
                  0000ffe0    00000002     rts430_eabi.lib : int00.asm.obj (.int00)

PORT1      0    0000ffe4    00000002     
                  0000ffe4    00000002     rts430_eabi.lib : int02.asm.obj (.int02)

PORT2      0    0000ffe6    00000002     
                  0000ffe6    00000002     rts430_eabi.lib : int03.asm.obj (.int03)

ADC10      0    0000ffea    00000002     
                  0000ffea    00000002     rts430_eabi.lib : int05.asm.obj (.int05)

USCIAB0TX 
*          0    0000ffec    00000002     
                  0000ffec    00000002     rts430_eabi.lib : int06.asm.obj (.int06)

USCIAB0RX 
*          0    0000ffee    00000002     
                  0000ffee    00000002     main.obj (.int07)

TIMER0_A1 
*          0    0000fff0    00000002     
                  0000fff0    00000002     rts430_eabi.lib : int08.asm.obj (.int08)

TIMER0_A0 
*          0    0000fff2    00000002     
                  0000fff2    00000002     rts430_eabi.lib : int09.asm.obj (.int09)

WDT        0    0000fff4    00000002     
                  0000fff4    00000002     rts430_eabi.lib : int10.asm.obj (.int10)

COMPARATORA 
*          0    0000fff6    00000002     
                  0000fff6    00000002     rts430_eabi.lib : int11.asm.obj (.int11)

TIMER1_A1 
*          0    0000fff8    00000002     
                  0000fff8    00000002     rts430_eabi.lib : int12.asm.obj (.int12)

TIMER1_A0 
*          0    0000fffa    00000002     
                  0000fffa    00000002     rts430_eabi.lib : int13.asm.obj (.int13)

NMI        0    0000fffc    00000002     
                  0000fffc    00000002     rts430_eabi.lib : int14.asm.obj (.int14)

.reset     0    0000fffe    00000002     
                  0000fffe    00000002     rts430_eabi.lib : boot.c.obj (.reset)

$fill000   0    0000ffde    00000002     
                  0000ffde    00000002     --HOLE-- [fill = ffff]

MODULE SUMMARY

       Module                       code    ro data   rw data
       ------                       ----    -------   -------
    .\
       wps.obj                      1286    26        20     
       main.obj                     328     112       46     
    +--+----------------------------+-------+---------+---------+
       Total:                       1614    138       66     
                                                             
    C:\TI\ccsv8\tools\compiler\ti-cgt-msp430_18.1.1.LTS\lib\rts430_eabi.lib
       e_powf.c.obj                 2656    24        0      
       frcdivd.c.obj                1144    0         0      
       addd.c.obj                   762     0         0      
       frcmpyd.c.obj                646     0         0      
       mpyd.c.obj                   622     0         0      
       frcaddd.c.obj                608     0         0      
       divd.c.obj                   568     0         0      
       e_sqrtf.c.obj                316     0         0      
       fs_add.asm.obj               306     0         0      
       s_scalbnf.c.obj              276     0         0      
       fs_mpy.asm.obj               196     0         0      
       renormd.c.obj                190     0         0      
       fltlid.c.obj                 172     0         0      
       fs_div.asm.obj               156     0         0      
       copy_decompress_lzss.c.obj   124     0         0      
       cvtfd.c.obj                  114     0         0      
       lsr32.asm.obj                110     0         0      
       asr32.asm.obj                78      0         0      
       lsl32.asm.obj                78      0         0      
       lsr16.asm.obj                76      0         0      
       fs_cmp.asm.obj               74      0         0      
       fs_ltof.asm.obj              74      0         0      
       autoinit.c.obj               66      0         0      
       fs_itof.asm.obj              54      0         0      
       subd.c.obj                   46      0         0      
       asr16.asm.obj                44      0         0      
       lsl16.asm.obj                44      0         0      
       mult32.asm.obj               38      0         0      
       boot.c.obj                   28      2         0      
       mult16.asm.obj               20      0         0      
       copy_decompress_none.c.obj   18      0         0      
       memcpy.c.obj                 18      0         0      
       s_copysignf.c.obj            18      0         0      
       epilog.asm.obj               16      0         0      
       fltid.c.obj                  12      0         0      
       fs_neg.asm.obj               10      0         0      
       isr_trap.asm.obj             8       0         0      
       exit.c.obj                   6       0         0      
       pre_init.c.obj               4       0         0      
       errno.c.obj                  0       0         2      
       int00.asm.obj                0       2         0      
       int02.asm.obj                0       2         0      
       int03.asm.obj                0       2         0      
       int05.asm.obj                0       2         0      
       int06.asm.obj                0       2         0      
       int08.asm.obj                0       2         0      
       int09.asm.obj                0       2         0      
       int10.asm.obj                0       2         0      
       int11.asm.obj                0       2         0      
       int12.asm.obj                0       2         0      
       int13.asm.obj                0       2         0      
       int14.asm.obj                0       2         0      
       startup.c.obj                2       0         0      
    +--+----------------------------+-------+---------+---------+
       Total:                       9798    50        2      
                                                             
       Stack:                       0       0         80     
       Linker Generated:            0       28        0      
    +--+----------------------------+-------+---------+---------+
       Grand Total:                 11412   216       148    


LINKER GENERATED COPY TABLES

__TI_cinit_table @ 0000ed4c records: 1, size/record: 4, table size: 4
	.data: load addr=0000ed34, load size=00000014 bytes, run addr=00000200, run size=00000046 bytes, compression=lzss


LINKER GENERATED HANDLER TABLE

__TI_handler_table @ 0000ed48 records: 2, size/record: 2, table size: 4
	index: 0, handler: __TI_decompress_lzss
	index: 1, handler: __TI_decompress_none


GLOBAL SYMBOLS: SORTED ALPHABETICALLY BY Name 

address   name                          
-------   ----                          
0000004a  ADC10AE0                      
000001b0  ADC10CTL0                     
000001b2  ADC10CTL1                     
00000048  ADC10DTC0                     
00000049  ADC10DTC1                     
000001b4  ADC10MEM                      
000001bc  ADC10SA                       
00000057  BCSCTL1                       
00000058  BCSCTL2                       
00000053  BCSCTL3                       
0000ec88  C$$EXIT                       
00000059  CACTL1                        
0000005a  CACTL2                        
000010fb  CALBC1_12MHZ                  
000010f9  CALBC1_16MHZ                  
000010ff  CALBC1_1MHZ                   
000010fd  CALBC1_8MHZ                   
000010fa  CALDCO_12MHZ                  
000010f8  CALDCO_16MHZ                  
000010fe  CALDCO_1MHZ                   
000010fc  CALDCO_8MHZ                   
0000005b  CAPD                          
0000ead8  Compare2String                
0000eb50  Configure_Clock               
0000ebb0  Configure_IO                  
0000e9b4  Configure_UART                
0000e75e  ConvertRSSI2Number            
00000056  DCOCTL                        
00000230  ERROR                         
0000ea20  EndOfReceiving                
00000128  FCTL1                         
0000012a  FCTL2                         
0000012c  FCTL3                         
00000000  IE1                           
00000001  IE2                           
00000002  IFG1                          
00000003  IFG2                          
0000022e  OK                            
00000022  P1DIR                         
00000025  P1IE                          
00000024  P1IES                         
00000023  P1IFG                         
00000020  P1IN                          
00000021  P1OUT                         
00000027  P1REN                         
00000026  P1SEL                         
00000041  P1SEL2                        
0000002a  P2DIR                         
0000002d  P2IE                          
0000002c  P2IES                         
0000002b  P2IFG                         
00000028  P2IN                          
00000029  P2OUT                         
0000002f  P2REN                         
0000002e  P2SEL                         
00000042  P2SEL2                        
0000001a  P3DIR                         
00000018  P3IN                          
00000019  P3OUT                         
00000010  P3REN                         
0000001b  P3SEL                         
00000043  P3SEL2                        
00000172  TA0CCR0                       
00000174  TA0CCR1                       
00000176  TA0CCR2                       
00000162  TA0CCTL0                      
00000164  TA0CCTL1                      
00000166  TA0CCTL2                      
00000160  TA0CTL                        
0000012e  TA0IV                         
00000170  TA0R                          
00000192  TA1CCR0                       
00000194  TA1CCR1                       
00000196  TA1CCR2                       
00000182  TA1CCTL0                      
00000184  TA1CCTL1                      
00000186  TA1CCTL2                      
00000180  TA1CTL                        
0000011e  TA1IV                         
00000190  TA1R                          
000010db  TLV_ADC10_1_LEN               
000010da  TLV_ADC10_1_TAG               
000010c0  TLV_CHECKSUM                  
000010f7  TLV_DCO_30_LEN                
000010f6  TLV_DCO_30_TAG                
0000ec52  UARTReadChar                  
0000ec5e  UARTSendByte                  
0000eb02  UARTSendString                
0000005d  UCA0ABCTL                     
00000062  UCA0BR0                       
00000063  UCA0BR1                       
00000060  UCA0CTL0                      
00000061  UCA0CTL1                      
0000005f  UCA0IRRCTL                    
0000005e  UCA0IRTCTL                    
00000064  UCA0MCTL                      
00000066  UCA0RXBUF                     
00000065  UCA0STAT                      
00000067  UCA0TXBUF                     
0000006a  UCB0BR0                       
0000006b  UCB0BR1                       
00000068  UCB0CTL0                      
00000069  UCB0CTL1                      
0000006c  UCB0I2CIE                     
00000118  UCB0I2COA                     
0000011a  UCB0I2CSA                     
0000006e  UCB0RXBUF                     
0000006d  UCB0STAT                      
0000006f  UCB0TXBUF                     
0000e6f4  USCI0RX_ISR                   
00000120  WDTCTL                        
00000400  __STACK_END                   
00000050  __STACK_SIZE                  
0000ed4c  __TI_CINIT_Base               
0000ed50  __TI_CINIT_Limit              
0000ed48  __TI_Handler_Table_Base       
0000ed4c  __TI_Handler_Table_Limit      
0000ec80  __TI_ISR_TRAP                 
0000e8f6  __TI_auto_init_nobinit_nopinit
0000e606  __TI_decompress_lzss          
0000ebec  __TI_decompress_none          
0000da44  __TI_frcaddd                  
0000ca60  __TI_frcdivd                  
0000d550  __TI_frcmpyd                  
0000ffe0  __TI_int00                    
0000ffe4  __TI_int02                    
0000ffe6  __TI_int03                    
0000ffea  __TI_int05                    
0000ffec  __TI_int06                    
0000ffee  __TI_int07                    
0000fff0  __TI_int08                    
0000fff2  __TI_int09                    
0000fff4  __TI_int10                    
0000fff6  __TI_int11                    
0000fff8  __TI_int12                    
0000fffa  __TI_int13                    
0000fffc  __TI_int14                    
ffffffff  __TI_pprof_out_hndl           
ffffffff  __TI_prof_data_size           
ffffffff  __TI_prof_data_start          
0000e400  __TI_renormd                  
ffffffff  __c_args__                    
0000d256  __mspabi_addd                 
0000e01e  __mspabi_addf                 
0000e862  __mspabi_cmpf                 
0000e682  __mspabi_cvtfd                
0000dca4  __mspabi_divd                 
0000e56a  __mspabi_divf                 
0000ec6a  __mspabi_fltid                
0000e9ea  __mspabi_fltif                
0000e4be  __mspabi_fltlid               
0000e8ac  __mspabi_fltlif               
0000ec4e  __mspabi_func_epilog_1        
0000ec4c  __mspabi_func_epilog_2        
0000ec4a  __mspabi_func_epilog_3        
0000ec48  __mspabi_func_epilog_4        
0000ec46  __mspabi_func_epilog_5        
0000ec44  __mspabi_func_epilog_6        
0000ec42  __mspabi_func_epilog_7        
0000d7d6  __mspabi_mpyd                 
0000e33c  __mspabi_mpyf                 
0000ebc6  __mspabi_mpyi                 
0000ebc6  __mspabi_mpyi_sw              
0000eb2a  __mspabi_mpyl                 
0000eb2a  __mspabi_mpyl_sw              
0000ec76  __mspabi_negf                 
0000eaac  __mspabi_slli                 
0000ead4  __mspabi_slli_1               
0000eac2  __mspabi_slli_10              
0000eac0  __mspabi_slli_11              
0000eabe  __mspabi_slli_12              
0000eabc  __mspabi_slli_13              
0000eaba  __mspabi_slli_14              
0000eab8  __mspabi_slli_15              
0000ead2  __mspabi_slli_2               
0000ead0  __mspabi_slli_3               
0000eace  __mspabi_slli_4               
0000eacc  __mspabi_slli_5               
0000eaca  __mspabi_slli_6               
0000eac8  __mspabi_slli_7               
0000eac6  __mspabi_slli_8               
0000eac4  __mspabi_slli_9               
0000ec32  __mspabi_slll                 
0000e9ae  __mspabi_slll_1               
0000e98a  __mspabi_slll_10              
0000e986  __mspabi_slll_11              
0000e982  __mspabi_slll_12              
0000e97e  __mspabi_slll_13              
0000e97a  __mspabi_slll_14              
0000e976  __mspabi_slll_15              
0000e9aa  __mspabi_slll_2               
0000e9a6  __mspabi_slll_3               
0000e9a2  __mspabi_slll_4               
0000e99e  __mspabi_slll_5               
0000e99a  __mspabi_slll_6               
0000e996  __mspabi_slll_7               
0000e992  __mspabi_slll_8               
0000e98e  __mspabi_slll_9               
0000ea80  __mspabi_srai                 
0000eaa8  __mspabi_srai_1               
0000ea96  __mspabi_srai_10              
0000ea94  __mspabi_srai_11              
0000ea92  __mspabi_srai_12              
0000ea90  __mspabi_srai_13              
0000ea8e  __mspabi_srai_14              
0000ea8c  __mspabi_srai_15              
0000eaa6  __mspabi_srai_2               
0000eaa4  __mspabi_srai_3               
0000eaa2  __mspabi_srai_4               
0000eaa0  __mspabi_srai_5               
0000ea9e  __mspabi_srai_6               
0000ea9c  __mspabi_srai_7               
0000ea9a  __mspabi_srai_8               
0000ea98  __mspabi_srai_9               
0000ec22  __mspabi_sral                 
0000e970  __mspabi_sral_1               
0000e94c  __mspabi_sral_10              
0000e948  __mspabi_sral_11              
0000e944  __mspabi_sral_12              
0000e940  __mspabi_sral_13              
0000e93c  __mspabi_sral_14              
0000e938  __mspabi_sral_15              
0000e96c  __mspabi_sral_2               
0000e968  __mspabi_sral_3               
0000e964  __mspabi_sral_4               
0000e960  __mspabi_sral_5               
0000e95c  __mspabi_sral_6               
0000e958  __mspabi_sral_7               
0000e954  __mspabi_sral_8               
0000e950  __mspabi_sral_9               
0000e816  __mspabi_srli                 
0000e85c  __mspabi_srli_1               
0000e838  __mspabi_srli_10              
0000e834  __mspabi_srli_11              
0000e830  __mspabi_srli_12              
0000e82c  __mspabi_srli_13              
0000e828  __mspabi_srli_14              
0000e824  __mspabi_srli_15              
0000e858  __mspabi_srli_2               
0000e854  __mspabi_srli_3               
0000e850  __mspabi_srli_4               
0000e84c  __mspabi_srli_5               
0000e848  __mspabi_srli_6               
0000e844  __mspabi_srli_7               
0000e840  __mspabi_srli_8               
0000e83c  __mspabi_srli_9               
0000ebfe  __mspabi_srll                 
0000e80e  __mspabi_srll_1               
0000e7d8  __mspabi_srll_10              
0000e7d2  __mspabi_srll_11              
0000e7cc  __mspabi_srll_12              
0000e7c6  __mspabi_srll_13              
0000e7c0  __mspabi_srll_14              
0000e7ba  __mspabi_srll_15              
0000e808  __mspabi_srll_2               
0000e802  __mspabi_srll_3               
0000e7fc  __mspabi_srll_4               
0000e7f6  __mspabi_srll_5               
0000e7f0  __mspabi_srll_6               
0000e7ea  __mspabi_srll_7               
0000e7e4  __mspabi_srll_8               
0000e7de  __mspabi_srll_9               
0000ea52  __mspabi_subd                 
0000e018  __mspabi_subf                 
0000eb94  _c_int00_noargs               
0000fffe  _reset_vector                 
000003b0  _stack                        
0000ec92  _system_post_cinit            
0000ec8e  _system_pre_init              
0000ec88  abort                         
0000023c  buffer                        
0000eb72  calculateDistance             
0000ced8  calculateLocation             
0000ebda  copysignf                     
00000208  d1                            
0000020c  d2                            
00000210  d3                            
00000232  data                          
00000244  errno                         
00000200  flag                          
00000214  i                             
0000021a  id                            
00000216  j                             
00000218  k                             
0000e14a  ldexpf                        
0000e25e  main                          
0000ec10  memcpy                        
0000021c  on                            
0000c000  powf                          
00000202  rssi1                         
00000204  rssi2                         
00000206  rssi3                         
0000e14a  scalbnf                       
0000dedc  sqrtf                         
0000021e  x                             
00000226  y                             


GLOBAL SYMBOLS: SORTED BY Symbol Address 

address   name                          
-------   ----                          
00000000  IE1                           
00000001  IE2                           
00000002  IFG1                          
00000003  IFG2                          
00000010  P3REN                         
00000018  P3IN                          
00000019  P3OUT                         
0000001a  P3DIR                         
0000001b  P3SEL                         
00000020  P1IN                          
00000021  P1OUT                         
00000022  P1DIR                         
00000023  P1IFG                         
00000024  P1IES                         
00000025  P1IE                          
00000026  P1SEL                         
00000027  P1REN                         
00000028  P2IN                          
00000029  P2OUT                         
0000002a  P2DIR                         
0000002b  P2IFG                         
0000002c  P2IES                         
0000002d  P2IE                          
0000002e  P2SEL                         
0000002f  P2REN                         
00000041  P1SEL2                        
00000042  P2SEL2                        
00000043  P3SEL2                        
00000048  ADC10DTC0                     
00000049  ADC10DTC1                     
0000004a  ADC10AE0                      
00000050  __STACK_SIZE                  
00000053  BCSCTL3                       
00000056  DCOCTL                        
00000057  BCSCTL1                       
00000058  BCSCTL2                       
00000059  CACTL1                        
0000005a  CACTL2                        
0000005b  CAPD                          
0000005d  UCA0ABCTL                     
0000005e  UCA0IRTCTL                    
0000005f  UCA0IRRCTL                    
00000060  UCA0CTL0                      
00000061  UCA0CTL1                      
00000062  UCA0BR0                       
00000063  UCA0BR1                       
00000064  UCA0MCTL                      
00000065  UCA0STAT                      
00000066  UCA0RXBUF                     
00000067  UCA0TXBUF                     
00000068  UCB0CTL0                      
00000069  UCB0CTL1                      
0000006a  UCB0BR0                       
0000006b  UCB0BR1                       
0000006c  UCB0I2CIE                     
0000006d  UCB0STAT                      
0000006e  UCB0RXBUF                     
0000006f  UCB0TXBUF                     
00000118  UCB0I2COA                     
0000011a  UCB0I2CSA                     
0000011e  TA1IV                         
00000120  WDTCTL                        
00000128  FCTL1                         
0000012a  FCTL2                         
0000012c  FCTL3                         
0000012e  TA0IV                         
00000160  TA0CTL                        
00000162  TA0CCTL0                      
00000164  TA0CCTL1                      
00000166  TA0CCTL2                      
00000170  TA0R                          
00000172  TA0CCR0                       
00000174  TA0CCR1                       
00000176  TA0CCR2                       
00000180  TA1CTL                        
00000182  TA1CCTL0                      
00000184  TA1CCTL1                      
00000186  TA1CCTL2                      
00000190  TA1R                          
00000192  TA1CCR0                       
00000194  TA1CCR1                       
00000196  TA1CCR2                       
000001b0  ADC10CTL0                     
000001b2  ADC10CTL1                     
000001b4  ADC10MEM                      
000001bc  ADC10SA                       
00000200  flag                          
00000202  rssi1                         
00000204  rssi2                         
00000206  rssi3                         
00000208  d1                            
0000020c  d2                            
00000210  d3                            
00000214  i                             
00000216  j                             
00000218  k                             
0000021a  id                            
0000021c  on                            
0000021e  x                             
00000226  y                             
0000022e  OK                            
00000230  ERROR                         
00000232  data                          
0000023c  buffer                        
00000244  errno                         
000003b0  _stack                        
00000400  __STACK_END                   
000010c0  TLV_CHECKSUM                  
000010da  TLV_ADC10_1_TAG               
000010db  TLV_ADC10_1_LEN               
000010f6  TLV_DCO_30_TAG                
000010f7  TLV_DCO_30_LEN                
000010f8  CALDCO_16MHZ                  
000010f9  CALBC1_16MHZ                  
000010fa  CALDCO_12MHZ                  
000010fb  CALBC1_12MHZ                  
000010fc  CALDCO_8MHZ                   
000010fd  CALBC1_8MHZ                   
000010fe  CALDCO_1MHZ                   
000010ff  CALBC1_1MHZ                   
0000c000  powf                          
0000ca60  __TI_frcdivd                  
0000ced8  calculateLocation             
0000d256  __mspabi_addd                 
0000d550  __TI_frcmpyd                  
0000d7d6  __mspabi_mpyd                 
0000da44  __TI_frcaddd                  
0000dca4  __mspabi_divd                 
0000dedc  sqrtf                         
0000e018  __mspabi_subf                 
0000e01e  __mspabi_addf                 
0000e14a  ldexpf                        
0000e14a  scalbnf                       
0000e25e  main                          
0000e33c  __mspabi_mpyf                 
0000e400  __TI_renormd                  
0000e4be  __mspabi_fltlid               
0000e56a  __mspabi_divf                 
0000e606  __TI_decompress_lzss          
0000e682  __mspabi_cvtfd                
0000e6f4  USCI0RX_ISR                   
0000e75e  ConvertRSSI2Number            
0000e7ba  __mspabi_srll_15              
0000e7c0  __mspabi_srll_14              
0000e7c6  __mspabi_srll_13              
0000e7cc  __mspabi_srll_12              
0000e7d2  __mspabi_srll_11              
0000e7d8  __mspabi_srll_10              
0000e7de  __mspabi_srll_9               
0000e7e4  __mspabi_srll_8               
0000e7ea  __mspabi_srll_7               
0000e7f0  __mspabi_srll_6               
0000e7f6  __mspabi_srll_5               
0000e7fc  __mspabi_srll_4               
0000e802  __mspabi_srll_3               
0000e808  __mspabi_srll_2               
0000e80e  __mspabi_srll_1               
0000e816  __mspabi_srli                 
0000e824  __mspabi_srli_15              
0000e828  __mspabi_srli_14              
0000e82c  __mspabi_srli_13              
0000e830  __mspabi_srli_12              
0000e834  __mspabi_srli_11              
0000e838  __mspabi_srli_10              
0000e83c  __mspabi_srli_9               
0000e840  __mspabi_srli_8               
0000e844  __mspabi_srli_7               
0000e848  __mspabi_srli_6               
0000e84c  __mspabi_srli_5               
0000e850  __mspabi_srli_4               
0000e854  __mspabi_srli_3               
0000e858  __mspabi_srli_2               
0000e85c  __mspabi_srli_1               
0000e862  __mspabi_cmpf                 
0000e8ac  __mspabi_fltlif               
0000e8f6  __TI_auto_init_nobinit_nopinit
0000e938  __mspabi_sral_15              
0000e93c  __mspabi_sral_14              
0000e940  __mspabi_sral_13              
0000e944  __mspabi_sral_12              
0000e948  __mspabi_sral_11              
0000e94c  __mspabi_sral_10              
0000e950  __mspabi_sral_9               
0000e954  __mspabi_sral_8               
0000e958  __mspabi_sral_7               
0000e95c  __mspabi_sral_6               
0000e960  __mspabi_sral_5               
0000e964  __mspabi_sral_4               
0000e968  __mspabi_sral_3               
0000e96c  __mspabi_sral_2               
0000e970  __mspabi_sral_1               
0000e976  __mspabi_slll_15              
0000e97a  __mspabi_slll_14              
0000e97e  __mspabi_slll_13              
0000e982  __mspabi_slll_12              
0000e986  __mspabi_slll_11              
0000e98a  __mspabi_slll_10              
0000e98e  __mspabi_slll_9               
0000e992  __mspabi_slll_8               
0000e996  __mspabi_slll_7               
0000e99a  __mspabi_slll_6               
0000e99e  __mspabi_slll_5               
0000e9a2  __mspabi_slll_4               
0000e9a6  __mspabi_slll_3               
0000e9aa  __mspabi_slll_2               
0000e9ae  __mspabi_slll_1               
0000e9b4  Configure_UART                
0000e9ea  __mspabi_fltif                
0000ea20  EndOfReceiving                
0000ea52  __mspabi_subd                 
0000ea80  __mspabi_srai                 
0000ea8c  __mspabi_srai_15              
0000ea8e  __mspabi_srai_14              
0000ea90  __mspabi_srai_13              
0000ea92  __mspabi_srai_12              
0000ea94  __mspabi_srai_11              
0000ea96  __mspabi_srai_10              
0000ea98  __mspabi_srai_9               
0000ea9a  __mspabi_srai_8               
0000ea9c  __mspabi_srai_7               
0000ea9e  __mspabi_srai_6               
0000eaa0  __mspabi_srai_5               
0000eaa2  __mspabi_srai_4               
0000eaa4  __mspabi_srai_3               
0000eaa6  __mspabi_srai_2               
0000eaa8  __mspabi_srai_1               
0000eaac  __mspabi_slli                 
0000eab8  __mspabi_slli_15              
0000eaba  __mspabi_slli_14              
0000eabc  __mspabi_slli_13              
0000eabe  __mspabi_slli_12              
0000eac0  __mspabi_slli_11              
0000eac2  __mspabi_slli_10              
0000eac4  __mspabi_slli_9               
0000eac6  __mspabi_slli_8               
0000eac8  __mspabi_slli_7               
0000eaca  __mspabi_slli_6               
0000eacc  __mspabi_slli_5               
0000eace  __mspabi_slli_4               
0000ead0  __mspabi_slli_3               
0000ead2  __mspabi_slli_2               
0000ead4  __mspabi_slli_1               
0000ead8  Compare2String                
0000eb02  UARTSendString                
0000eb2a  __mspabi_mpyl                 
0000eb2a  __mspabi_mpyl_sw              
0000eb50  Configure_Clock               
0000eb72  calculateDistance             
0000eb94  _c_int00_noargs               
0000ebb0  Configure_IO                  
0000ebc6  __mspabi_mpyi                 
0000ebc6  __mspabi_mpyi_sw              
0000ebda  copysignf                     
0000ebec  __TI_decompress_none          
0000ebfe  __mspabi_srll                 
0000ec10  memcpy                        
0000ec22  __mspabi_sral                 
0000ec32  __mspabi_slll                 
0000ec42  __mspabi_func_epilog_7        
0000ec44  __mspabi_func_epilog_6        
0000ec46  __mspabi_func_epilog_5        
0000ec48  __mspabi_func_epilog_4        
0000ec4a  __mspabi_func_epilog_3        
0000ec4c  __mspabi_func_epilog_2        
0000ec4e  __mspabi_func_epilog_1        
0000ec52  UARTReadChar                  
0000ec5e  UARTSendByte                  
0000ec6a  __mspabi_fltid                
0000ec76  __mspabi_negf                 
0000ec80  __TI_ISR_TRAP                 
0000ec88  C$$EXIT                       
0000ec88  abort                         
0000ec8e  _system_pre_init              
0000ec92  _system_post_cinit            
0000ed48  __TI_Handler_Table_Base       
0000ed4c  __TI_CINIT_Base               
0000ed4c  __TI_Handler_Table_Limit      
0000ed50  __TI_CINIT_Limit              
0000ffe0  __TI_int00                    
0000ffe4  __TI_int02                    
0000ffe6  __TI_int03                    
0000ffea  __TI_int05                    
0000ffec  __TI_int06                    
0000ffee  __TI_int07                    
0000fff0  __TI_int08                    
0000fff2  __TI_int09                    
0000fff4  __TI_int10                    
0000fff6  __TI_int11                    
0000fff8  __TI_int12                    
0000fffa  __TI_int13                    
0000fffc  __TI_int14                    
0000fffe  _reset_vector                 
ffffffff  __TI_pprof_out_hndl           
ffffffff  __TI_prof_data_size           
ffffffff  __TI_prof_data_start          
ffffffff  __c_args__                    

[296 symbols]
