******************************************************************************
                  MSP430 Linker PC v18.1.1                     
******************************************************************************
>> Linked Thu May 17 11:50:25 2018

OUTPUT FILE NAME:   <WifiPositioningSystem.out>
ENTRY POINT SYMBOL: "_c_int00_noargs"  address: 0000e940


MEMORY CONFIGURATION

         name            origin    length      used     unused   attr    fill
----------------------  --------  ---------  --------  --------  ----  --------
  SFR                   00000000   00000010  00000000  00000010  RWIX
  PERIPHERALS_8BIT      00000010   000000f0  00000000  000000f0  RWIX
  PERIPHERALS_16BIT     00000100   00000100  00000000  00000100  RWIX
  RAM                   00000200   00000200  000000f4  0000010c  RWIX
  INFOD                 00001000   00000040  00000000  00000040  RWIX
  INFOC                 00001040   00000040  00000000  00000040  RWIX
  INFOB                 00001080   00000040  00000000  00000040  RWIX
  INFOA                 000010c0   00000040  00000000  00000040  RWIX
  FLASH                 0000c000   00003fde  00002bae  00001430  RWIX
  BSLSIGNATURE          0000ffde   00000002  00000002  00000000  RWIX  ffff 
  INT00                 0000ffe0   00000002  00000002  00000000  RWIX
  INT01                 0000ffe2   00000002  00000000  00000002  RWIX
  INT02                 0000ffe4   00000002  00000002  00000000  RWIX
  INT03                 0000ffe6   00000002  00000002  00000000  RWIX
  INT04                 0000ffe8   00000002  00000000  00000002  RWIX
  INT05                 0000ffea   00000002  00000002  00000000  RWIX
  INT06                 0000ffec   00000002  00000002  00000000  RWIX
  INT07                 0000ffee   00000002  00000002  00000000  RWIX
  INT08                 0000fff0   00000002  00000002  00000000  RWIX
  INT09                 0000fff2   00000002  00000002  00000000  RWIX
  INT10                 0000fff4   00000002  00000002  00000000  RWIX
  INT11                 0000fff6   00000002  00000002  00000000  RWIX
  INT12                 0000fff8   00000002  00000002  00000000  RWIX
  INT13                 0000fffa   00000002  00000002  00000000  RWIX
  INT14                 0000fffc   00000002  00000002  00000000  RWIX
  RESET                 0000fffe   00000002  00000002  00000000  RWIX


SECTION ALLOCATION MAP

 output                                  attributes/
section   page    origin      length       input sections
--------  ----  ----------  ----------   ----------------
.data      0    00000200    0000008e     UNINITIALIZED
                  00000200    00000032     main.obj (.data:data)
                  00000232    0000000c     main.obj (.data:COORDINATESOFAPS)
                  0000023e    0000000c     main.obj (.data:DISTANCE)
                  0000024a    0000000c     wps.obj (.data:coordinates$4)
                  00000256    0000000c     wps.obj (.data:distance$2)
                  00000262    0000000a     main.obj (.data)
                  0000026c    00000009     main.obj (.data:RSSIString)
                  00000275    00000001     --HOLE--
                  00000276    00000008     main.obj (.data:LOCATION)
                  0000027e    00000007     main.obj (.data:buffer)
                  00000285    00000001     --HOLE--
                  00000286    00000006     main.obj (.data:RSSI)
                  0000028c    00000002     rts430_eabi.lib : errno.c.obj (.data)

.bss       0    0000028e    00000016     UNINITIALIZED
                  0000028e    00000008     wps.obj (.bss:location$3)
                  00000296    00000006     wps.obj (.bss:rssi$1)
                  0000029c    00000002     (.common:p_coordinates)
                  0000029e    00000002     (.common:p_distance)
                  000002a0    00000002     (.common:p_location)
                  000002a2    00000002     (.common:p_rssi)

.stack     0    000003b0    00000050     UNINITIALIZED
                  000003b0    00000002     rts430_eabi.lib : boot.c.obj (.stack)
                  000003b2    0000004e     --HOLE--

.text      0    0000c000    00002a78     
                  0000c000    00000a60     rts430_eabi.lib : e_powf.c.obj (.text:powf)
                  0000ca60    0000035a     wps.obj (.text:calculateLocation)
                  0000cdba    000002fa     rts430_eabi.lib : addd.c.obj (.text:__mspabi_addd)
                  0000d0b4    00000286                     : frcmpyd.c.obj (.text:__TI_frcmpyd)
                  0000d33a    0000026e                     : mpyd.c.obj (.text:__mspabi_mpyd)
                  0000d5a8    00000260                     : frcaddd.c.obj (.text:__TI_frcaddd)
                  0000d808    0000013c                     : e_sqrtf.c.obj (.text:sqrtf)
                  0000d944    00000134     main.obj (.text:main)
                  0000da78    00000132     rts430_eabi.lib : fs_add.asm.obj (.text)
                  0000dbaa    00000114                     : s_scalbnf.c.obj (.text:scalbnf)
                  0000dcbe    000000fc     wps.obj (.text:UARTSendFloat)
                  0000ddba    000000dc     rts430_eabi.lib : cmpd.c.obj (.text:__mspabi_cmpd)
                  0000de96    000000c4                     : fs_mpy.asm.obj (.text)
                  0000df5a    000000be                     : renormd.c.obj (.text:__TI_renormd)
                  0000e018    0000009c                     : fs_div.asm.obj (.text)
                  0000e0b4    00000090     main.obj (.text:USCI0RX_ISR)
                  0000e144    0000008e     wps.obj (.text:calculateDistance)
                  0000e1d2    0000008c     rts430_eabi.lib : cvtdf.c.obj (.text:__mspabi_cvtdf)
                  0000e25e    0000007c                     : copy_decompress_lzss.c.obj (.text:decompress:lzss:__TI_decompress_lzss)
                  0000e2da    00000078     wps.obj (.text:UARTSendInt)
                  0000e352    00000074     wps.obj (.text:ConvertRSSI2Number)
                  0000e3c6    00000074     rts430_eabi.lib : fixdul.c.obj (.text:__mspabi_fixdul)
                  0000e43a    00000072                     : cvtfd.c.obj (.text:__mspabi_cvtfd)
                  0000e4ac    0000005c                     : lsr32.asm.obj (.text:l_lsr_const)
                  0000e508    00000058     wps.obj (.text:SendLocationToServer)
                  0000e560    0000004c     wps.obj (.text:EndOfReceiving)
                  0000e5ac    0000004c     rts430_eabi.lib : lsr16.asm.obj (.text)
                  0000e5f8    0000004a                     : fs_cmp.asm.obj (.text)
                  0000e642    0000004a                     : fs_ltof.asm.obj (.text)
                  0000e68c    00000042                     : autoinit.c.obj (.text:__TI_auto_init_nobinit_nopinit:__TI_auto_init_nobinit_nopinit)
                  0000e6ce    0000003e                     : asr32.asm.obj (.text:l_asr_const)
                  0000e70c    0000003e                     : lsl32.asm.obj (.text:l_lsl_const)
                  0000e74a    00000038     wps.obj (.text:UARTSendString)
                  0000e782    00000036     configMSP430.obj (.text:Configure_UART)
                  0000e7b8    00000036     rts430_eabi.lib : fs_itof.asm.obj (.text)
                  0000e7ee    00000032                     : fs_ultof.asm.obj (.text)
                  0000e820    0000002c                     : asr16.asm.obj (.text)
                  0000e84c    0000002c                     : div16s.asm.obj (.text)
                  0000e878    0000002c                     : lsl16.asm.obj (.text)
                  0000e8a4    0000002a     wps.obj (.text:Compare2String)
                  0000e8ce    0000002a     rts430_eabi.lib : negd.c.obj (.text:__mspabi_negd)
                  0000e8f8    00000026                     : mult32.asm.obj (.text)
                  0000e91e    00000022     configMSP430.obj (.text:Configure_Clock)
                  0000e940    0000001c     rts430_eabi.lib : boot.c.obj (.text:_c_int00_noargs)
                  0000e95c    00000016     configMSP430.obj (.text:Configure_IO)
                  0000e972    00000016     rts430_eabi.lib : div16u.asm.obj (.text)
                  0000e988    00000014     wps.obj (.text:WaitingFor)
                  0000e99c    00000014     rts430_eabi.lib : copy_zero_init.c.obj (.text:decompress:ZI:__TI_zero_init_nomemset:__TI_zero_init_nomemset)
                  0000e9b0    00000014                     : mult16.asm.obj (.text)
                  0000e9c4    00000012                     : s_copysignf.c.obj (.text:copysignf)
                  0000e9d6    00000012                     : copy_decompress_none.c.obj (.text:decompress:none:__TI_decompress_none)
                  0000e9e8    00000012                     : lsr32.asm.obj (.text:l_lsr)
                  0000e9fa    00000012                     : memcpy.c.obj (.text:memcpy)
                  0000ea0c    00000010                     : asr32.asm.obj (.text:l_asr)
                  0000ea1c    00000010                     : lsl32.asm.obj (.text:l_lsl)
                  0000ea2c    00000010                     : epilog.asm.obj (.text)
                  0000ea3c    0000000c     wps.obj (.text:UARTReadChar)
                  0000ea48    0000000c     wps.obj (.text:UARTSendByte)
                  0000ea54    0000000a     rts430_eabi.lib : fs_neg.asm.obj (.text)
                  0000ea5e    00000008                     : isr_trap.asm.obj (.text:_isr:__TI_ISR_TRAP)
                  0000ea66    00000006     wps.obj (.text:GetCoordinatesOfAPs)
                  0000ea6c    00000006     rts430_eabi.lib : exit.c.obj (.text:abort)
                  0000ea72    00000004                     : pre_init.c.obj (.text:_system_pre_init)
                  0000ea76    00000002                     : startup.c.obj (.text:_system_post_cinit)

.const     0    0000ea78    0000011c     
                  0000ea78    000000e0     main.obj (.const:.string)
                  0000eb58    00000024     wps.obj (.const:.string)
                  0000eb7c    00000008     rts430_eabi.lib : e_powf.c.obj (.const:bp)
                  0000eb84    00000008                     : e_powf.c.obj (.const:dp_h)
                  0000eb8c    00000008                     : e_powf.c.obj (.const:dp_l)

.cinit     0    0000eb94    0000001a     
                  0000eb94    00000008     (.cinit..data.load) [load image, compression = lzss]
                  0000eb9c    00000006     (__TI_handler_table)
                  0000eba2    00000004     (.cinit..bss.load) [load image, compression = zero_init]
                  0000eba6    00000008     (__TI_cinit_table)

.binit     0    0000c000    00000000     

.init_array 
*          0    0000c000    00000000     UNINITIALIZED

TRAPINT    0    0000ffe0    00000002     
                  0000ffe0    00000002     rts430_eabi.lib : int00.asm.obj (.int00)

PORT1      0    0000ffe4    00000002     
                  0000ffe4    00000002     rts430_eabi.lib : int02.asm.obj (.int02)

PORT2      0    0000ffe6    00000002     
                  0000ffe6    00000002     rts430_eabi.lib : int03.asm.obj (.int03)

ADC10      0    0000ffea    00000002     
                  0000ffea    00000002     rts430_eabi.lib : int05.asm.obj (.int05)

USCIAB0TX 
*          0    0000ffec    00000002     
                  0000ffec    00000002     rts430_eabi.lib : int06.asm.obj (.int06)

USCIAB0RX 
*          0    0000ffee    00000002     
                  0000ffee    00000002     main.obj (.int07)

TIMER0_A1 
*          0    0000fff0    00000002     
                  0000fff0    00000002     rts430_eabi.lib : int08.asm.obj (.int08)

TIMER0_A0 
*          0    0000fff2    00000002     
                  0000fff2    00000002     rts430_eabi.lib : int09.asm.obj (.int09)

WDT        0    0000fff4    00000002     
                  0000fff4    00000002     rts430_eabi.lib : int10.asm.obj (.int10)

COMPARATORA 
*          0    0000fff6    00000002     
                  0000fff6    00000002     rts430_eabi.lib : int11.asm.obj (.int11)

TIMER1_A1 
*          0    0000fff8    00000002     
                  0000fff8    00000002     rts430_eabi.lib : int12.asm.obj (.int12)

TIMER1_A0 
*          0    0000fffa    00000002     
                  0000fffa    00000002     rts430_eabi.lib : int13.asm.obj (.int13)

NMI        0    0000fffc    00000002     
                  0000fffc    00000002     rts430_eabi.lib : int14.asm.obj (.int14)

.reset     0    0000fffe    00000002     
                  0000fffe    00000002     rts430_eabi.lib : boot.c.obj (.reset)

$fill000   0    0000ffde    00000002     
                  0000ffde    00000002     --HOLE-- [fill = ffff]

MODULE SUMMARY

       Module                       code    ro data   rw data
       ------                       ----    -------   -------
    .\
       wps.obj                      1800    36        38     
       main.obj                     452     226       122    
       configMSP430.obj             110     0         0      
    +--+----------------------------+-------+---------+---------+
       Total:                       2362    262       160    
                                                             
    C:\TI\ccsv8\tools\compiler\ti-cgt-msp430_18.1.1.LTS\lib\rts430_eabi.lib
       e_powf.c.obj                 2656    24        0      
       addd.c.obj                   762     0         0      
       frcmpyd.c.obj                646     0         0      
       mpyd.c.obj                   622     0         0      
       frcaddd.c.obj                608     0         0      
       e_sqrtf.c.obj                316     0         0      
       fs_add.asm.obj               306     0         0      
       s_scalbnf.c.obj              276     0         0      
       cmpd.c.obj                   220     0         0      
       fs_mpy.asm.obj               196     0         0      
       renormd.c.obj                190     0         0      
       fs_div.asm.obj               156     0         0      
       cvtdf.c.obj                  140     0         0      
       copy_decompress_lzss.c.obj   124     0         0      
       fixdul.c.obj                 116     0         0      
       cvtfd.c.obj                  114     0         0      
       lsr32.asm.obj                110     0         0      
       asr32.asm.obj                78      0         0      
       lsl32.asm.obj                78      0         0      
       lsr16.asm.obj                76      0         0      
       fs_cmp.asm.obj               74      0         0      
       fs_ltof.asm.obj              74      0         0      
       autoinit.c.obj               66      0         0      
       fs_itof.asm.obj              54      0         0      
       fs_ultof.asm.obj             50      0         0      
       asr16.asm.obj                44      0         0      
       div16s.asm.obj               44      0         0      
       lsl16.asm.obj                44      0         0      
       negd.c.obj                   42      0         0      
       mult32.asm.obj               38      0         0      
       boot.c.obj                   28      2         0      
       div16u.asm.obj               22      0         0      
       copy_zero_init.c.obj         20      0         0      
       mult16.asm.obj               20      0         0      
       copy_decompress_none.c.obj   18      0         0      
       memcpy.c.obj                 18      0         0      
       s_copysignf.c.obj            18      0         0      
       epilog.asm.obj               16      0         0      
       fs_neg.asm.obj               10      0         0      
       isr_trap.asm.obj             8       0         0      
       exit.c.obj                   6       0         0      
       pre_init.c.obj               4       0         0      
       errno.c.obj                  0       0         2      
       int00.asm.obj                0       2         0      
       int02.asm.obj                0       2         0      
       int03.asm.obj                0       2         0      
       int05.asm.obj                0       2         0      
       int06.asm.obj                0       2         0      
       int08.asm.obj                0       2         0      
       int09.asm.obj                0       2         0      
       int10.asm.obj                0       2         0      
       int11.asm.obj                0       2         0      
       int12.asm.obj                0       2         0      
       int13.asm.obj                0       2         0      
       int14.asm.obj                0       2         0      
       startup.c.obj                2       0         0      
    +--+----------------------------+-------+---------+---------+
       Total:                       8510    50        2      
                                                             
       Stack:                       0       0         80     
       Linker Generated:            0       26        0      
    +--+----------------------------+-------+---------+---------+
       Grand Total:                 10872   338       242    


LINKER GENERATED COPY TABLES

__TI_cinit_table @ 0000eba6 records: 2, size/record: 4, table size: 8
	.data: load addr=0000eb94, load size=00000008 bytes, run addr=00000200, run size=0000008e bytes, compression=lzss
	.bss: load addr=0000eba2, load size=00000004 bytes, run addr=0000028e, run size=00000016 bytes, compression=zero_init


LINKER GENERATED HANDLER TABLE

__TI_handler_table @ 0000eb9c records: 3, size/record: 2, table size: 6
	index: 0, handler: __TI_zero_init
	index: 1, handler: __TI_decompress_lzss
	index: 2, handler: __TI_decompress_none


GLOBAL SYMBOLS: SORTED ALPHABETICALLY BY Name 

address   name                          
-------   ----                          
0000004a  ADC10AE0                      
000001b0  ADC10CTL0                     
000001b2  ADC10CTL1                     
00000048  ADC10DTC0                     
00000049  ADC10DTC1                     
000001b4  ADC10MEM                      
000001bc  ADC10SA                       
00000057  BCSCTL1                       
00000058  BCSCTL2                       
00000053  BCSCTL3                       
0000ea6c  C$$EXIT                       
00000059  CACTL1                        
0000005a  CACTL2                        
000010fb  CALBC1_12MHZ                  
000010f9  CALBC1_16MHZ                  
000010ff  CALBC1_1MHZ                   
000010fd  CALBC1_8MHZ                   
000010fa  CALDCO_12MHZ                  
000010f8  CALDCO_16MHZ                  
000010fe  CALDCO_1MHZ                   
000010fc  CALDCO_8MHZ                   
0000005b  CAPD                          
00000232  COORDINATESOFAPS              
0000e8a4  Compare2String                
0000e91e  Configure_Clock               
0000e95c  Configure_IO                  
0000e782  Configure_UART                
0000e352  ConvertRSSI2Number            
00000056  DCOCTL                        
0000023e  DISTANCE                      
0000e560  EndOfReceiving                
00000128  FCTL1                         
0000012a  FCTL2                         
0000012c  FCTL3                         
0000ea66  GetCoordinatesOfAPs           
00000000  IE1                           
00000001  IE2                           
00000002  IFG1                          
00000003  IFG2                          
00000276  LOCATION                      
00000022  P1DIR                         
00000025  P1IE                          
00000024  P1IES                         
00000023  P1IFG                         
00000020  P1IN                          
00000021  P1OUT                         
00000027  P1REN                         
00000026  P1SEL                         
00000041  P1SEL2                        
0000002a  P2DIR                         
0000002d  P2IE                          
0000002c  P2IES                         
0000002b  P2IFG                         
00000028  P2IN                          
00000029  P2OUT                         
0000002f  P2REN                         
0000002e  P2SEL                         
00000042  P2SEL2                        
0000001a  P3DIR                         
00000018  P3IN                          
00000019  P3OUT                         
00000010  P3REN                         
0000001b  P3SEL                         
00000043  P3SEL2                        
00000286  RSSI                          
0000026c  RSSIString                    
0000e508  SendLocationToServer          
00000172  TA0CCR0                       
00000174  TA0CCR1                       
00000176  TA0CCR2                       
00000162  TA0CCTL0                      
00000164  TA0CCTL1                      
00000166  TA0CCTL2                      
00000160  TA0CTL                        
0000012e  TA0IV                         
00000170  TA0R                          
00000192  TA1CCR0                       
00000194  TA1CCR1                       
00000196  TA1CCR2                       
00000182  TA1CCTL0                      
00000184  TA1CCTL1                      
00000186  TA1CCTL2                      
00000180  TA1CTL                        
0000011e  TA1IV                         
00000190  TA1R                          
000010db  TLV_ADC10_1_LEN               
000010da  TLV_ADC10_1_TAG               
000010c0  TLV_CHECKSUM                  
000010f7  TLV_DCO_30_LEN                
000010f6  TLV_DCO_30_TAG                
0000ea3c  UARTReadChar                  
0000ea48  UARTSendByte                  
0000dcbe  UARTSendFloat                 
0000e2da  UARTSendInt                   
0000e74a  UARTSendString                
0000005d  UCA0ABCTL                     
00000062  UCA0BR0                       
00000063  UCA0BR1                       
00000060  UCA0CTL0                      
00000061  UCA0CTL1                      
0000005f  UCA0IRRCTL                    
0000005e  UCA0IRTCTL                    
00000064  UCA0MCTL                      
00000066  UCA0RXBUF                     
00000065  UCA0STAT                      
00000067  UCA0TXBUF                     
0000006a  UCB0BR0                       
0000006b  UCB0BR1                       
00000068  UCB0CTL0                      
00000069  UCB0CTL1                      
0000006c  UCB0I2CIE                     
00000118  UCB0I2COA                     
0000011a  UCB0I2CSA                     
0000006e  UCB0RXBUF                     
0000006d  UCB0STAT                      
0000006f  UCB0TXBUF                     
0000e0b4  USCI0RX_ISR                   
00000120  WDTCTL                        
0000e988  WaitingFor                    
00000400  __STACK_END                   
00000050  __STACK_SIZE                  
0000eba6  __TI_CINIT_Base               
0000ebae  __TI_CINIT_Limit              
0000eb9c  __TI_Handler_Table_Base       
0000eba2  __TI_Handler_Table_Limit      
0000ea5e  __TI_ISR_TRAP                 
0000e68c  __TI_auto_init_nobinit_nopinit
0000e25e  __TI_decompress_lzss          
0000e9d6  __TI_decompress_none          
0000d5a8  __TI_frcaddd                  
0000d0b4  __TI_frcmpyd                  
0000ffe0  __TI_int00                    
0000ffe4  __TI_int02                    
0000ffe6  __TI_int03                    
0000ffea  __TI_int05                    
0000ffec  __TI_int06                    
0000ffee  __TI_int07                    
0000fff0  __TI_int08                    
0000fff2  __TI_int09                    
0000fff4  __TI_int10                    
0000fff6  __TI_int11                    
0000fff8  __TI_int12                    
0000fffa  __TI_int13                    
0000fffc  __TI_int14                    
ffffffff  __TI_pprof_out_hndl           
ffffffff  __TI_prof_data_size           
ffffffff  __TI_prof_data_start          
0000df5a  __TI_renormd                  
0000e99c  __TI_zero_init_nomemset       
ffffffff  __c_args__                    
0000cdba  __mspabi_addd                 
0000da7e  __mspabi_addf                 
0000ddba  __mspabi_cmpd                 
0000e5f8  __mspabi_cmpf                 
0000e1d2  __mspabi_cvtdf                
0000e43a  __mspabi_cvtfd                
0000e018  __mspabi_divf                 
0000e84c  __mspabi_divi                 
0000e972  __mspabi_divu                 
0000e3c6  __mspabi_fixdul               
0000e7b8  __mspabi_fltif                
0000e642  __mspabi_fltlif               
0000e7ee  __mspabi_fltulf               
0000ea38  __mspabi_func_epilog_1        
0000ea36  __mspabi_func_epilog_2        
0000ea34  __mspabi_func_epilog_3        
0000ea32  __mspabi_func_epilog_4        
0000ea30  __mspabi_func_epilog_5        
0000ea2e  __mspabi_func_epilog_6        
0000ea2c  __mspabi_func_epilog_7        
0000d33a  __mspabi_mpyd                 
0000de96  __mspabi_mpyf                 
0000e9b0  __mspabi_mpyi                 
0000e9b0  __mspabi_mpyi_sw              
0000e8f8  __mspabi_mpyl                 
0000e8f8  __mspabi_mpyl_sw              
0000e8ce  __mspabi_negd                 
0000ea54  __mspabi_negf                 
0000e84c  __mspabi_remi                 
0000e972  __mspabi_remu                 
0000e878  __mspabi_slli                 
0000e8a0  __mspabi_slli_1               
0000e88e  __mspabi_slli_10              
0000e88c  __mspabi_slli_11              
0000e88a  __mspabi_slli_12              
0000e888  __mspabi_slli_13              
0000e886  __mspabi_slli_14              
0000e884  __mspabi_slli_15              
0000e89e  __mspabi_slli_2               
0000e89c  __mspabi_slli_3               
0000e89a  __mspabi_slli_4               
0000e898  __mspabi_slli_5               
0000e896  __mspabi_slli_6               
0000e894  __mspabi_slli_7               
0000e892  __mspabi_slli_8               
0000e890  __mspabi_slli_9               
0000ea1c  __mspabi_slll                 
0000e744  __mspabi_slll_1               
0000e720  __mspabi_slll_10              
0000e71c  __mspabi_slll_11              
0000e718  __mspabi_slll_12              
0000e714  __mspabi_slll_13              
0000e710  __mspabi_slll_14              
0000e70c  __mspabi_slll_15              
0000e740  __mspabi_slll_2               
0000e73c  __mspabi_slll_3               
0000e738  __mspabi_slll_4               
0000e734  __mspabi_slll_5               
0000e730  __mspabi_slll_6               
0000e72c  __mspabi_slll_7               
0000e728  __mspabi_slll_8               
0000e724  __mspabi_slll_9               
0000e820  __mspabi_srai                 
0000e848  __mspabi_srai_1               
0000e836  __mspabi_srai_10              
0000e834  __mspabi_srai_11              
0000e832  __mspabi_srai_12              
0000e830  __mspabi_srai_13              
0000e82e  __mspabi_srai_14              
0000e82c  __mspabi_srai_15              
0000e846  __mspabi_srai_2               
0000e844  __mspabi_srai_3               
0000e842  __mspabi_srai_4               
0000e840  __mspabi_srai_5               
0000e83e  __mspabi_srai_6               
0000e83c  __mspabi_srai_7               
0000e83a  __mspabi_srai_8               
0000e838  __mspabi_srai_9               
0000ea0c  __mspabi_sral                 
0000e706  __mspabi_sral_1               
0000e6e2  __mspabi_sral_10              
0000e6de  __mspabi_sral_11              
0000e6da  __mspabi_sral_12              
0000e6d6  __mspabi_sral_13              
0000e6d2  __mspabi_sral_14              
0000e6ce  __mspabi_sral_15              
0000e702  __mspabi_sral_2               
0000e6fe  __mspabi_sral_3               
0000e6fa  __mspabi_sral_4               
0000e6f6  __mspabi_sral_5               
0000e6f2  __mspabi_sral_6               
0000e6ee  __mspabi_sral_7               
0000e6ea  __mspabi_sral_8               
0000e6e6  __mspabi_sral_9               
0000e5ac  __mspabi_srli                 
0000e5f2  __mspabi_srli_1               
0000e5ce  __mspabi_srli_10              
0000e5ca  __mspabi_srli_11              
0000e5c6  __mspabi_srli_12              
0000e5c2  __mspabi_srli_13              
0000e5be  __mspabi_srli_14              
0000e5ba  __mspabi_srli_15              
0000e5ee  __mspabi_srli_2               
0000e5ea  __mspabi_srli_3               
0000e5e6  __mspabi_srli_4               
0000e5e2  __mspabi_srli_5               
0000e5de  __mspabi_srli_6               
0000e5da  __mspabi_srli_7               
0000e5d6  __mspabi_srli_8               
0000e5d2  __mspabi_srli_9               
0000e9e8  __mspabi_srll                 
0000e500  __mspabi_srll_1               
0000e4ca  __mspabi_srll_10              
0000e4c4  __mspabi_srll_11              
0000e4be  __mspabi_srll_12              
0000e4b8  __mspabi_srll_13              
0000e4b2  __mspabi_srll_14              
0000e4ac  __mspabi_srll_15              
0000e4fa  __mspabi_srll_2               
0000e4f4  __mspabi_srll_3               
0000e4ee  __mspabi_srll_4               
0000e4e8  __mspabi_srll_5               
0000e4e2  __mspabi_srll_6               
0000e4dc  __mspabi_srll_7               
0000e4d6  __mspabi_srll_8               
0000e4d0  __mspabi_srll_9               
0000da78  __mspabi_subf                 
0000e940  _c_int00_noargs               
0000fffe  _reset_vector                 
000003b0  _stack                        
0000ea76  _system_post_cinit            
0000ea72  _system_pre_init              
0000ea6c  abort                         
0000027e  buffer                        
00000266  bufferIndex                   
0000e144  calculateDistance             
0000ca60  calculateLocation             
0000e9c4  copysignf                     
00000200  data                          
0000026a  dataIndex                     
0000028c  errno                         
00000268  getDataFromServerFlag         
00000262  getRSSIFlag                   
0000dbaa  ldexpf                        
0000d944  main                          
0000e9fa  memcpy                        
0000029c  p_coordinates                 
0000029e  p_distance                    
000002a0  p_location                    
000002a2  p_rssi                        
0000c000  powf                          
00000264  rssiStringIndex               
0000dbaa  scalbnf                       
0000d808  sqrtf                         


GLOBAL SYMBOLS: SORTED BY Symbol Address 

address   name                          
-------   ----                          
00000000  IE1                           
00000001  IE2                           
00000002  IFG1                          
00000003  IFG2                          
00000010  P3REN                         
00000018  P3IN                          
00000019  P3OUT                         
0000001a  P3DIR                         
0000001b  P3SEL                         
00000020  P1IN                          
00000021  P1OUT                         
00000022  P1DIR                         
00000023  P1IFG                         
00000024  P1IES                         
00000025  P1IE                          
00000026  P1SEL                         
00000027  P1REN                         
00000028  P2IN                          
00000029  P2OUT                         
0000002a  P2DIR                         
0000002b  P2IFG                         
0000002c  P2IES                         
0000002d  P2IE                          
0000002e  P2SEL                         
0000002f  P2REN                         
00000041  P1SEL2                        
00000042  P2SEL2                        
00000043  P3SEL2                        
00000048  ADC10DTC0                     
00000049  ADC10DTC1                     
0000004a  ADC10AE0                      
00000050  __STACK_SIZE                  
00000053  BCSCTL3                       
00000056  DCOCTL                        
00000057  BCSCTL1                       
00000058  BCSCTL2                       
00000059  CACTL1                        
0000005a  CACTL2                        
0000005b  CAPD                          
0000005d  UCA0ABCTL                     
0000005e  UCA0IRTCTL                    
0000005f  UCA0IRRCTL                    
00000060  UCA0CTL0                      
00000061  UCA0CTL1                      
00000062  UCA0BR0                       
00000063  UCA0BR1                       
00000064  UCA0MCTL                      
00000065  UCA0STAT                      
00000066  UCA0RXBUF                     
00000067  UCA0TXBUF                     
00000068  UCB0CTL0                      
00000069  UCB0CTL1                      
0000006a  UCB0BR0                       
0000006b  UCB0BR1                       
0000006c  UCB0I2CIE                     
0000006d  UCB0STAT                      
0000006e  UCB0RXBUF                     
0000006f  UCB0TXBUF                     
00000118  UCB0I2COA                     
0000011a  UCB0I2CSA                     
0000011e  TA1IV                         
00000120  WDTCTL                        
00000128  FCTL1                         
0000012a  FCTL2                         
0000012c  FCTL3                         
0000012e  TA0IV                         
00000160  TA0CTL                        
00000162  TA0CCTL0                      
00000164  TA0CCTL1                      
00000166  TA0CCTL2                      
00000170  TA0R                          
00000172  TA0CCR0                       
00000174  TA0CCR1                       
00000176  TA0CCR2                       
00000180  TA1CTL                        
00000182  TA1CCTL0                      
00000184  TA1CCTL1                      
00000186  TA1CCTL2                      
00000190  TA1R                          
00000192  TA1CCR0                       
00000194  TA1CCR1                       
00000196  TA1CCR2                       
000001b0  ADC10CTL0                     
000001b2  ADC10CTL1                     
000001b4  ADC10MEM                      
000001bc  ADC10SA                       
00000200  data                          
00000232  COORDINATESOFAPS              
0000023e  DISTANCE                      
00000262  getRSSIFlag                   
00000264  rssiStringIndex               
00000266  bufferIndex                   
00000268  getDataFromServerFlag         
0000026a  dataIndex                     
0000026c  RSSIString                    
00000276  LOCATION                      
0000027e  buffer                        
00000286  RSSI                          
0000028c  errno                         
0000029c  p_coordinates                 
0000029e  p_distance                    
000002a0  p_location                    
000002a2  p_rssi                        
000003b0  _stack                        
00000400  __STACK_END                   
000010c0  TLV_CHECKSUM                  
000010da  TLV_ADC10_1_TAG               
000010db  TLV_ADC10_1_LEN               
000010f6  TLV_DCO_30_TAG                
000010f7  TLV_DCO_30_LEN                
000010f8  CALDCO_16MHZ                  
000010f9  CALBC1_16MHZ                  
000010fa  CALDCO_12MHZ                  
000010fb  CALBC1_12MHZ                  
000010fc  CALDCO_8MHZ                   
000010fd  CALBC1_8MHZ                   
000010fe  CALDCO_1MHZ                   
000010ff  CALBC1_1MHZ                   
0000c000  powf                          
0000ca60  calculateLocation             
0000cdba  __mspabi_addd                 
0000d0b4  __TI_frcmpyd                  
0000d33a  __mspabi_mpyd                 
0000d5a8  __TI_frcaddd                  
0000d808  sqrtf                         
0000d944  main                          
0000da78  __mspabi_subf                 
0000da7e  __mspabi_addf                 
0000dbaa  ldexpf                        
0000dbaa  scalbnf                       
0000dcbe  UARTSendFloat                 
0000ddba  __mspabi_cmpd                 
0000de96  __mspabi_mpyf                 
0000df5a  __TI_renormd                  
0000e018  __mspabi_divf                 
0000e0b4  USCI0RX_ISR                   
0000e144  calculateDistance             
0000e1d2  __mspabi_cvtdf                
0000e25e  __TI_decompress_lzss          
0000e2da  UARTSendInt                   
0000e352  ConvertRSSI2Number            
0000e3c6  __mspabi_fixdul               
0000e43a  __mspabi_cvtfd                
0000e4ac  __mspabi_srll_15              
0000e4b2  __mspabi_srll_14              
0000e4b8  __mspabi_srll_13              
0000e4be  __mspabi_srll_12              
0000e4c4  __mspabi_srll_11              
0000e4ca  __mspabi_srll_10              
0000e4d0  __mspabi_srll_9               
0000e4d6  __mspabi_srll_8               
0000e4dc  __mspabi_srll_7               
0000e4e2  __mspabi_srll_6               
0000e4e8  __mspabi_srll_5               
0000e4ee  __mspabi_srll_4               
0000e4f4  __mspabi_srll_3               
0000e4fa  __mspabi_srll_2               
0000e500  __mspabi_srll_1               
0000e508  SendLocationToServer          
0000e560  EndOfReceiving                
0000e5ac  __mspabi_srli                 
0000e5ba  __mspabi_srli_15              
0000e5be  __mspabi_srli_14              
0000e5c2  __mspabi_srli_13              
0000e5c6  __mspabi_srli_12              
0000e5ca  __mspabi_srli_11              
0000e5ce  __mspabi_srli_10              
0000e5d2  __mspabi_srli_9               
0000e5d6  __mspabi_srli_8               
0000e5da  __mspabi_srli_7               
0000e5de  __mspabi_srli_6               
0000e5e2  __mspabi_srli_5               
0000e5e6  __mspabi_srli_4               
0000e5ea  __mspabi_srli_3               
0000e5ee  __mspabi_srli_2               
0000e5f2  __mspabi_srli_1               
0000e5f8  __mspabi_cmpf                 
0000e642  __mspabi_fltlif               
0000e68c  __TI_auto_init_nobinit_nopinit
0000e6ce  __mspabi_sral_15              
0000e6d2  __mspabi_sral_14              
0000e6d6  __mspabi_sral_13              
0000e6da  __mspabi_sral_12              
0000e6de  __mspabi_sral_11              
0000e6e2  __mspabi_sral_10              
0000e6e6  __mspabi_sral_9               
0000e6ea  __mspabi_sral_8               
0000e6ee  __mspabi_sral_7               
0000e6f2  __mspabi_sral_6               
0000e6f6  __mspabi_sral_5               
0000e6fa  __mspabi_sral_4               
0000e6fe  __mspabi_sral_3               
0000e702  __mspabi_sral_2               
0000e706  __mspabi_sral_1               
0000e70c  __mspabi_slll_15              
0000e710  __mspabi_slll_14              
0000e714  __mspabi_slll_13              
0000e718  __mspabi_slll_12              
0000e71c  __mspabi_slll_11              
0000e720  __mspabi_slll_10              
0000e724  __mspabi_slll_9               
0000e728  __mspabi_slll_8               
0000e72c  __mspabi_slll_7               
0000e730  __mspabi_slll_6               
0000e734  __mspabi_slll_5               
0000e738  __mspabi_slll_4               
0000e73c  __mspabi_slll_3               
0000e740  __mspabi_slll_2               
0000e744  __mspabi_slll_1               
0000e74a  UARTSendString                
0000e782  Configure_UART                
0000e7b8  __mspabi_fltif                
0000e7ee  __mspabi_fltulf               
0000e820  __mspabi_srai                 
0000e82c  __mspabi_srai_15              
0000e82e  __mspabi_srai_14              
0000e830  __mspabi_srai_13              
0000e832  __mspabi_srai_12              
0000e834  __mspabi_srai_11              
0000e836  __mspabi_srai_10              
0000e838  __mspabi_srai_9               
0000e83a  __mspabi_srai_8               
0000e83c  __mspabi_srai_7               
0000e83e  __mspabi_srai_6               
0000e840  __mspabi_srai_5               
0000e842  __mspabi_srai_4               
0000e844  __mspabi_srai_3               
0000e846  __mspabi_srai_2               
0000e848  __mspabi_srai_1               
0000e84c  __mspabi_divi                 
0000e84c  __mspabi_remi                 
0000e878  __mspabi_slli                 
0000e884  __mspabi_slli_15              
0000e886  __mspabi_slli_14              
0000e888  __mspabi_slli_13              
0000e88a  __mspabi_slli_12              
0000e88c  __mspabi_slli_11              
0000e88e  __mspabi_slli_10              
0000e890  __mspabi_slli_9               
0000e892  __mspabi_slli_8               
0000e894  __mspabi_slli_7               
0000e896  __mspabi_slli_6               
0000e898  __mspabi_slli_5               
0000e89a  __mspabi_slli_4               
0000e89c  __mspabi_slli_3               
0000e89e  __mspabi_slli_2               
0000e8a0  __mspabi_slli_1               
0000e8a4  Compare2String                
0000e8ce  __mspabi_negd                 
0000e8f8  __mspabi_mpyl                 
0000e8f8  __mspabi_mpyl_sw              
0000e91e  Configure_Clock               
0000e940  _c_int00_noargs               
0000e95c  Configure_IO                  
0000e972  __mspabi_divu                 
0000e972  __mspabi_remu                 
0000e988  WaitingFor                    
0000e99c  __TI_zero_init_nomemset       
0000e9b0  __mspabi_mpyi                 
0000e9b0  __mspabi_mpyi_sw              
0000e9c4  copysignf                     
0000e9d6  __TI_decompress_none          
0000e9e8  __mspabi_srll                 
0000e9fa  memcpy                        
0000ea0c  __mspabi_sral                 
0000ea1c  __mspabi_slll                 
0000ea2c  __mspabi_func_epilog_7        
0000ea2e  __mspabi_func_epilog_6        
0000ea30  __mspabi_func_epilog_5        
0000ea32  __mspabi_func_epilog_4        
0000ea34  __mspabi_func_epilog_3        
0000ea36  __mspabi_func_epilog_2        
0000ea38  __mspabi_func_epilog_1        
0000ea3c  UARTReadChar                  
0000ea48  UARTSendByte                  
0000ea54  __mspabi_negf                 
0000ea5e  __TI_ISR_TRAP                 
0000ea66  GetCoordinatesOfAPs           
0000ea6c  C$$EXIT                       
0000ea6c  abort                         
0000ea72  _system_pre_init              
0000ea76  _system_post_cinit            
0000eb9c  __TI_Handler_Table_Base       
0000eba2  __TI_Handler_Table_Limit      
0000eba6  __TI_CINIT_Base               
0000ebae  __TI_CINIT_Limit              
0000ffe0  __TI_int00                    
0000ffe4  __TI_int02                    
0000ffe6  __TI_int03                    
0000ffea  __TI_int05                    
0000ffec  __TI_int06                    
0000ffee  __TI_int07                    
0000fff0  __TI_int08                    
0000fff2  __TI_int09                    
0000fff4  __TI_int10                    
0000fff6  __TI_int11                    
0000fff8  __TI_int12                    
0000fffa  __TI_int13                    
0000fffc  __TI_int14                    
0000fffe  _reset_vector                 
ffffffff  __TI_pprof_out_hndl           
ffffffff  __TI_prof_data_size           
ffffffff  __TI_prof_data_start          
ffffffff  __c_args__                    

[304 symbols]
