******************************************************************************
                  MSP430 Linker PC v18.1.1                     
******************************************************************************
>> Linked Mon Apr 16 11:25:35 2018

OUTPUT FILE NAME:   <WifiPositioningSystem.out>
ENTRY POINT SYMBOL: "_c_int00_noargs"  address: 0000d564


MEMORY CONFIGURATION

         name            origin    length      used     unused   attr    fill
----------------------  --------  ---------  --------  --------  ----  --------
  SFR                   00000000   00000010  00000000  00000010  RWIX
  PERIPHERALS_8BIT      00000010   000000f0  00000000  000000f0  RWIX
  PERIPHERALS_16BIT     00000100   00000100  00000000  00000100  RWIX
  RAM                   00000200   00000200  0000008e  00000172  RWIX
  INFOD                 00001000   00000040  00000000  00000040  RWIX
  INFOC                 00001040   00000040  00000000  00000040  RWIX
  INFOB                 00001080   00000040  00000000  00000040  RWIX
  INFOA                 000010c0   00000040  00000000  00000040  RWIX
  FLASH                 0000c000   00003fde  000016f4  000028ea  RWIX
  BSLSIGNATURE          0000ffde   00000002  00000002  00000000  RWIX  ffff 
  INT00                 0000ffe0   00000002  00000002  00000000  RWIX
  INT01                 0000ffe2   00000002  00000000  00000002  RWIX
  INT02                 0000ffe4   00000002  00000002  00000000  RWIX
  INT03                 0000ffe6   00000002  00000002  00000000  RWIX
  INT04                 0000ffe8   00000002  00000000  00000002  RWIX
  INT05                 0000ffea   00000002  00000002  00000000  RWIX
  INT06                 0000ffec   00000002  00000002  00000000  RWIX
  INT07                 0000ffee   00000002  00000002  00000000  RWIX
  INT08                 0000fff0   00000002  00000002  00000000  RWIX
  INT09                 0000fff2   00000002  00000002  00000000  RWIX
  INT10                 0000fff4   00000002  00000002  00000000  RWIX
  INT11                 0000fff6   00000002  00000002  00000000  RWIX
  INT12                 0000fff8   00000002  00000002  00000000  RWIX
  INT13                 0000fffa   00000002  00000002  00000000  RWIX
  INT14                 0000fffc   00000002  00000002  00000000  RWIX
  RESET                 0000fffe   00000002  00000002  00000000  RWIX


SECTION ALLOCATION MAP

 output                                  attributes/
section   page    origin      length       input sections
--------  ----  ----------  ----------   ----------------
.data      0    00000200    0000003e     UNINITIALIZED
                  00000200    0000001e     main.obj (.data)
                  0000021e    0000000c     wps.obj (.data)
                  0000022a    00000009     main.obj (.data:data)
                  00000233    00000001     --HOLE--
                  00000234    00000007     main.obj (.data:buffer)
                  0000023b    00000001     --HOLE--
                  0000023c    00000002     rts430_eabi.lib : errno.c.obj (.data)

.stack     0    000003b0    00000050     UNINITIALIZED
                  000003b0    00000002     rts430_eabi.lib : boot.c.obj (.stack)
                  000003b2    0000004e     --HOLE--

.text      0    0000c000    00001646     
                  0000c000    00000a60     rts430_eabi.lib : e_powf.c.obj (.text:powf)
                  0000ca60    00000154     wps.obj (.text:calculateLocation)
                  0000cbb4    0000013c     rts430_eabi.lib : e_sqrtf.c.obj (.text:sqrtf)
                  0000ccf0    00000132                     : fs_add.asm.obj (.text)
                  0000ce22    00000114                     : s_scalbnf.c.obj (.text:scalbnf)
                  0000cf36    000000de     main.obj (.text:main)
                  0000d014    000000c4     rts430_eabi.lib : fs_mpy.asm.obj (.text)
                  0000d0d8    0000009c                     : fs_div.asm.obj (.text)
                  0000d174    0000007c                     : copy_decompress_lzss.c.obj (.text:decompress:lzss:__TI_decompress_lzss)
                  0000d1f0    0000006a     main.obj (.text:USCI0RX_ISR)
                  0000d25a    0000005c     wps.obj (.text:ConvertRSSI2Number)
                  0000d2b6    0000004c     rts430_eabi.lib : lsr16.asm.obj (.text)
                  0000d302    0000004a                     : fs_cmp.asm.obj (.text)
                  0000d34c    0000004a                     : fs_ltof.asm.obj (.text)
                  0000d396    00000042                     : autoinit.c.obj (.text:__TI_auto_init_nobinit_nopinit:__TI_auto_init_nobinit_nopinit)
                  0000d3d8    00000036     wps.obj (.text:Configure_UART)
                  0000d40e    00000036     rts430_eabi.lib : fs_itof.asm.obj (.text)
                  0000d444    00000032     wps.obj (.text:EndOfReceiving)
                  0000d476    0000002c     rts430_eabi.lib : asr16.asm.obj (.text)
                  0000d4a2    0000002c                     : lsl16.asm.obj (.text)
                  0000d4ce    0000002a     wps.obj (.text:Compare2String)
                  0000d4f8    00000028     wps.obj (.text:UARTSendString)
                  0000d520    00000022     wps.obj (.text:Configure_Clock)
                  0000d542    00000022     wps.obj (.text:calculateDistance)
                  0000d564    0000001c     rts430_eabi.lib : boot.c.obj (.text:_c_int00_noargs)
                  0000d580    00000016     wps.obj (.text:Configure_IO)
                  0000d596    00000014     rts430_eabi.lib : mult16.asm.obj (.text)
                  0000d5aa    00000012                     : s_copysignf.c.obj (.text:copysignf)
                  0000d5bc    00000012                     : copy_decompress_none.c.obj (.text:decompress:none:__TI_decompress_none)
                  0000d5ce    00000012                     : memcpy.c.obj (.text:memcpy)
                  0000d5e0    00000010                     : asr32.asm.obj (.text:l_asr)
                  0000d5f0    00000010                     : lsl32.asm.obj (.text:l_lsl)
                  0000d600    00000010                     : epilog.asm.obj (.text)
                  0000d610    0000000c     wps.obj (.text:UARTReadChar)
                  0000d61c    0000000c     wps.obj (.text:UARTSendByte)
                  0000d628    0000000a     rts430_eabi.lib : fs_neg.asm.obj (.text)
                  0000d632    00000008                     : isr_trap.asm.obj (.text:_isr:__TI_ISR_TRAP)
                  0000d63a    00000006                     : exit.c.obj (.text:abort)
                  0000d640    00000004                     : pre_init.c.obj (.text:_system_pre_init)
                  0000d644    00000002                     : startup.c.obj (.text:_system_post_cinit)

.const     0    0000d646    00000092     
                  0000d646    00000060     main.obj (.const:.string)
                  0000d6a6    0000000e     wps.obj (.const:.string)
                  0000d6b4    0000000c     wps.obj (.const)
                  0000d6c0    00000008     rts430_eabi.lib : e_powf.c.obj (.const:bp)
                  0000d6c8    00000008                     : e_powf.c.obj (.const:dp_h)
                  0000d6d0    00000008                     : e_powf.c.obj (.const:dp_l)

.cinit     0    0000d6d8    0000001c     
                  0000d6d8    00000013     (.cinit..data.load) [load image, compression = lzss]
                  0000d6eb    00000001     --HOLE-- [fill = 0]
                  0000d6ec    00000004     (__TI_handler_table)
                  0000d6f0    00000004     (__TI_cinit_table)

.binit     0    0000c000    00000000     

.init_array 
*          0    0000c000    00000000     UNINITIALIZED

TRAPINT    0    0000ffe0    00000002     
                  0000ffe0    00000002     rts430_eabi.lib : int00.asm.obj (.int00)

PORT1      0    0000ffe4    00000002     
                  0000ffe4    00000002     rts430_eabi.lib : int02.asm.obj (.int02)

PORT2      0    0000ffe6    00000002     
                  0000ffe6    00000002     rts430_eabi.lib : int03.asm.obj (.int03)

ADC10      0    0000ffea    00000002     
                  0000ffea    00000002     rts430_eabi.lib : int05.asm.obj (.int05)

USCIAB0TX 
*          0    0000ffec    00000002     
                  0000ffec    00000002     rts430_eabi.lib : int06.asm.obj (.int06)

USCIAB0RX 
*          0    0000ffee    00000002     
                  0000ffee    00000002     main.obj (.int07)

TIMER0_A1 
*          0    0000fff0    00000002     
                  0000fff0    00000002     rts430_eabi.lib : int08.asm.obj (.int08)

TIMER0_A0 
*          0    0000fff2    00000002     
                  0000fff2    00000002     rts430_eabi.lib : int09.asm.obj (.int09)

WDT        0    0000fff4    00000002     
                  0000fff4    00000002     rts430_eabi.lib : int10.asm.obj (.int10)

COMPARATORA 
*          0    0000fff6    00000002     
                  0000fff6    00000002     rts430_eabi.lib : int11.asm.obj (.int11)

TIMER1_A1 
*          0    0000fff8    00000002     
                  0000fff8    00000002     rts430_eabi.lib : int12.asm.obj (.int12)

TIMER1_A0 
*          0    0000fffa    00000002     
                  0000fffa    00000002     rts430_eabi.lib : int13.asm.obj (.int13)

NMI        0    0000fffc    00000002     
                  0000fffc    00000002     rts430_eabi.lib : int14.asm.obj (.int14)

.reset     0    0000fffe    00000002     
                  0000fffe    00000002     rts430_eabi.lib : boot.c.obj (.reset)

$fill000   0    0000ffde    00000002     
                  0000ffde    00000002     --HOLE-- [fill = ffff]

MODULE SUMMARY

       Module                       code   ro data   rw data
       ------                       ----   -------   -------
    .\
       wps.obj                      732    26        12     
       main.obj                     328    98        46     
    +--+----------------------------+------+---------+---------+
       Total:                       1060   124       58     
                                                            
    C:\TI\ccsv8\tools\compiler\ti-cgt-msp430_18.1.1.LTS\lib\rts430_eabi.lib
       e_powf.c.obj                 2656   24        0      
       e_sqrtf.c.obj                316    0         0      
       fs_add.asm.obj               306    0         0      
       s_scalbnf.c.obj              276    0         0      
       fs_mpy.asm.obj               196    0         0      
       fs_div.asm.obj               156    0         0      
       copy_decompress_lzss.c.obj   124    0         0      
       lsr16.asm.obj                76     0         0      
       fs_cmp.asm.obj               74     0         0      
       fs_ltof.asm.obj              74     0         0      
       autoinit.c.obj               66     0         0      
       fs_itof.asm.obj              54     0         0      
       asr16.asm.obj                44     0         0      
       lsl16.asm.obj                44     0         0      
       boot.c.obj                   28     2         0      
       mult16.asm.obj               20     0         0      
       copy_decompress_none.c.obj   18     0         0      
       memcpy.c.obj                 18     0         0      
       s_copysignf.c.obj            18     0         0      
       asr32.asm.obj                16     0         0      
       epilog.asm.obj               16     0         0      
       lsl32.asm.obj                16     0         0      
       fs_neg.asm.obj               10     0         0      
       isr_trap.asm.obj             8      0         0      
       exit.c.obj                   6      0         0      
       pre_init.c.obj               4      0         0      
       errno.c.obj                  0      0         2      
       int00.asm.obj                0      2         0      
       int02.asm.obj                0      2         0      
       int03.asm.obj                0      2         0      
       int05.asm.obj                0      2         0      
       int06.asm.obj                0      2         0      
       int08.asm.obj                0      2         0      
       int09.asm.obj                0      2         0      
       int10.asm.obj                0      2         0      
       int11.asm.obj                0      2         0      
       int12.asm.obj                0      2         0      
       int13.asm.obj                0      2         0      
       int14.asm.obj                0      2         0      
       startup.c.obj                2      0         0      
    +--+----------------------------+------+---------+---------+
       Total:                       4642   50        2      
                                                            
       Stack:                       0      0         80     
       Linker Generated:            0      27        0      
    +--+----------------------------+------+---------+---------+
       Grand Total:                 5702   201       140    


LINKER GENERATED COPY TABLES

__TI_cinit_table @ 0000d6f0 records: 1, size/record: 4, table size: 4
	.data: load addr=0000d6d8, load size=00000013 bytes, run addr=00000200, run size=0000003e bytes, compression=lzss


LINKER GENERATED HANDLER TABLE

__TI_handler_table @ 0000d6ec records: 2, size/record: 2, table size: 4
	index: 0, handler: __TI_decompress_lzss
	index: 1, handler: __TI_decompress_none


GLOBAL SYMBOLS: SORTED ALPHABETICALLY BY Name 

address   name                          
-------   ----                          
0000004a  ADC10AE0                      
000001b0  ADC10CTL0                     
000001b2  ADC10CTL1                     
00000048  ADC10DTC0                     
00000049  ADC10DTC1                     
000001b4  ADC10MEM                      
000001bc  ADC10SA                       
00000057  BCSCTL1                       
00000058  BCSCTL2                       
00000053  BCSCTL3                       
0000d63a  C$$EXIT                       
00000059  CACTL1                        
0000005a  CACTL2                        
000010fb  CALBC1_12MHZ                  
000010f9  CALBC1_16MHZ                  
000010ff  CALBC1_1MHZ                   
000010fd  CALBC1_8MHZ                   
000010fa  CALDCO_12MHZ                  
000010f8  CALDCO_16MHZ                  
000010fe  CALDCO_1MHZ                   
000010fc  CALDCO_8MHZ                   
0000005b  CAPD                          
0000d4ce  Compare2String                
0000d520  Configure_Clock               
0000d580  Configure_IO                  
0000d3d8  Configure_UART                
0000d25a  ConvertRSSI2Number            
00000056  DCOCTL                        
00000228  ERROR                         
0000d444  EndOfReceiving                
00000128  FCTL1                         
0000012a  FCTL2                         
0000012c  FCTL3                         
00000000  IE1                           
00000001  IE2                           
00000002  IFG1                          
00000003  IFG2                          
00000226  OK                            
00000022  P1DIR                         
00000025  P1IE                          
00000024  P1IES                         
00000023  P1IFG                         
00000020  P1IN                          
00000021  P1OUT                         
00000027  P1REN                         
00000026  P1SEL                         
00000041  P1SEL2                        
0000002a  P2DIR                         
0000002d  P2IE                          
0000002c  P2IES                         
0000002b  P2IFG                         
00000028  P2IN                          
00000029  P2OUT                         
0000002f  P2REN                         
0000002e  P2SEL                         
00000042  P2SEL2                        
0000001a  P3DIR                         
00000018  P3IN                          
00000019  P3OUT                         
00000010  P3REN                         
0000001b  P3SEL                         
00000043  P3SEL2                        
00000172  TA0CCR0                       
00000174  TA0CCR1                       
00000176  TA0CCR2                       
00000162  TA0CCTL0                      
00000164  TA0CCTL1                      
00000166  TA0CCTL2                      
00000160  TA0CTL                        
0000012e  TA0IV                         
00000170  TA0R                          
00000192  TA1CCR0                       
00000194  TA1CCR1                       
00000196  TA1CCR2                       
00000182  TA1CCTL0                      
00000184  TA1CCTL1                      
00000186  TA1CCTL2                      
00000180  TA1CTL                        
0000011e  TA1IV                         
00000190  TA1R                          
000010db  TLV_ADC10_1_LEN               
000010da  TLV_ADC10_1_TAG               
000010c0  TLV_CHECKSUM                  
000010f7  TLV_DCO_30_LEN                
000010f6  TLV_DCO_30_TAG                
0000d610  UARTReadChar                  
0000d61c  UARTSendByte                  
0000d4f8  UARTSendString                
0000005d  UCA0ABCTL                     
00000062  UCA0BR0                       
00000063  UCA0BR1                       
00000060  UCA0CTL0                      
00000061  UCA0CTL1                      
0000005f  UCA0IRRCTL                    
0000005e  UCA0IRTCTL                    
00000064  UCA0MCTL                      
00000066  UCA0RXBUF                     
00000065  UCA0STAT                      
00000067  UCA0TXBUF                     
0000006a  UCB0BR0                       
0000006b  UCB0BR1                       
00000068  UCB0CTL0                      
00000069  UCB0CTL1                      
0000006c  UCB0I2CIE                     
00000118  UCB0I2COA                     
0000011a  UCB0I2CSA                     
0000006e  UCB0RXBUF                     
0000006d  UCB0STAT                      
0000006f  UCB0TXBUF                     
0000d1f0  USCI0RX_ISR                   
00000120  WDTCTL                        
00000400  __STACK_END                   
00000050  __STACK_SIZE                  
0000d6f0  __TI_CINIT_Base               
0000d6f4  __TI_CINIT_Limit              
0000d6ec  __TI_Handler_Table_Base       
0000d6f0  __TI_Handler_Table_Limit      
0000d632  __TI_ISR_TRAP                 
0000d396  __TI_auto_init_nobinit_nopinit
0000d174  __TI_decompress_lzss          
0000d5bc  __TI_decompress_none          
0000ffe0  __TI_int00                    
0000ffe4  __TI_int02                    
0000ffe6  __TI_int03                    
0000ffea  __TI_int05                    
0000ffec  __TI_int06                    
0000ffee  __TI_int07                    
0000fff0  __TI_int08                    
0000fff2  __TI_int09                    
0000fff4  __TI_int10                    
0000fff6  __TI_int11                    
0000fff8  __TI_int12                    
0000fffa  __TI_int13                    
0000fffc  __TI_int14                    
ffffffff  __TI_pprof_out_hndl           
ffffffff  __TI_prof_data_size           
ffffffff  __TI_prof_data_start          
ffffffff  __c_args__                    
0000ccf6  __mspabi_addf                 
0000d302  __mspabi_cmpf                 
0000d0d8  __mspabi_divf                 
0000d40e  __mspabi_fltif                
0000d34c  __mspabi_fltlif               
0000d60c  __mspabi_func_epilog_1        
0000d60a  __mspabi_func_epilog_2        
0000d608  __mspabi_func_epilog_3        
0000d606  __mspabi_func_epilog_4        
0000d604  __mspabi_func_epilog_5        
0000d602  __mspabi_func_epilog_6        
0000d600  __mspabi_func_epilog_7        
0000d014  __mspabi_mpyf                 
0000d596  __mspabi_mpyi                 
0000d596  __mspabi_mpyi_sw              
0000d628  __mspabi_negf                 
0000d4a2  __mspabi_slli                 
0000d4ca  __mspabi_slli_1               
0000d4b8  __mspabi_slli_10              
0000d4b6  __mspabi_slli_11              
0000d4b4  __mspabi_slli_12              
0000d4b2  __mspabi_slli_13              
0000d4b0  __mspabi_slli_14              
0000d4ae  __mspabi_slli_15              
0000d4c8  __mspabi_slli_2               
0000d4c6  __mspabi_slli_3               
0000d4c4  __mspabi_slli_4               
0000d4c2  __mspabi_slli_5               
0000d4c0  __mspabi_slli_6               
0000d4be  __mspabi_slli_7               
0000d4bc  __mspabi_slli_8               
0000d4ba  __mspabi_slli_9               
0000d5f0  __mspabi_slll                 
0000d476  __mspabi_srai                 
0000d49e  __mspabi_srai_1               
0000d48c  __mspabi_srai_10              
0000d48a  __mspabi_srai_11              
0000d488  __mspabi_srai_12              
0000d486  __mspabi_srai_13              
0000d484  __mspabi_srai_14              
0000d482  __mspabi_srai_15              
0000d49c  __mspabi_srai_2               
0000d49a  __mspabi_srai_3               
0000d498  __mspabi_srai_4               
0000d496  __mspabi_srai_5               
0000d494  __mspabi_srai_6               
0000d492  __mspabi_srai_7               
0000d490  __mspabi_srai_8               
0000d48e  __mspabi_srai_9               
0000d5e0  __mspabi_sral                 
0000d2b6  __mspabi_srli                 
0000d2fc  __mspabi_srli_1               
0000d2d8  __mspabi_srli_10              
0000d2d4  __mspabi_srli_11              
0000d2d0  __mspabi_srli_12              
0000d2cc  __mspabi_srli_13              
0000d2c8  __mspabi_srli_14              
0000d2c4  __mspabi_srli_15              
0000d2f8  __mspabi_srli_2               
0000d2f4  __mspabi_srli_3               
0000d2f0  __mspabi_srli_4               
0000d2ec  __mspabi_srli_5               
0000d2e8  __mspabi_srli_6               
0000d2e4  __mspabi_srli_7               
0000d2e0  __mspabi_srli_8               
0000d2dc  __mspabi_srli_9               
0000ccf0  __mspabi_subf                 
0000d564  _c_int00_noargs               
0000fffe  _reset_vector                 
000003b0  _stack                        
0000d644  _system_post_cinit            
0000d640  _system_pre_init              
0000d63a  abort                         
00000234  buffer                        
0000d542  calculateDistance             
0000ca60  calculateLocation             
0000d5aa  copysignf                     
00000208  d1                            
0000020c  d2                            
00000210  d3                            
0000022a  data                          
0000023c  errno                         
00000200  flag                          
00000214  i                             
0000021a  id                            
00000216  j                             
00000218  k                             
0000ce22  ldexpf                        
0000cf36  main                          
0000d5ce  memcpy                        
0000021c  on                            
0000c000  powf                          
00000202  rssi1                         
00000204  rssi2                         
00000206  rssi3                         
0000ce22  scalbnf                       
0000cbb4  sqrtf                         
0000021e  x                             
00000222  y                             


GLOBAL SYMBOLS: SORTED BY Symbol Address 

address   name                          
-------   ----                          
00000000  IE1                           
00000001  IE2                           
00000002  IFG1                          
00000003  IFG2                          
00000010  P3REN                         
00000018  P3IN                          
00000019  P3OUT                         
0000001a  P3DIR                         
0000001b  P3SEL                         
00000020  P1IN                          
00000021  P1OUT                         
00000022  P1DIR                         
00000023  P1IFG                         
00000024  P1IES                         
00000025  P1IE                          
00000026  P1SEL                         
00000027  P1REN                         
00000028  P2IN                          
00000029  P2OUT                         
0000002a  P2DIR                         
0000002b  P2IFG                         
0000002c  P2IES                         
0000002d  P2IE                          
0000002e  P2SEL                         
0000002f  P2REN                         
00000041  P1SEL2                        
00000042  P2SEL2                        
00000043  P3SEL2                        
00000048  ADC10DTC0                     
00000049  ADC10DTC1                     
0000004a  ADC10AE0                      
00000050  __STACK_SIZE                  
00000053  BCSCTL3                       
00000056  DCOCTL                        
00000057  BCSCTL1                       
00000058  BCSCTL2                       
00000059  CACTL1                        
0000005a  CACTL2                        
0000005b  CAPD                          
0000005d  UCA0ABCTL                     
0000005e  UCA0IRTCTL                    
0000005f  UCA0IRRCTL                    
00000060  UCA0CTL0                      
00000061  UCA0CTL1                      
00000062  UCA0BR0                       
00000063  UCA0BR1                       
00000064  UCA0MCTL                      
00000065  UCA0STAT                      
00000066  UCA0RXBUF                     
00000067  UCA0TXBUF                     
00000068  UCB0CTL0                      
00000069  UCB0CTL1                      
0000006a  UCB0BR0                       
0000006b  UCB0BR1                       
0000006c  UCB0I2CIE                     
0000006d  UCB0STAT                      
0000006e  UCB0RXBUF                     
0000006f  UCB0TXBUF                     
00000118  UCB0I2COA                     
0000011a  UCB0I2CSA                     
0000011e  TA1IV                         
00000120  WDTCTL                        
00000128  FCTL1                         
0000012a  FCTL2                         
0000012c  FCTL3                         
0000012e  TA0IV                         
00000160  TA0CTL                        
00000162  TA0CCTL0                      
00000164  TA0CCTL1                      
00000166  TA0CCTL2                      
00000170  TA0R                          
00000172  TA0CCR0                       
00000174  TA0CCR1                       
00000176  TA0CCR2                       
00000180  TA1CTL                        
00000182  TA1CCTL0                      
00000184  TA1CCTL1                      
00000186  TA1CCTL2                      
00000190  TA1R                          
00000192  TA1CCR0                       
00000194  TA1CCR1                       
00000196  TA1CCR2                       
000001b0  ADC10CTL0                     
000001b2  ADC10CTL1                     
000001b4  ADC10MEM                      
000001bc  ADC10SA                       
00000200  flag                          
00000202  rssi1                         
00000204  rssi2                         
00000206  rssi3                         
00000208  d1                            
0000020c  d2                            
00000210  d3                            
00000214  i                             
00000216  j                             
00000218  k                             
0000021a  id                            
0000021c  on                            
0000021e  x                             
00000222  y                             
00000226  OK                            
00000228  ERROR                         
0000022a  data                          
00000234  buffer                        
0000023c  errno                         
000003b0  _stack                        
00000400  __STACK_END                   
000010c0  TLV_CHECKSUM                  
000010da  TLV_ADC10_1_TAG               
000010db  TLV_ADC10_1_LEN               
000010f6  TLV_DCO_30_TAG                
000010f7  TLV_DCO_30_LEN                
000010f8  CALDCO_16MHZ                  
000010f9  CALBC1_16MHZ                  
000010fa  CALDCO_12MHZ                  
000010fb  CALBC1_12MHZ                  
000010fc  CALDCO_8MHZ                   
000010fd  CALBC1_8MHZ                   
000010fe  CALDCO_1MHZ                   
000010ff  CALBC1_1MHZ                   
0000c000  powf                          
0000ca60  calculateLocation             
0000cbb4  sqrtf                         
0000ccf0  __mspabi_subf                 
0000ccf6  __mspabi_addf                 
0000ce22  ldexpf                        
0000ce22  scalbnf                       
0000cf36  main                          
0000d014  __mspabi_mpyf                 
0000d0d8  __mspabi_divf                 
0000d174  __TI_decompress_lzss          
0000d1f0  USCI0RX_ISR                   
0000d25a  ConvertRSSI2Number            
0000d2b6  __mspabi_srli                 
0000d2c4  __mspabi_srli_15              
0000d2c8  __mspabi_srli_14              
0000d2cc  __mspabi_srli_13              
0000d2d0  __mspabi_srli_12              
0000d2d4  __mspabi_srli_11              
0000d2d8  __mspabi_srli_10              
0000d2dc  __mspabi_srli_9               
0000d2e0  __mspabi_srli_8               
0000d2e4  __mspabi_srli_7               
0000d2e8  __mspabi_srli_6               
0000d2ec  __mspabi_srli_5               
0000d2f0  __mspabi_srli_4               
0000d2f4  __mspabi_srli_3               
0000d2f8  __mspabi_srli_2               
0000d2fc  __mspabi_srli_1               
0000d302  __mspabi_cmpf                 
0000d34c  __mspabi_fltlif               
0000d396  __TI_auto_init_nobinit_nopinit
0000d3d8  Configure_UART                
0000d40e  __mspabi_fltif                
0000d444  EndOfReceiving                
0000d476  __mspabi_srai                 
0000d482  __mspabi_srai_15              
0000d484  __mspabi_srai_14              
0000d486  __mspabi_srai_13              
0000d488  __mspabi_srai_12              
0000d48a  __mspabi_srai_11              
0000d48c  __mspabi_srai_10              
0000d48e  __mspabi_srai_9               
0000d490  __mspabi_srai_8               
0000d492  __mspabi_srai_7               
0000d494  __mspabi_srai_6               
0000d496  __mspabi_srai_5               
0000d498  __mspabi_srai_4               
0000d49a  __mspabi_srai_3               
0000d49c  __mspabi_srai_2               
0000d49e  __mspabi_srai_1               
0000d4a2  __mspabi_slli                 
0000d4ae  __mspabi_slli_15              
0000d4b0  __mspabi_slli_14              
0000d4b2  __mspabi_slli_13              
0000d4b4  __mspabi_slli_12              
0000d4b6  __mspabi_slli_11              
0000d4b8  __mspabi_slli_10              
0000d4ba  __mspabi_slli_9               
0000d4bc  __mspabi_slli_8               
0000d4be  __mspabi_slli_7               
0000d4c0  __mspabi_slli_6               
0000d4c2  __mspabi_slli_5               
0000d4c4  __mspabi_slli_4               
0000d4c6  __mspabi_slli_3               
0000d4c8  __mspabi_slli_2               
0000d4ca  __mspabi_slli_1               
0000d4ce  Compare2String                
0000d4f8  UARTSendString                
0000d520  Configure_Clock               
0000d542  calculateDistance             
0000d564  _c_int00_noargs               
0000d580  Configure_IO                  
0000d596  __mspabi_mpyi                 
0000d596  __mspabi_mpyi_sw              
0000d5aa  copysignf                     
0000d5bc  __TI_decompress_none          
0000d5ce  memcpy                        
0000d5e0  __mspabi_sral                 
0000d5f0  __mspabi_slll                 
0000d600  __mspabi_func_epilog_7        
0000d602  __mspabi_func_epilog_6        
0000d604  __mspabi_func_epilog_5        
0000d606  __mspabi_func_epilog_4        
0000d608  __mspabi_func_epilog_3        
0000d60a  __mspabi_func_epilog_2        
0000d60c  __mspabi_func_epilog_1        
0000d610  UARTReadChar                  
0000d61c  UARTSendByte                  
0000d628  __mspabi_negf                 
0000d632  __TI_ISR_TRAP                 
0000d63a  C$$EXIT                       
0000d63a  abort                         
0000d640  _system_pre_init              
0000d644  _system_post_cinit            
0000d6ec  __TI_Handler_Table_Base       
0000d6f0  __TI_CINIT_Base               
0000d6f0  __TI_Handler_Table_Limit      
0000d6f4  __TI_CINIT_Limit              
0000ffe0  __TI_int00                    
0000ffe4  __TI_int02                    
0000ffe6  __TI_int03                    
0000ffea  __TI_int05                    
0000ffec  __TI_int06                    
0000ffee  __TI_int07                    
0000fff0  __TI_int08                    
0000fff2  __TI_int09                    
0000fff4  __TI_int10                    
0000fff6  __TI_int11                    
0000fff8  __TI_int12                    
0000fffa  __TI_int13                    
0000fffc  __TI_int14                    
0000fffe  _reset_vector                 
ffffffff  __TI_pprof_out_hndl           
ffffffff  __TI_prof_data_size           
ffffffff  __TI_prof_data_start          
ffffffff  __c_args__                    

[237 symbols]
