<?xml version="1.0" encoding="ISO-8859-1" ?>
<link_info>
   <banner>MSP430 Linker PC v18.1.1.LTS</banner>
   <copyright>Copyright (c) 2003-2017 Texas Instruments Incorporated</copyright>
   <link_time>0x5ad59b7a</link_time>
   <link_errors>0x0</link_errors>
   <output_file>WifiPositioningSystem.out</output_file>
   <entry_point>
      <name>_c_int00_noargs</name>
      <address>0xeb94</address>
   </entry_point>
   <input_file_list>
      <input_file id="fl-2">
         <path>.\</path>
         <kind>object</kind>
         <file>main.obj</file>
         <name>main.obj</name>
      </input_file>
      <input_file id="fl-3">
         <path>.\</path>
         <kind>object</kind>
         <file>wps.obj</file>
         <name>wps.obj</name>
      </input_file>
      <input_file id="fl-8">
         <kind>object</kind>
         <file>&lt;internal&gt;</file>
         <name>&lt;internal&gt;</name>
      </input_file>
      <input_file id="fl-1e">
         <path>C:\TI\ccsv8\tools\compiler\ti-cgt-msp430_18.1.1.LTS\lib\</path>
         <kind>archive</kind>
         <file>rts430_eabi.lib</file>
         <name>e_powf.c.obj</name>
      </input_file>
      <input_file id="fl-1f">
         <path>C:\TI\ccsv8\tools\compiler\ti-cgt-msp430_18.1.1.LTS\lib\</path>
         <kind>archive</kind>
         <file>rts430_eabi.lib</file>
         <name>e_sqrtf.c.obj</name>
      </input_file>
      <input_file id="fl-20">
         <path>C:\TI\ccsv8\tools\compiler\ti-cgt-msp430_18.1.1.LTS\lib\</path>
         <kind>archive</kind>
         <file>rts430_eabi.lib</file>
         <name>s_scalbnf.c.obj</name>
      </input_file>
      <input_file id="fl-21">
         <path>C:\TI\ccsv8\tools\compiler\ti-cgt-msp430_18.1.1.LTS\lib\</path>
         <kind>archive</kind>
         <file>rts430_eabi.lib</file>
         <name>asr16.asm.obj</name>
      </input_file>
      <input_file id="fl-22">
         <path>C:\TI\ccsv8\tools\compiler\ti-cgt-msp430_18.1.1.LTS\lib\</path>
         <kind>archive</kind>
         <file>rts430_eabi.lib</file>
         <name>asr32.asm.obj</name>
      </input_file>
      <input_file id="fl-23">
         <path>C:\TI\ccsv8\tools\compiler\ti-cgt-msp430_18.1.1.LTS\lib\</path>
         <kind>archive</kind>
         <file>rts430_eabi.lib</file>
         <name>epilog.asm.obj</name>
      </input_file>
      <input_file id="fl-24">
         <path>C:\TI\ccsv8\tools\compiler\ti-cgt-msp430_18.1.1.LTS\lib\</path>
         <kind>archive</kind>
         <file>rts430_eabi.lib</file>
         <name>fs_add.asm.obj</name>
      </input_file>
      <input_file id="fl-25">
         <path>C:\TI\ccsv8\tools\compiler\ti-cgt-msp430_18.1.1.LTS\lib\</path>
         <kind>archive</kind>
         <file>rts430_eabi.lib</file>
         <name>fs_cmp.asm.obj</name>
      </input_file>
      <input_file id="fl-26">
         <path>C:\TI\ccsv8\tools\compiler\ti-cgt-msp430_18.1.1.LTS\lib\</path>
         <kind>archive</kind>
         <file>rts430_eabi.lib</file>
         <name>fs_div.asm.obj</name>
      </input_file>
      <input_file id="fl-27">
         <path>C:\TI\ccsv8\tools\compiler\ti-cgt-msp430_18.1.1.LTS\lib\</path>
         <kind>archive</kind>
         <file>rts430_eabi.lib</file>
         <name>fs_itof.asm.obj</name>
      </input_file>
      <input_file id="fl-28">
         <path>C:\TI\ccsv8\tools\compiler\ti-cgt-msp430_18.1.1.LTS\lib\</path>
         <kind>archive</kind>
         <file>rts430_eabi.lib</file>
         <name>fs_ltof.asm.obj</name>
      </input_file>
      <input_file id="fl-29">
         <path>C:\TI\ccsv8\tools\compiler\ti-cgt-msp430_18.1.1.LTS\lib\</path>
         <kind>archive</kind>
         <file>rts430_eabi.lib</file>
         <name>fs_mpy.asm.obj</name>
      </input_file>
      <input_file id="fl-2a">
         <path>C:\TI\ccsv8\tools\compiler\ti-cgt-msp430_18.1.1.LTS\lib\</path>
         <kind>archive</kind>
         <file>rts430_eabi.lib</file>
         <name>fs_neg.asm.obj</name>
      </input_file>
      <input_file id="fl-2b">
         <path>C:\TI\ccsv8\tools\compiler\ti-cgt-msp430_18.1.1.LTS\lib\</path>
         <kind>archive</kind>
         <file>rts430_eabi.lib</file>
         <name>int00.asm.obj</name>
      </input_file>
      <input_file id="fl-2c">
         <path>C:\TI\ccsv8\tools\compiler\ti-cgt-msp430_18.1.1.LTS\lib\</path>
         <kind>archive</kind>
         <file>rts430_eabi.lib</file>
         <name>int02.asm.obj</name>
      </input_file>
      <input_file id="fl-2d">
         <path>C:\TI\ccsv8\tools\compiler\ti-cgt-msp430_18.1.1.LTS\lib\</path>
         <kind>archive</kind>
         <file>rts430_eabi.lib</file>
         <name>int03.asm.obj</name>
      </input_file>
      <input_file id="fl-2e">
         <path>C:\TI\ccsv8\tools\compiler\ti-cgt-msp430_18.1.1.LTS\lib\</path>
         <kind>archive</kind>
         <file>rts430_eabi.lib</file>
         <name>int05.asm.obj</name>
      </input_file>
      <input_file id="fl-2f">
         <path>C:\TI\ccsv8\tools\compiler\ti-cgt-msp430_18.1.1.LTS\lib\</path>
         <kind>archive</kind>
         <file>rts430_eabi.lib</file>
         <name>int06.asm.obj</name>
      </input_file>
      <input_file id="fl-30">
         <path>C:\TI\ccsv8\tools\compiler\ti-cgt-msp430_18.1.1.LTS\lib\</path>
         <kind>archive</kind>
         <file>rts430_eabi.lib</file>
         <name>int08.asm.obj</name>
      </input_file>
      <input_file id="fl-31">
         <path>C:\TI\ccsv8\tools\compiler\ti-cgt-msp430_18.1.1.LTS\lib\</path>
         <kind>archive</kind>
         <file>rts430_eabi.lib</file>
         <name>int09.asm.obj</name>
      </input_file>
      <input_file id="fl-32">
         <path>C:\TI\ccsv8\tools\compiler\ti-cgt-msp430_18.1.1.LTS\lib\</path>
         <kind>archive</kind>
         <file>rts430_eabi.lib</file>
         <name>int10.asm.obj</name>
      </input_file>
      <input_file id="fl-33">
         <path>C:\TI\ccsv8\tools\compiler\ti-cgt-msp430_18.1.1.LTS\lib\</path>
         <kind>archive</kind>
         <file>rts430_eabi.lib</file>
         <name>int11.asm.obj</name>
      </input_file>
      <input_file id="fl-34">
         <path>C:\TI\ccsv8\tools\compiler\ti-cgt-msp430_18.1.1.LTS\lib\</path>
         <kind>archive</kind>
         <file>rts430_eabi.lib</file>
         <name>int12.asm.obj</name>
      </input_file>
      <input_file id="fl-35">
         <path>C:\TI\ccsv8\tools\compiler\ti-cgt-msp430_18.1.1.LTS\lib\</path>
         <kind>archive</kind>
         <file>rts430_eabi.lib</file>
         <name>int13.asm.obj</name>
      </input_file>
      <input_file id="fl-36">
         <path>C:\TI\ccsv8\tools\compiler\ti-cgt-msp430_18.1.1.LTS\lib\</path>
         <kind>archive</kind>
         <file>rts430_eabi.lib</file>
         <name>int14.asm.obj</name>
      </input_file>
      <input_file id="fl-37">
         <path>C:\TI\ccsv8\tools\compiler\ti-cgt-msp430_18.1.1.LTS\lib\</path>
         <kind>archive</kind>
         <file>rts430_eabi.lib</file>
         <name>isr_trap.asm.obj</name>
      </input_file>
      <input_file id="fl-38">
         <path>C:\TI\ccsv8\tools\compiler\ti-cgt-msp430_18.1.1.LTS\lib\</path>
         <kind>archive</kind>
         <file>rts430_eabi.lib</file>
         <name>lsl16.asm.obj</name>
      </input_file>
      <input_file id="fl-39">
         <path>C:\TI\ccsv8\tools\compiler\ti-cgt-msp430_18.1.1.LTS\lib\</path>
         <kind>archive</kind>
         <file>rts430_eabi.lib</file>
         <name>lsl32.asm.obj</name>
      </input_file>
      <input_file id="fl-3a">
         <path>C:\TI\ccsv8\tools\compiler\ti-cgt-msp430_18.1.1.LTS\lib\</path>
         <kind>archive</kind>
         <file>rts430_eabi.lib</file>
         <name>lsr16.asm.obj</name>
      </input_file>
      <input_file id="fl-3b">
         <path>C:\TI\ccsv8\tools\compiler\ti-cgt-msp430_18.1.1.LTS\lib\</path>
         <kind>archive</kind>
         <file>rts430_eabi.lib</file>
         <name>mult16.asm.obj</name>
      </input_file>
      <input_file id="fl-3c">
         <path>C:\TI\ccsv8\tools\compiler\ti-cgt-msp430_18.1.1.LTS\lib\</path>
         <kind>archive</kind>
         <file>rts430_eabi.lib</file>
         <name>boot.c.obj</name>
      </input_file>
      <input_file id="fl-3d">
         <path>C:\TI\ccsv8\tools\compiler\ti-cgt-msp430_18.1.1.LTS\lib\</path>
         <kind>archive</kind>
         <file>rts430_eabi.lib</file>
         <name>autoinit.c.obj</name>
      </input_file>
      <input_file id="fl-3e">
         <path>C:\TI\ccsv8\tools\compiler\ti-cgt-msp430_18.1.1.LTS\lib\</path>
         <kind>archive</kind>
         <file>rts430_eabi.lib</file>
         <name>copy_zero_init.c.obj</name>
      </input_file>
      <input_file id="fl-3f">
         <path>C:\TI\ccsv8\tools\compiler\ti-cgt-msp430_18.1.1.LTS\lib\</path>
         <kind>archive</kind>
         <file>rts430_eabi.lib</file>
         <name>cpy_tbl.c.obj</name>
      </input_file>
      <input_file id="fl-40">
         <path>C:\TI\ccsv8\tools\compiler\ti-cgt-msp430_18.1.1.LTS\lib\</path>
         <kind>archive</kind>
         <file>rts430_eabi.lib</file>
         <name>mpu_init.c.obj</name>
      </input_file>
      <input_file id="fl-41">
         <path>C:\TI\ccsv8\tools\compiler\ti-cgt-msp430_18.1.1.LTS\lib\</path>
         <kind>archive</kind>
         <file>rts430_eabi.lib</file>
         <name>lsr64.c.obj</name>
      </input_file>
      <input_file id="fl-42">
         <path>C:\TI\ccsv8\tools\compiler\ti-cgt-msp430_18.1.1.LTS\lib\</path>
         <kind>archive</kind>
         <file>rts430_eabi.lib</file>
         <name>pre_init.c.obj</name>
      </input_file>
      <input_file id="fl-43">
         <path>C:\TI\ccsv8\tools\compiler\ti-cgt-msp430_18.1.1.LTS\lib\</path>
         <kind>archive</kind>
         <file>rts430_eabi.lib</file>
         <name>startup.c.obj</name>
      </input_file>
      <input_file id="fl-44">
         <path>C:\TI\ccsv8\tools\compiler\ti-cgt-msp430_18.1.1.LTS\lib\</path>
         <kind>archive</kind>
         <file>rts430_eabi.lib</file>
         <name>copy_decompress_none.c.obj</name>
      </input_file>
      <input_file id="fl-45">
         <path>C:\TI\ccsv8\tools\compiler\ti-cgt-msp430_18.1.1.LTS\lib\</path>
         <kind>archive</kind>
         <file>rts430_eabi.lib</file>
         <name>copy_decompress_lzss.c.obj</name>
      </input_file>
      <input_file id="fl-46">
         <path>C:\TI\ccsv8\tools\compiler\ti-cgt-msp430_18.1.1.LTS\lib\</path>
         <kind>archive</kind>
         <file>rts430_eabi.lib</file>
         <name>addd.c.obj</name>
      </input_file>
      <input_file id="fl-47">
         <path>C:\TI\ccsv8\tools\compiler\ti-cgt-msp430_18.1.1.LTS\lib\</path>
         <kind>archive</kind>
         <file>rts430_eabi.lib</file>
         <name>cvtfd.c.obj</name>
      </input_file>
      <input_file id="fl-48">
         <path>C:\TI\ccsv8\tools\compiler\ti-cgt-msp430_18.1.1.LTS\lib\</path>
         <kind>archive</kind>
         <file>rts430_eabi.lib</file>
         <name>divd.c.obj</name>
      </input_file>
      <input_file id="fl-49">
         <path>C:\TI\ccsv8\tools\compiler\ti-cgt-msp430_18.1.1.LTS\lib\</path>
         <kind>archive</kind>
         <file>rts430_eabi.lib</file>
         <name>fltid.c.obj</name>
      </input_file>
      <input_file id="fl-4a">
         <path>C:\TI\ccsv8\tools\compiler\ti-cgt-msp430_18.1.1.LTS\lib\</path>
         <kind>archive</kind>
         <file>rts430_eabi.lib</file>
         <name>fltlid.c.obj</name>
      </input_file>
      <input_file id="fl-4b">
         <path>C:\TI\ccsv8\tools\compiler\ti-cgt-msp430_18.1.1.LTS\lib\</path>
         <kind>archive</kind>
         <file>rts430_eabi.lib</file>
         <name>frcaddd.c.obj</name>
      </input_file>
      <input_file id="fl-4c">
         <path>C:\TI\ccsv8\tools\compiler\ti-cgt-msp430_18.1.1.LTS\lib\</path>
         <kind>archive</kind>
         <file>rts430_eabi.lib</file>
         <name>frcdivd.c.obj</name>
      </input_file>
      <input_file id="fl-4d">
         <path>C:\TI\ccsv8\tools\compiler\ti-cgt-msp430_18.1.1.LTS\lib\</path>
         <kind>archive</kind>
         <file>rts430_eabi.lib</file>
         <name>mpyd.c.obj</name>
      </input_file>
      <input_file id="fl-4e">
         <path>C:\TI\ccsv8\tools\compiler\ti-cgt-msp430_18.1.1.LTS\lib\</path>
         <kind>archive</kind>
         <file>rts430_eabi.lib</file>
         <name>renormd.c.obj</name>
      </input_file>
      <input_file id="fl-4f">
         <path>C:\TI\ccsv8\tools\compiler\ti-cgt-msp430_18.1.1.LTS\lib\</path>
         <kind>archive</kind>
         <file>rts430_eabi.lib</file>
         <name>subd.c.obj</name>
      </input_file>
      <input_file id="fl-50">
         <path>C:\TI\ccsv8\tools\compiler\ti-cgt-msp430_18.1.1.LTS\lib\</path>
         <kind>archive</kind>
         <file>rts430_eabi.lib</file>
         <name>errno.c.obj</name>
      </input_file>
      <input_file id="fl-51">
         <path>C:\TI\ccsv8\tools\compiler\ti-cgt-msp430_18.1.1.LTS\lib\</path>
         <kind>archive</kind>
         <file>rts430_eabi.lib</file>
         <name>exit.c.obj</name>
      </input_file>
      <input_file id="fl-52">
         <path>C:\TI\ccsv8\tools\compiler\ti-cgt-msp430_18.1.1.LTS\lib\</path>
         <kind>archive</kind>
         <file>rts430_eabi.lib</file>
         <name>_lock.c.obj</name>
      </input_file>
      <input_file id="fl-53">
         <path>C:\TI\ccsv8\tools\compiler\ti-cgt-msp430_18.1.1.LTS\lib\</path>
         <kind>archive</kind>
         <file>rts430_eabi.lib</file>
         <name>args_main.c.obj</name>
      </input_file>
      <input_file id="fl-54">
         <path>C:\TI\ccsv8\tools\compiler\ti-cgt-msp430_18.1.1.LTS\lib\</path>
         <kind>archive</kind>
         <file>rts430_eabi.lib</file>
         <name>memcpy.c.obj</name>
      </input_file>
      <input_file id="fl-55">
         <path>C:\TI\ccsv8\tools\compiler\ti-cgt-msp430_18.1.1.LTS\lib\</path>
         <kind>archive</kind>
         <file>rts430_eabi.lib</file>
         <name>s_copysignf.c.obj</name>
      </input_file>
      <input_file id="fl-56">
         <path>C:\TI\ccsv8\tools\compiler\ti-cgt-msp430_18.1.1.LTS\lib\</path>
         <kind>archive</kind>
         <file>rts430_eabi.lib</file>
         <name>lsr32.asm.obj</name>
      </input_file>
      <input_file id="fl-57">
         <path>C:\TI\ccsv8\tools\compiler\ti-cgt-msp430_18.1.1.LTS\lib\</path>
         <kind>archive</kind>
         <file>rts430_eabi.lib</file>
         <name>mult32.asm.obj</name>
      </input_file>
      <input_file id="fl-58">
         <path>C:\TI\ccsv8\tools\compiler\ti-cgt-msp430_18.1.1.LTS\lib\</path>
         <kind>archive</kind>
         <file>rts430_eabi.lib</file>
         <name>exit_gvars.c.obj</name>
      </input_file>
      <input_file id="fl-59">
         <path>C:\TI\ccsv8\tools\compiler\ti-cgt-msp430_18.1.1.LTS\lib\</path>
         <kind>archive</kind>
         <file>rts430_eabi.lib</file>
         <name>frcmpyd.c.obj</name>
      </input_file>
   </input_file_list>
   <object_component_list>
      <object_component id="oc-143">
         <name>.data</name>
         <load_address>0x200</load_address>
         <run_address>0x200</run_address>
         <size>0x1e</size>
         <input_file_ref idref="fl-2"/>
      </object_component>
      <object_component id="oc-149">
         <name>.data:buffer</name>
         <load_address>0x23c</load_address>
         <run_address>0x23c</run_address>
         <size>0x7</size>
         <input_file_ref idref="fl-2"/>
      </object_component>
      <object_component id="oc-146">
         <name>.data:data</name>
         <load_address>0x232</load_address>
         <run_address>0x232</run_address>
         <size>0x9</size>
         <input_file_ref idref="fl-2"/>
      </object_component>
      <object_component id="oc-20e">
         <name>.data</name>
         <load_address>0x21e</load_address>
         <run_address>0x21e</run_address>
         <size>0x14</size>
         <input_file_ref idref="fl-3"/>
      </object_component>
      <object_component id="oc-2cb">
         <name>.data</name>
         <load_address>0x244</load_address>
         <run_address>0x244</run_address>
         <size>0x2</size>
         <input_file_ref idref="fl-50"/>
      </object_component>
      <object_component id="oc-b1">
         <name>.stack</name>
         <uninitialized>true</uninitialized>
         <run_address>0x3b0</run_address>
         <size>0x2</size>
         <input_file_ref idref="fl-3c"/>
      </object_component>
      <object_component id="oc-3f4">
         <name>.stack</name>
         <uninitialized>true</uninitialized>
         <run_address>0x3b0</run_address>
         <size>0x0</size>
      </object_component>
      <object_component id="oc-228">
         <name>.text:powf</name>
         <load_address>0xc000</load_address>
         <run_address>0xc000</run_address>
         <size>0xa60</size>
         <input_file_ref idref="fl-1e"/>
      </object_component>
      <object_component id="oc-30d">
         <name>.text:__TI_frcdivd</name>
         <load_address>0xca60</load_address>
         <run_address>0xca60</run_address>
         <size>0x478</size>
         <input_file_ref idref="fl-4c"/>
      </object_component>
      <object_component id="oc-1b6">
         <name>.text:calculateLocation</name>
         <load_address>0xced8</load_address>
         <run_address>0xced8</run_address>
         <size>0x37e</size>
         <input_file_ref idref="fl-3"/>
      </object_component>
      <object_component id="oc-242">
         <name>.text:__mspabi_addd</name>
         <load_address>0xd256</load_address>
         <run_address>0xd256</run_address>
         <size>0x2fa</size>
         <input_file_ref idref="fl-46"/>
      </object_component>
      <object_component id="oc-304">
         <name>.text:__TI_frcmpyd</name>
         <load_address>0xd550</load_address>
         <run_address>0xd550</run_address>
         <size>0x286</size>
         <input_file_ref idref="fl-59"/>
      </object_component>
      <object_component id="oc-24e">
         <name>.text:__mspabi_mpyd</name>
         <load_address>0xd7d6</load_address>
         <run_address>0xd7d6</run_address>
         <size>0x26e</size>
         <input_file_ref idref="fl-4d"/>
      </object_component>
      <object_component id="oc-2f0">
         <name>.text:__TI_frcaddd</name>
         <load_address>0xda44</load_address>
         <run_address>0xda44</run_address>
         <size>0x260</size>
         <input_file_ref idref="fl-4b"/>
      </object_component>
      <object_component id="oc-25a">
         <name>.text:__mspabi_divd</name>
         <load_address>0xdca4</load_address>
         <run_address>0xdca4</run_address>
         <size>0x238</size>
         <input_file_ref idref="fl-48"/>
      </object_component>
      <object_component id="oc-2b2">
         <name>.text:sqrtf</name>
         <load_address>0xdedc</load_address>
         <run_address>0xdedc</run_address>
         <size>0x13c</size>
         <input_file_ref idref="fl-1f"/>
      </object_component>
      <object_component id="oc-237">
         <name>.text</name>
         <load_address>0xe018</load_address>
         <run_address>0xe018</run_address>
         <size>0x132</size>
         <input_file_ref idref="fl-24"/>
      </object_component>
      <object_component id="oc-2ce">
         <name>.text:scalbnf</name>
         <load_address>0xe14a</load_address>
         <run_address>0xe14a</run_address>
         <size>0x114</size>
         <input_file_ref idref="fl-20"/>
      </object_component>
      <object_component id="oc-15b">
         <name>.text:main</name>
         <load_address>0xe25e</load_address>
         <run_address>0xe25e</run_address>
         <size>0xde</size>
         <input_file_ref idref="fl-2"/>
      </object_component>
      <object_component id="oc-232">
         <name>.text</name>
         <load_address>0xe33c</load_address>
         <run_address>0xe33c</run_address>
         <size>0xc4</size>
         <input_file_ref idref="fl-29"/>
      </object_component>
      <object_component id="oc-369">
         <name>.text:__TI_renormd</name>
         <load_address>0xe400</load_address>
         <run_address>0xe400</run_address>
         <size>0xbe</size>
         <input_file_ref idref="fl-4e"/>
      </object_component>
      <object_component id="oc-2fd">
         <name>.text:__mspabi_fltlid</name>
         <load_address>0xe4be</load_address>
         <run_address>0xe4be</run_address>
         <size>0xac</size>
         <input_file_ref idref="fl-4a"/>
      </object_component>
      <object_component id="oc-223">
         <name>.text</name>
         <load_address>0xe56a</load_address>
         <run_address>0xe56a</run_address>
         <size>0x9c</size>
         <input_file_ref idref="fl-26"/>
      </object_component>
      <object_component id="oc-34">
         <name>.text:decompress:lzss:__TI_decompress_lzss</name>
         <load_address>0xe606</load_address>
         <run_address>0xe606</run_address>
         <size>0x7c</size>
         <input_file_ref idref="fl-45"/>
      </object_component>
      <object_component id="oc-23c">
         <name>.text:__mspabi_cvtfd</name>
         <load_address>0xe682</load_address>
         <run_address>0xe682</run_address>
         <size>0x72</size>
         <input_file_ref idref="fl-47"/>
      </object_component>
      <object_component id="oc-e1">
         <name>.text:USCI0RX_ISR</name>
         <load_address>0xe6f4</load_address>
         <run_address>0xe6f4</run_address>
         <size>0x6a</size>
         <input_file_ref idref="fl-2"/>
      </object_component>
      <object_component id="oc-1aa">
         <name>.text:ConvertRSSI2Number</name>
         <load_address>0xe75e</load_address>
         <run_address>0xe75e</run_address>
         <size>0x5c</size>
         <input_file_ref idref="fl-3"/>
      </object_component>
      <object_component id="oc-378">
         <name>.text:l_lsr_const</name>
         <load_address>0xe7ba</load_address>
         <run_address>0xe7ba</run_address>
         <size>0x5c</size>
         <input_file_ref idref="fl-56"/>
      </object_component>
      <object_component id="oc-ba">
         <name>.text</name>
         <load_address>0xe816</load_address>
         <run_address>0xe816</run_address>
         <size>0x4c</size>
         <input_file_ref idref="fl-3a"/>
      </object_component>
      <object_component id="oc-2c6">
         <name>.text</name>
         <load_address>0xe862</load_address>
         <run_address>0xe862</run_address>
         <size>0x4a</size>
         <input_file_ref idref="fl-25"/>
      </object_component>
      <object_component id="oc-2bb">
         <name>.text</name>
         <load_address>0xe8ac</load_address>
         <run_address>0xe8ac</run_address>
         <size>0x4a</size>
         <input_file_ref idref="fl-28"/>
      </object_component>
      <object_component id="oc-1c9">
         <name>.text:__TI_auto_init_nobinit_nopinit:__TI_auto_init_nobinit_nopinit</name>
         <load_address>0xe8f6</load_address>
         <run_address>0xe8f6</run_address>
         <size>0x42</size>
         <input_file_ref idref="fl-3d"/>
      </object_component>
      <object_component id="oc-2e4">
         <name>.text:l_asr_const</name>
         <load_address>0xe938</load_address>
         <run_address>0xe938</run_address>
         <size>0x3e</size>
         <input_file_ref idref="fl-22"/>
      </object_component>
      <object_component id="oc-373">
         <name>.text:l_lsl_const</name>
         <load_address>0xe976</load_address>
         <run_address>0xe976</run_address>
         <size>0x3e</size>
         <input_file_ref idref="fl-39"/>
      </object_component>
      <object_component id="oc-197">
         <name>.text:Configure_UART</name>
         <load_address>0xe9b4</load_address>
         <run_address>0xe9b4</run_address>
         <size>0x36</size>
         <input_file_ref idref="fl-3"/>
      </object_component>
      <object_component id="oc-21e">
         <name>.text</name>
         <load_address>0xe9ea</load_address>
         <run_address>0xe9ea</run_address>
         <size>0x36</size>
         <input_file_ref idref="fl-27"/>
      </object_component>
      <object_component id="oc-1a4">
         <name>.text:EndOfReceiving</name>
         <load_address>0xea20</load_address>
         <run_address>0xea20</run_address>
         <size>0x32</size>
         <input_file_ref idref="fl-3"/>
      </object_component>
      <object_component id="oc-254">
         <name>.text:__mspabi_subd</name>
         <load_address>0xea52</load_address>
         <run_address>0xea52</run_address>
         <size>0x2e</size>
         <input_file_ref idref="fl-4f"/>
      </object_component>
      <object_component id="oc-2a3">
         <name>.text</name>
         <load_address>0xea80</load_address>
         <run_address>0xea80</run_address>
         <size>0x2c</size>
         <input_file_ref idref="fl-21"/>
      </object_component>
      <object_component id="oc-b5">
         <name>.text</name>
         <load_address>0xeaac</load_address>
         <run_address>0xeaac</run_address>
         <size>0x2c</size>
         <input_file_ref idref="fl-38"/>
      </object_component>
      <object_component id="oc-211">
         <name>.text:Compare2String</name>
         <load_address>0xead8</load_address>
         <run_address>0xead8</run_address>
         <size>0x2a</size>
         <input_file_ref idref="fl-3"/>
      </object_component>
      <object_component id="oc-19e">
         <name>.text:UARTSendString</name>
         <load_address>0xeb02</load_address>
         <run_address>0xeb02</run_address>
         <size>0x28</size>
         <input_file_ref idref="fl-3"/>
      </object_component>
      <object_component id="oc-37f">
         <name>.text</name>
         <load_address>0xeb2a</load_address>
         <run_address>0xeb2a</run_address>
         <size>0x26</size>
         <input_file_ref idref="fl-57"/>
      </object_component>
      <object_component id="oc-18b">
         <name>.text:Configure_Clock</name>
         <load_address>0xeb50</load_address>
         <run_address>0xeb50</run_address>
         <size>0x22</size>
         <input_file_ref idref="fl-3"/>
      </object_component>
      <object_component id="oc-1b0">
         <name>.text:calculateDistance</name>
         <load_address>0xeb72</load_address>
         <run_address>0xeb72</run_address>
         <size>0x22</size>
         <input_file_ref idref="fl-3"/>
      </object_component>
      <object_component id="oc-f9">
         <name>.text:_c_int00_noargs</name>
         <load_address>0xeb94</load_address>
         <run_address>0xeb94</run_address>
         <size>0x1c</size>
         <input_file_ref idref="fl-3c"/>
      </object_component>
      <object_component id="oc-191">
         <name>.text:Configure_IO</name>
         <load_address>0xebb0</load_address>
         <run_address>0xebb0</run_address>
         <size>0x16</size>
         <input_file_ref idref="fl-3"/>
      </object_component>
      <object_component id="oc-218">
         <name>.text</name>
         <load_address>0xebc6</load_address>
         <run_address>0xebc6</run_address>
         <size>0x14</size>
         <input_file_ref idref="fl-3b"/>
      </object_component>
      <object_component id="oc-34c">
         <name>.text:copysignf</name>
         <load_address>0xebda</load_address>
         <run_address>0xebda</run_address>
         <size>0x12</size>
         <input_file_ref idref="fl-55"/>
      </object_component>
      <object_component id="oc-3a">
         <name>.text:decompress:none:__TI_decompress_none</name>
         <load_address>0xebec</load_address>
         <run_address>0xebec</run_address>
         <size>0x12</size>
         <input_file_ref idref="fl-44"/>
      </object_component>
      <object_component id="oc-364">
         <name>.text:l_lsr</name>
         <load_address>0xebfe</load_address>
         <run_address>0xebfe</run_address>
         <size>0x12</size>
         <input_file_ref idref="fl-56"/>
      </object_component>
      <object_component id="oc-cf">
         <name>.text:memcpy</name>
         <load_address>0xec10</load_address>
         <run_address>0xec10</run_address>
         <size>0x12</size>
         <input_file_ref idref="fl-54"/>
      </object_component>
      <object_component id="oc-2a8">
         <name>.text:l_asr</name>
         <load_address>0xec22</load_address>
         <run_address>0xec22</run_address>
         <size>0x10</size>
         <input_file_ref idref="fl-22"/>
      </object_component>
      <object_component id="oc-2ad">
         <name>.text:l_lsl</name>
         <load_address>0xec32</load_address>
         <run_address>0xec32</run_address>
         <size>0x10</size>
         <input_file_ref idref="fl-39"/>
      </object_component>
      <object_component id="oc-bf">
         <name>.text</name>
         <load_address>0xec42</load_address>
         <run_address>0xec42</run_address>
         <size>0x10</size>
         <input_file_ref idref="fl-23"/>
      </object_component>
      <object_component id="oc-13d">
         <name>.text:UARTReadChar</name>
         <load_address>0xec52</load_address>
         <run_address>0xec52</run_address>
         <size>0xc</size>
         <input_file_ref idref="fl-3"/>
      </object_component>
      <object_component id="oc-206">
         <name>.text:UARTSendByte</name>
         <load_address>0xec5e</load_address>
         <run_address>0xec5e</run_address>
         <size>0xc</size>
         <input_file_ref idref="fl-3"/>
      </object_component>
      <object_component id="oc-248">
         <name>.text:__mspabi_fltid</name>
         <load_address>0xec6a</load_address>
         <run_address>0xec6a</run_address>
         <size>0xc</size>
         <input_file_ref idref="fl-49"/>
      </object_component>
      <object_component id="oc-2d4">
         <name>.text</name>
         <load_address>0xec76</load_address>
         <run_address>0xec76</run_address>
         <size>0xa</size>
         <input_file_ref idref="fl-2a"/>
      </object_component>
      <object_component id="oc-dc">
         <name>.text:_isr:__TI_ISR_TRAP</name>
         <load_address>0xec80</load_address>
         <run_address>0xec80</run_address>
         <size>0x8</size>
         <input_file_ref idref="fl-37"/>
      </object_component>
      <object_component id="oc-1bd">
         <name>.text:abort</name>
         <load_address>0xec88</load_address>
         <run_address>0xec88</run_address>
         <size>0x6</size>
         <input_file_ref idref="fl-51"/>
      </object_component>
      <object_component id="oc-155">
         <name>.text:_system_pre_init</name>
         <load_address>0xec8e</load_address>
         <run_address>0xec8e</run_address>
         <size>0x4</size>
         <input_file_ref idref="fl-42"/>
      </object_component>
      <object_component id="oc-273">
         <name>.text:_system_post_cinit</name>
         <load_address>0xec92</load_address>
         <run_address>0xec92</run_address>
         <size>0x2</size>
         <input_file_ref idref="fl-43"/>
      </object_component>
      <object_component id="oc-3f3">
         <name>.cinit..data.load</name>
         <load_address>0xed34</load_address>
         <run_address>0xed34</run_address>
         <size>0x14</size>
      </object_component>
      <object_component id="oc-3f1">
         <name>__TI_handler_table</name>
         <load_address>0xed48</load_address>
         <run_address>0xed48</run_address>
         <size>0x4</size>
      </object_component>
      <object_component id="oc-3f2">
         <name>__TI_cinit_table</name>
         <load_address>0xed4c</load_address>
         <run_address>0xed4c</run_address>
         <size>0x4</size>
      </object_component>
      <object_component id="oc-19d">
         <name>.const:.string</name>
         <load_address>0xec94</load_address>
         <run_address>0xec94</run_address>
         <size>0x6e</size>
         <input_file_ref idref="fl-2"/>
      </object_component>
      <object_component id="oc-29c">
         <name>.const:.string</name>
         <load_address>0xed02</load_address>
         <run_address>0xed02</run_address>
         <size>0xe</size>
         <input_file_ref idref="fl-3"/>
      </object_component>
      <object_component id="oc-22f">
         <name>.const</name>
         <load_address>0xed10</load_address>
         <run_address>0xed10</run_address>
         <size>0xc</size>
         <input_file_ref idref="fl-3"/>
      </object_component>
      <object_component id="oc-2b8">
         <name>.const:bp</name>
         <load_address>0xed1c</load_address>
         <run_address>0xed1c</run_address>
         <size>0x8</size>
         <input_file_ref idref="fl-1e"/>
      </object_component>
      <object_component id="oc-2c0">
         <name>.const:dp_h</name>
         <load_address>0xed24</load_address>
         <run_address>0xed24</run_address>
         <size>0x8</size>
         <input_file_ref idref="fl-1e"/>
      </object_component>
      <object_component id="oc-2c3">
         <name>.const:dp_l</name>
         <load_address>0xed2c</load_address>
         <run_address>0xed2c</run_address>
         <size>0x8</size>
         <input_file_ref idref="fl-1e"/>
      </object_component>
      <object_component id="oc-3b3">
         <name>.binit</name>
         <load_address>0xc000</load_address>
         <run_address>0xc000</run_address>
         <size>0x0</size>
      </object_component>
      <object_component id="oc-40">
         <name>.int00</name>
         <load_address>0xffe0</load_address>
         <run_address>0xffe0</run_address>
         <size>0x2</size>
         <input_file_ref idref="fl-2b"/>
      </object_component>
      <object_component id="oc-41">
         <name>.int02</name>
         <load_address>0xffe4</load_address>
         <run_address>0xffe4</run_address>
         <size>0x2</size>
         <input_file_ref idref="fl-2c"/>
      </object_component>
      <object_component id="oc-42">
         <name>.int03</name>
         <load_address>0xffe6</load_address>
         <run_address>0xffe6</run_address>
         <size>0x2</size>
         <input_file_ref idref="fl-2d"/>
      </object_component>
      <object_component id="oc-43">
         <name>.int05</name>
         <load_address>0xffea</load_address>
         <run_address>0xffea</run_address>
         <size>0x2</size>
         <input_file_ref idref="fl-2e"/>
      </object_component>
      <object_component id="oc-44">
         <name>.int06</name>
         <load_address>0xffec</load_address>
         <run_address>0xffec</run_address>
         <size>0x2</size>
         <input_file_ref idref="fl-2f"/>
      </object_component>
      <object_component id="oc-45">
         <name>.int07</name>
         <load_address>0xffee</load_address>
         <run_address>0xffee</run_address>
         <size>0x2</size>
         <input_file_ref idref="fl-2"/>
      </object_component>
      <object_component id="oc-46">
         <name>.int08</name>
         <load_address>0xfff0</load_address>
         <run_address>0xfff0</run_address>
         <size>0x2</size>
         <input_file_ref idref="fl-30"/>
      </object_component>
      <object_component id="oc-47">
         <name>.int09</name>
         <load_address>0xfff2</load_address>
         <run_address>0xfff2</run_address>
         <size>0x2</size>
         <input_file_ref idref="fl-31"/>
      </object_component>
      <object_component id="oc-48">
         <name>.int10</name>
         <load_address>0xfff4</load_address>
         <run_address>0xfff4</run_address>
         <size>0x2</size>
         <input_file_ref idref="fl-32"/>
      </object_component>
      <object_component id="oc-49">
         <name>.int11</name>
         <load_address>0xfff6</load_address>
         <run_address>0xfff6</run_address>
         <size>0x2</size>
         <input_file_ref idref="fl-33"/>
      </object_component>
      <object_component id="oc-4a">
         <name>.int12</name>
         <load_address>0xfff8</load_address>
         <run_address>0xfff8</run_address>
         <size>0x2</size>
         <input_file_ref idref="fl-34"/>
      </object_component>
      <object_component id="oc-4b">
         <name>.int13</name>
         <load_address>0xfffa</load_address>
         <run_address>0xfffa</run_address>
         <size>0x2</size>
         <input_file_ref idref="fl-35"/>
      </object_component>
      <object_component id="oc-4c">
         <name>.int14</name>
         <load_address>0xfffc</load_address>
         <run_address>0xfffc</run_address>
         <size>0x2</size>
         <input_file_ref idref="fl-36"/>
      </object_component>
      <object_component id="oc-b4">
         <name>.reset</name>
         <load_address>0xfffe</load_address>
         <run_address>0xfffe</run_address>
         <size>0x2</size>
         <input_file_ref idref="fl-3c"/>
      </object_component>
      <object_component id="oc-183">
         <name>.debug_info</name>
         <load_address>0x0</load_address>
         <run_address>0x0</run_address>
         <size>0x34c</size>
         <input_file_ref idref="fl-2"/>
      </object_component>
      <object_component id="oc-144">
         <name>.debug_info</name>
         <load_address>0x34c</load_address>
         <run_address>0x34c</run_address>
         <size>0x1ca</size>
         <input_file_ref idref="fl-2"/>
      </object_component>
      <object_component id="oc-14a">
         <name>.debug_info</name>
         <load_address>0x516</load_address>
         <run_address>0x516</run_address>
         <size>0xdb</size>
         <input_file_ref idref="fl-2"/>
      </object_component>
      <object_component id="oc-147">
         <name>.debug_info</name>
         <load_address>0x5f1</load_address>
         <run_address>0x5f1</run_address>
         <size>0xd7</size>
         <input_file_ref idref="fl-2"/>
      </object_component>
      <object_component id="oc-15c">
         <name>.debug_info</name>
         <load_address>0x6c8</load_address>
         <run_address>0x6c8</run_address>
         <size>0x284</size>
         <input_file_ref idref="fl-2"/>
      </object_component>
      <object_component id="oc-e2">
         <name>.debug_info</name>
         <load_address>0x94c</load_address>
         <run_address>0x94c</run_address>
         <size>0x13e</size>
         <input_file_ref idref="fl-2"/>
      </object_component>
      <object_component id="oc-1fe">
         <name>.debug_info</name>
         <load_address>0xa8a</load_address>
         <run_address>0xa8a</run_address>
         <size>0x26b</size>
         <input_file_ref idref="fl-2"/>
      </object_component>
      <object_component id="oc-ca">
         <name>.debug_info</name>
         <load_address>0xcf5</load_address>
         <run_address>0xcf5</run_address>
         <size>0x84</size>
         <input_file_ref idref="fl-2"/>
      </object_component>
      <object_component id="oc-294">
         <name>.debug_info</name>
         <load_address>0xd79</load_address>
         <run_address>0xd79</run_address>
         <size>0x275</size>
         <input_file_ref idref="fl-2"/>
      </object_component>
      <object_component id="oc-20d">
         <name>.debug_info</name>
         <load_address>0xfee</load_address>
         <run_address>0xfee</run_address>
         <size>0x3cd</size>
         <input_file_ref idref="fl-3"/>
      </object_component>
      <object_component id="oc-20f">
         <name>.debug_info</name>
         <load_address>0x13bb</load_address>
         <run_address>0x13bb</run_address>
         <size>0x113</size>
         <input_file_ref idref="fl-3"/>
      </object_component>
      <object_component id="oc-230">
         <name>.debug_info</name>
         <load_address>0x14ce</load_address>
         <run_address>0x14ce</run_address>
         <size>0x135</size>
         <input_file_ref idref="fl-3"/>
      </object_component>
      <object_component id="oc-1b7">
         <name>.debug_info</name>
         <load_address>0x1603</load_address>
         <run_address>0x1603</run_address>
         <size>0x6a5</size>
         <input_file_ref idref="fl-3"/>
      </object_component>
      <object_component id="oc-1b1">
         <name>.debug_info</name>
         <load_address>0x1ca8</load_address>
         <run_address>0x1ca8</run_address>
         <size>0x161</size>
         <input_file_ref idref="fl-3"/>
      </object_component>
      <object_component id="oc-207">
         <name>.debug_info</name>
         <load_address>0x1e09</load_address>
         <run_address>0x1e09</run_address>
         <size>0x130</size>
         <input_file_ref idref="fl-3"/>
      </object_component>
      <object_component id="oc-19f">
         <name>.debug_info</name>
         <load_address>0x1f39</load_address>
         <run_address>0x1f39</run_address>
         <size>0x15a</size>
         <input_file_ref idref="fl-3"/>
      </object_component>
      <object_component id="oc-13e">
         <name>.debug_info</name>
         <load_address>0x2093</load_address>
         <run_address>0x2093</run_address>
         <size>0x112</size>
         <input_file_ref idref="fl-3"/>
      </object_component>
      <object_component id="oc-212">
         <name>.debug_info</name>
         <load_address>0x21a5</load_address>
         <run_address>0x21a5</run_address>
         <size>0x187</size>
         <input_file_ref idref="fl-3"/>
      </object_component>
      <object_component id="oc-1a5">
         <name>.debug_info</name>
         <load_address>0x232c</load_address>
         <run_address>0x232c</run_address>
         <size>0x16a</size>
         <input_file_ref idref="fl-3"/>
      </object_component>
      <object_component id="oc-1ab">
         <name>.debug_info</name>
         <load_address>0x2496</load_address>
         <run_address>0x2496</run_address>
         <size>0x1c6</size>
         <input_file_ref idref="fl-3"/>
      </object_component>
      <object_component id="oc-198">
         <name>.debug_info</name>
         <load_address>0x265c</load_address>
         <run_address>0x265c</run_address>
         <size>0x112</size>
         <input_file_ref idref="fl-3"/>
      </object_component>
      <object_component id="oc-192">
         <name>.debug_info</name>
         <load_address>0x276e</load_address>
         <run_address>0x276e</run_address>
         <size>0x10e</size>
         <input_file_ref idref="fl-3"/>
      </object_component>
      <object_component id="oc-18c">
         <name>.debug_info</name>
         <load_address>0x287c</load_address>
         <run_address>0x287c</run_address>
         <size>0x114</size>
         <input_file_ref idref="fl-3"/>
      </object_component>
      <object_component id="oc-2df">
         <name>.debug_info</name>
         <load_address>0x2990</load_address>
         <run_address>0x2990</run_address>
         <size>0x1cb</size>
         <input_file_ref idref="fl-1e"/>
      </object_component>
      <object_component id="oc-2b9">
         <name>.debug_info</name>
         <load_address>0x2b5b</load_address>
         <run_address>0x2b5b</run_address>
         <size>0xee</size>
         <input_file_ref idref="fl-1e"/>
      </object_component>
      <object_component id="oc-2c1">
         <name>.debug_info</name>
         <load_address>0x2c49</load_address>
         <run_address>0x2c49</run_address>
         <size>0xf2</size>
         <input_file_ref idref="fl-1e"/>
      </object_component>
      <object_component id="oc-2c4">
         <name>.debug_info</name>
         <load_address>0x2d3b</load_address>
         <run_address>0x2d3b</run_address>
         <size>0xf2</size>
         <input_file_ref idref="fl-1e"/>
      </object_component>
      <object_component id="oc-22c">
         <name>.debug_info</name>
         <load_address>0x2e2d</load_address>
         <run_address>0x2e2d</run_address>
         <size>0xc9f</size>
         <input_file_ref idref="fl-1e"/>
      </object_component>
      <object_component id="oc-35a">
         <name>.debug_info</name>
         <load_address>0x3acc</load_address>
         <run_address>0x3acc</run_address>
         <size>0x39</size>
         <input_file_ref idref="fl-1e"/>
      </object_component>
      <object_component id="oc-2da">
         <name>.debug_info</name>
         <load_address>0x3b05</load_address>
         <run_address>0x3b05</run_address>
         <size>0x39</size>
         <input_file_ref idref="fl-1e"/>
      </object_component>
      <object_component id="oc-341">
         <name>.debug_info</name>
         <load_address>0x3b3e</load_address>
         <run_address>0x3b3e</run_address>
         <size>0x173</size>
         <input_file_ref idref="fl-1f"/>
      </object_component>
      <object_component id="oc-2b5">
         <name>.debug_info</name>
         <load_address>0x3cb1</load_address>
         <run_address>0x3cb1</run_address>
         <size>0x202</size>
         <input_file_ref idref="fl-1f"/>
      </object_component>
      <object_component id="oc-353">
         <name>.debug_info</name>
         <load_address>0x3eb3</load_address>
         <run_address>0x3eb3</run_address>
         <size>0x1a8</size>
         <input_file_ref idref="fl-20"/>
      </object_component>
      <object_component id="oc-2d0">
         <name>.debug_info</name>
         <load_address>0x405b</load_address>
         <run_address>0x405b</run_address>
         <size>0x243</size>
         <input_file_ref idref="fl-20"/>
      </object_component>
      <object_component id="oc-39d">
         <name>.debug_info</name>
         <load_address>0x429e</load_address>
         <run_address>0x429e</run_address>
         <size>0x2c</size>
         <input_file_ref idref="fl-20"/>
      </object_component>
      <object_component id="oc-354">
         <name>.debug_info</name>
         <load_address>0x42ca</load_address>
         <run_address>0x42ca</run_address>
         <size>0x2c</size>
         <input_file_ref idref="fl-20"/>
      </object_component>
      <object_component id="oc-2a4">
         <name>.debug_info</name>
         <load_address>0x42f6</load_address>
         <run_address>0x42f6</run_address>
         <size>0x118</size>
         <input_file_ref idref="fl-21"/>
      </object_component>
      <object_component id="oc-2a9">
         <name>.debug_info</name>
         <load_address>0x440e</load_address>
         <run_address>0x440e</run_address>
         <size>0x118</size>
         <input_file_ref idref="fl-22"/>
      </object_component>
      <object_component id="oc-2e5">
         <name>.debug_info</name>
         <load_address>0x4526</load_address>
         <run_address>0x4526</run_address>
         <size>0x11e</size>
         <input_file_ref idref="fl-22"/>
      </object_component>
      <object_component id="oc-c1">
         <name>.debug_info</name>
         <load_address>0x4644</load_address>
         <run_address>0x4644</run_address>
         <size>0x126</size>
         <input_file_ref idref="fl-23"/>
      </object_component>
      <object_component id="oc-23a">
         <name>.debug_info</name>
         <load_address>0x476a</load_address>
         <run_address>0x476a</run_address>
         <size>0x119</size>
         <input_file_ref idref="fl-24"/>
      </object_component>
      <object_component id="oc-2c7">
         <name>.debug_info</name>
         <load_address>0x4883</load_address>
         <run_address>0x4883</run_address>
         <size>0x125</size>
         <input_file_ref idref="fl-25"/>
      </object_component>
      <object_component id="oc-224">
         <name>.debug_info</name>
         <load_address>0x49a8</load_address>
         <run_address>0x49a8</run_address>
         <size>0x119</size>
         <input_file_ref idref="fl-26"/>
      </object_component>
      <object_component id="oc-21f">
         <name>.debug_info</name>
         <load_address>0x4ac1</load_address>
         <run_address>0x4ac1</run_address>
         <size>0x122</size>
         <input_file_ref idref="fl-27"/>
      </object_component>
      <object_component id="oc-2bd">
         <name>.debug_info</name>
         <load_address>0x4be3</load_address>
         <run_address>0x4be3</run_address>
         <size>0x124</size>
         <input_file_ref idref="fl-28"/>
      </object_component>
      <object_component id="oc-235">
         <name>.debug_info</name>
         <load_address>0x4d07</load_address>
         <run_address>0x4d07</run_address>
         <size>0x119</size>
         <input_file_ref idref="fl-29"/>
      </object_component>
      <object_component id="oc-2d5">
         <name>.debug_info</name>
         <load_address>0x4e20</load_address>
         <run_address>0x4e20</run_address>
         <size>0x119</size>
         <input_file_ref idref="fl-2a"/>
      </object_component>
      <object_component id="oc-de">
         <name>.debug_info</name>
         <load_address>0x4f39</load_address>
         <run_address>0x4f39</run_address>
         <size>0x107</size>
         <input_file_ref idref="fl-37"/>
      </object_component>
      <object_component id="oc-b6">
         <name>.debug_info</name>
         <load_address>0x5040</load_address>
         <run_address>0x5040</run_address>
         <size>0x118</size>
         <input_file_ref idref="fl-38"/>
      </object_component>
      <object_component id="oc-2ae">
         <name>.debug_info</name>
         <load_address>0x5158</load_address>
         <run_address>0x5158</run_address>
         <size>0x118</size>
         <input_file_ref idref="fl-39"/>
      </object_component>
      <object_component id="oc-374">
         <name>.debug_info</name>
         <load_address>0x5270</load_address>
         <run_address>0x5270</run_address>
         <size>0x11e</size>
         <input_file_ref idref="fl-39"/>
      </object_component>
      <object_component id="oc-bc">
         <name>.debug_info</name>
         <load_address>0x538e</load_address>
         <run_address>0x538e</run_address>
         <size>0x118</size>
         <input_file_ref idref="fl-3a"/>
      </object_component>
      <object_component id="oc-219">
         <name>.debug_info</name>
         <load_address>0x54a6</load_address>
         <run_address>0x54a6</run_address>
         <size>0x119</size>
         <input_file_ref idref="fl-3b"/>
      </object_component>
      <object_component id="oc-b2">
         <name>.debug_info</name>
         <load_address>0x55bf</load_address>
         <run_address>0x55bf</run_address>
         <size>0xf5</size>
         <input_file_ref idref="fl-3c"/>
      </object_component>
      <object_component id="oc-fc">
         <name>.debug_info</name>
         <load_address>0x56b4</load_address>
         <run_address>0x56b4</run_address>
         <size>0x16f</size>
         <input_file_ref idref="fl-3c"/>
      </object_component>
      <object_component id="oc-27a">
         <name>.debug_info</name>
         <load_address>0x5823</load_address>
         <run_address>0x5823</run_address>
         <size>0x472</size>
         <input_file_ref idref="fl-3d"/>
      </object_component>
      <object_component id="oc-1ca">
         <name>.debug_info</name>
         <load_address>0x5c95</load_address>
         <run_address>0x5c95</run_address>
         <size>0x1d5</size>
         <input_file_ref idref="fl-3d"/>
      </object_component>
      <object_component id="oc-32c">
         <name>.debug_info</name>
         <load_address>0x5e6a</load_address>
         <run_address>0x5e6a</run_address>
         <size>0x39</size>
         <input_file_ref idref="fl-3d"/>
      </object_component>
      <object_component id="oc-338">
         <name>.debug_info</name>
         <load_address>0x5ea3</load_address>
         <run_address>0x5ea3</run_address>
         <size>0x2c</size>
         <input_file_ref idref="fl-3d"/>
      </object_component>
      <object_component id="oc-285">
         <name>.debug_info</name>
         <load_address>0x5ecf</load_address>
         <run_address>0x5ecf</run_address>
         <size>0x2c</size>
         <input_file_ref idref="fl-3d"/>
      </object_component>
      <object_component id="oc-331">
         <name>.debug_info</name>
         <load_address>0x5efb</load_address>
         <run_address>0x5efb</run_address>
         <size>0xcd</size>
         <input_file_ref idref="fl-3d"/>
      </object_component>
      <object_component id="oc-130">
         <name>.debug_info</name>
         <load_address>0x5fc8</load_address>
         <run_address>0x5fc8</run_address>
         <size>0x2c</size>
         <input_file_ref idref="fl-3e"/>
      </object_component>
      <object_component id="oc-156">
         <name>.debug_info</name>
         <load_address>0x5ff4</load_address>
         <run_address>0x5ff4</run_address>
         <size>0x148</size>
         <input_file_ref idref="fl-42"/>
      </object_component>
      <object_component id="oc-274">
         <name>.debug_info</name>
         <load_address>0x613c</load_address>
         <run_address>0x613c</run_address>
         <size>0x145</size>
         <input_file_ref idref="fl-43"/>
      </object_component>
      <object_component id="oc-db">
         <name>.debug_info</name>
         <load_address>0x6281</load_address>
         <run_address>0x6281</run_address>
         <size>0x175</size>
         <input_file_ref idref="fl-44"/>
      </object_component>
      <object_component id="oc-3c">
         <name>.debug_info</name>
         <load_address>0x63f6</load_address>
         <run_address>0x63f6</run_address>
         <size>0x1df</size>
         <input_file_ref idref="fl-44"/>
      </object_component>
      <object_component id="oc-d6">
         <name>.debug_info</name>
         <load_address>0x65d5</load_address>
         <run_address>0x65d5</run_address>
         <size>0x46</size>
         <input_file_ref idref="fl-44"/>
      </object_component>
      <object_component id="oc-135">
         <name>.debug_info</name>
         <load_address>0x661b</load_address>
         <run_address>0x661b</run_address>
         <size>0x2c</size>
         <input_file_ref idref="fl-44"/>
      </object_component>
      <object_component id="oc-12d">
         <name>.debug_info</name>
         <load_address>0x6647</load_address>
         <run_address>0x6647</run_address>
         <size>0x16b</size>
         <input_file_ref idref="fl-45"/>
      </object_component>
      <object_component id="oc-35">
         <name>.debug_info</name>
         <load_address>0x67b2</load_address>
         <run_address>0x67b2</run_address>
         <size>0x287</size>
         <input_file_ref idref="fl-45"/>
      </object_component>
      <object_component id="oc-c5">
         <name>.debug_info</name>
         <load_address>0x6a39</load_address>
         <run_address>0x6a39</run_address>
         <size>0x60</size>
         <input_file_ref idref="fl-45"/>
      </object_component>
      <object_component id="oc-177">
         <name>.debug_info</name>
         <load_address>0x6a99</load_address>
         <run_address>0x6a99</run_address>
         <size>0x46</size>
         <input_file_ref idref="fl-45"/>
      </object_component>
      <object_component id="oc-128">
         <name>.debug_info</name>
         <load_address>0x6adf</load_address>
         <run_address>0x6adf</run_address>
         <size>0x39</size>
         <input_file_ref idref="fl-45"/>
      </object_component>
      <object_component id="oc-2fc">
         <name>.debug_info</name>
         <load_address>0x6b18</load_address>
         <run_address>0x6b18</run_address>
         <size>0x19c</size>
         <input_file_ref idref="fl-46"/>
      </object_component>
      <object_component id="oc-243">
         <name>.debug_info</name>
         <load_address>0x6cb4</load_address>
         <run_address>0x6cb4</run_address>
         <size>0x24c</size>
         <input_file_ref idref="fl-46"/>
      </object_component>
      <object_component id="oc-2f7">
         <name>.debug_info</name>
         <load_address>0x6f00</load_address>
         <run_address>0x6f00</run_address>
         <size>0x94</size>
         <input_file_ref idref="fl-46"/>
      </object_component>
      <object_component id="oc-2ea">
         <name>.debug_info</name>
         <load_address>0x6f94</load_address>
         <run_address>0x6f94</run_address>
         <size>0x15a</size>
         <input_file_ref idref="fl-47"/>
      </object_component>
      <object_component id="oc-23d">
         <name>.debug_info</name>
         <load_address>0x70ee</load_address>
         <run_address>0x70ee</run_address>
         <size>0x1c9</size>
         <input_file_ref idref="fl-47"/>
      </object_component>
      <object_component id="oc-2eb">
         <name>.debug_info</name>
         <load_address>0x72b7</load_address>
         <run_address>0x72b7</run_address>
         <size>0xdb</size>
         <input_file_ref idref="fl-47"/>
      </object_component>
      <object_component id="oc-314">
         <name>.debug_info</name>
         <load_address>0x7392</load_address>
         <run_address>0x7392</run_address>
         <size>0x197</size>
         <input_file_ref idref="fl-48"/>
      </object_component>
      <object_component id="oc-25b">
         <name>.debug_info</name>
         <load_address>0x7529</load_address>
         <run_address>0x7529</run_address>
         <size>0x27f</size>
         <input_file_ref idref="fl-48"/>
      </object_component>
      <object_component id="oc-24a">
         <name>.debug_info</name>
         <load_address>0x77a8</load_address>
         <run_address>0x77a8</run_address>
         <size>0x15b</size>
         <input_file_ref idref="fl-49"/>
      </object_component>
      <object_component id="oc-37e">
         <name>.debug_info</name>
         <load_address>0x7903</load_address>
         <run_address>0x7903</run_address>
         <size>0x160</size>
         <input_file_ref idref="fl-4a"/>
      </object_component>
      <object_component id="oc-2ff">
         <name>.debug_info</name>
         <load_address>0x7a63</load_address>
         <run_address>0x7a63</run_address>
         <size>0x210</size>
         <input_file_ref idref="fl-4a"/>
      </object_component>
      <object_component id="oc-370">
         <name>.debug_info</name>
         <load_address>0x7c73</load_address>
         <run_address>0x7c73</run_address>
         <size>0x195</size>
         <input_file_ref idref="fl-4b"/>
      </object_component>
      <object_component id="oc-2f3">
         <name>.debug_info</name>
         <load_address>0x7e08</load_address>
         <run_address>0x7e08</run_address>
         <size>0x31e</size>
         <input_file_ref idref="fl-4b"/>
      </object_component>
      <object_component id="oc-389">
         <name>.debug_info</name>
         <load_address>0x8126</load_address>
         <run_address>0x8126</run_address>
         <size>0x167</size>
         <input_file_ref idref="fl-4c"/>
      </object_component>
      <object_component id="oc-310">
         <name>.debug_info</name>
         <load_address>0x828d</load_address>
         <run_address>0x828d</run_address>
         <size>0x5c4</size>
         <input_file_ref idref="fl-4c"/>
      </object_component>
      <object_component id="oc-30b">
         <name>.debug_info</name>
         <load_address>0x8851</load_address>
         <run_address>0x8851</run_address>
         <size>0x197</size>
         <input_file_ref idref="fl-4d"/>
      </object_component>
      <object_component id="oc-252">
         <name>.debug_info</name>
         <load_address>0x89e8</load_address>
         <run_address>0x89e8</run_address>
         <size>0x2d5</size>
         <input_file_ref idref="fl-4d"/>
      </object_component>
      <object_component id="oc-3a4">
         <name>.debug_info</name>
         <load_address>0x8cbd</load_address>
         <run_address>0x8cbd</run_address>
         <size>0x167</size>
         <input_file_ref idref="fl-4e"/>
      </object_component>
      <object_component id="oc-36a">
         <name>.debug_info</name>
         <load_address>0x8e24</load_address>
         <run_address>0x8e24</run_address>
         <size>0x1ee</size>
         <input_file_ref idref="fl-4e"/>
      </object_component>
      <object_component id="oc-256">
         <name>.debug_info</name>
         <load_address>0x9012</load_address>
         <run_address>0x9012</run_address>
         <size>0x182</size>
         <input_file_ref idref="fl-4f"/>
      </object_component>
      <object_component id="oc-2cc">
         <name>.debug_info</name>
         <load_address>0x9194</load_address>
         <run_address>0x9194</run_address>
         <size>0xf3</size>
         <input_file_ref idref="fl-50"/>
      </object_component>
      <object_component id="oc-1be">
         <name>.debug_info</name>
         <load_address>0x9287</load_address>
         <run_address>0x9287</run_address>
         <size>0x117</size>
         <input_file_ref idref="fl-51"/>
      </object_component>
      <object_component id="oc-12f">
         <name>.debug_info</name>
         <load_address>0x939e</load_address>
         <run_address>0x939e</run_address>
         <size>0x176</size>
         <input_file_ref idref="fl-54"/>
      </object_component>
      <object_component id="oc-d1">
         <name>.debug_info</name>
         <load_address>0x9514</load_address>
         <run_address>0x9514</run_address>
         <size>0x16f</size>
         <input_file_ref idref="fl-54"/>
      </object_component>
      <object_component id="oc-34d">
         <name>.debug_info</name>
         <load_address>0x9683</load_address>
         <run_address>0x9683</run_address>
         <size>0x159</size>
         <input_file_ref idref="fl-55"/>
      </object_component>
      <object_component id="oc-366">
         <name>.debug_info</name>
         <load_address>0x97dc</load_address>
         <run_address>0x97dc</run_address>
         <size>0x118</size>
         <input_file_ref idref="fl-56"/>
      </object_component>
      <object_component id="oc-37a">
         <name>.debug_info</name>
         <load_address>0x98f4</load_address>
         <run_address>0x98f4</run_address>
         <size>0x11e</size>
         <input_file_ref idref="fl-56"/>
      </object_component>
      <object_component id="oc-380">
         <name>.debug_info</name>
         <load_address>0x9a12</load_address>
         <run_address>0x9a12</run_address>
         <size>0x119</size>
         <input_file_ref idref="fl-57"/>
      </object_component>
      <object_component id="oc-385">
         <name>.debug_info</name>
         <load_address>0x9b2b</load_address>
         <run_address>0x9b2b</run_address>
         <size>0x167</size>
         <input_file_ref idref="fl-59"/>
      </object_component>
      <object_component id="oc-305">
         <name>.debug_info</name>
         <load_address>0x9c92</load_address>
         <run_address>0x9c92</run_address>
         <size>0x3a0</size>
         <input_file_ref idref="fl-59"/>
      </object_component>
      <object_component id="oc-3f5">
         <name>.debug_info</name>
         <load_address>0xa032</load_address>
         <run_address>0xa032</run_address>
         <size>0xb1</size>
      </object_component>
      <object_component id="oc-1fd">
         <name>.debug_line</name>
         <load_address>0x0</load_address>
         <run_address>0x0</run_address>
         <size>0x61</size>
         <input_file_ref idref="fl-2"/>
      </object_component>
      <object_component id="oc-182">
         <name>.debug_line</name>
         <load_address>0x61</load_address>
         <run_address>0x61</run_address>
         <size>0x2d</size>
         <input_file_ref idref="fl-2"/>
      </object_component>
      <object_component id="oc-187">
         <name>.debug_line</name>
         <load_address>0x8e</load_address>
         <run_address>0x8e</run_address>
         <size>0x2d</size>
         <input_file_ref idref="fl-2"/>
      </object_component>
      <object_component id="oc-185">
         <name>.debug_line</name>
         <load_address>0xbb</load_address>
         <run_address>0xbb</run_address>
         <size>0x2d</size>
         <input_file_ref idref="fl-2"/>
      </object_component>
      <object_component id="oc-15f">
         <name>.debug_line</name>
         <load_address>0xe8</load_address>
         <run_address>0xe8</run_address>
         <size>0x68</size>
         <input_file_ref idref="fl-2"/>
      </object_component>
      <object_component id="oc-e5">
         <name>.debug_line</name>
         <load_address>0x150</load_address>
         <run_address>0x150</run_address>
         <size>0x58</size>
         <input_file_ref idref="fl-2"/>
      </object_component>
      <object_component id="oc-201">
         <name>.debug_line</name>
         <load_address>0x1a8</load_address>
         <run_address>0x1a8</run_address>
         <size>0x6c</size>
         <input_file_ref idref="fl-2"/>
      </object_component>
      <object_component id="oc-cd">
         <name>.debug_line</name>
         <load_address>0x214</load_address>
         <run_address>0x214</run_address>
         <size>0x20</size>
         <input_file_ref idref="fl-2"/>
      </object_component>
      <object_component id="oc-297">
         <name>.debug_line</name>
         <load_address>0x234</load_address>
         <run_address>0x234</run_address>
         <size>0x70</size>
         <input_file_ref idref="fl-2"/>
      </object_component>
      <object_component id="oc-29b">
         <name>.debug_line</name>
         <load_address>0x2a4</load_address>
         <run_address>0x2a4</run_address>
         <size>0x9b</size>
         <input_file_ref idref="fl-3"/>
      </object_component>
      <object_component id="oc-29e">
         <name>.debug_line</name>
         <load_address>0x33f</load_address>
         <run_address>0x33f</run_address>
         <size>0x2c</size>
         <input_file_ref idref="fl-3"/>
      </object_component>
      <object_component id="oc-2e1">
         <name>.debug_line</name>
         <load_address>0x36b</load_address>
         <run_address>0x36b</run_address>
         <size>0x2c</size>
         <input_file_ref idref="fl-3"/>
      </object_component>
      <object_component id="oc-1ba">
         <name>.debug_line</name>
         <load_address>0x397</load_address>
         <run_address>0x397</run_address>
         <size>0x4c</size>
         <input_file_ref idref="fl-3"/>
      </object_component>
      <object_component id="oc-1b4">
         <name>.debug_line</name>
         <load_address>0x3e3</load_address>
         <run_address>0x3e3</run_address>
         <size>0x42</size>
         <input_file_ref idref="fl-3"/>
      </object_component>
      <object_component id="oc-20a">
         <name>.debug_line</name>
         <load_address>0x425</load_address>
         <run_address>0x425</run_address>
         <size>0x45</size>
         <input_file_ref idref="fl-3"/>
      </object_component>
      <object_component id="oc-1a2">
         <name>.debug_line</name>
         <load_address>0x46a</load_address>
         <run_address>0x46a</run_address>
         <size>0x4d</size>
         <input_file_ref idref="fl-3"/>
      </object_component>
      <object_component id="oc-141">
         <name>.debug_line</name>
         <load_address>0x4b7</load_address>
         <run_address>0x4b7</run_address>
         <size>0x45</size>
         <input_file_ref idref="fl-3"/>
      </object_component>
      <object_component id="oc-215">
         <name>.debug_line</name>
         <load_address>0x4fc</load_address>
         <run_address>0x4fc</run_address>
         <size>0x4f</size>
         <input_file_ref idref="fl-3"/>
      </object_component>
      <object_component id="oc-1a8">
         <name>.debug_line</name>
         <load_address>0x54b</load_address>
         <run_address>0x54b</run_address>
         <size>0x49</size>
         <input_file_ref idref="fl-3"/>
      </object_component>
      <object_component id="oc-1ae">
         <name>.debug_line</name>
         <load_address>0x594</load_address>
         <run_address>0x594</run_address>
         <size>0x44</size>
         <input_file_ref idref="fl-3"/>
      </object_component>
      <object_component id="oc-19b">
         <name>.debug_line</name>
         <load_address>0x5d8</load_address>
         <run_address>0x5d8</run_address>
         <size>0x49</size>
         <input_file_ref idref="fl-3"/>
      </object_component>
      <object_component id="oc-195">
         <name>.debug_line</name>
         <load_address>0x621</load_address>
         <run_address>0x621</run_address>
         <size>0x42</size>
         <input_file_ref idref="fl-3"/>
      </object_component>
      <object_component id="oc-18f">
         <name>.debug_line</name>
         <load_address>0x663</load_address>
         <run_address>0x663</run_address>
         <size>0x46</size>
         <input_file_ref idref="fl-3"/>
      </object_component>
      <object_component id="oc-360">
         <name>.debug_line</name>
         <load_address>0x6a9</load_address>
         <run_address>0x6a9</run_address>
         <size>0x93</size>
         <input_file_ref idref="fl-1e"/>
      </object_component>
      <object_component id="oc-343">
         <name>.debug_line</name>
         <load_address>0x73c</load_address>
         <run_address>0x73c</run_address>
         <size>0x2c</size>
         <input_file_ref idref="fl-1e"/>
      </object_component>
      <object_component id="oc-346">
         <name>.debug_line</name>
         <load_address>0x768</load_address>
         <run_address>0x768</run_address>
         <size>0x2c</size>
         <input_file_ref idref="fl-1e"/>
      </object_component>
      <object_component id="oc-348">
         <name>.debug_line</name>
         <load_address>0x794</load_address>
         <run_address>0x794</run_address>
         <size>0x2c</size>
         <input_file_ref idref="fl-1e"/>
      </object_component>
      <object_component id="oc-22a">
         <name>.debug_line</name>
         <load_address>0x7c0</load_address>
         <run_address>0x7c0</run_address>
         <size>0x1af</size>
         <input_file_ref idref="fl-1e"/>
      </object_component>
      <object_component id="oc-35d">
         <name>.debug_line</name>
         <load_address>0x96f</load_address>
         <run_address>0x96f</run_address>
         <size>0x92</size>
         <input_file_ref idref="fl-1e"/>
      </object_component>
      <object_component id="oc-2dd">
         <name>.debug_line</name>
         <load_address>0xa01</load_address>
         <run_address>0xa01</run_address>
         <size>0x8f</size>
         <input_file_ref idref="fl-1e"/>
      </object_component>
      <object_component id="oc-399">
         <name>.debug_line</name>
         <load_address>0xa90</load_address>
         <run_address>0xa90</run_address>
         <size>0x89</size>
         <input_file_ref idref="fl-1f"/>
      </object_component>
      <object_component id="oc-2b7">
         <name>.debug_line</name>
         <load_address>0xb19</load_address>
         <run_address>0xb19</run_address>
         <size>0xa6</size>
         <input_file_ref idref="fl-1f"/>
      </object_component>
      <object_component id="oc-39c">
         <name>.debug_line</name>
         <load_address>0xbbf</load_address>
         <run_address>0xbbf</run_address>
         <size>0x93</size>
         <input_file_ref idref="fl-20"/>
      </object_component>
      <object_component id="oc-2d2">
         <name>.debug_line</name>
         <load_address>0xc52</load_address>
         <run_address>0xc52</run_address>
         <size>0x6d</size>
         <input_file_ref idref="fl-20"/>
      </object_component>
      <object_component id="oc-3a0">
         <name>.debug_line</name>
         <load_address>0xcbf</load_address>
         <run_address>0xcbf</run_address>
         <size>0x92</size>
         <input_file_ref idref="fl-20"/>
      </object_component>
      <object_component id="oc-357">
         <name>.debug_line</name>
         <load_address>0xd51</load_address>
         <run_address>0xd51</run_address>
         <size>0x8f</size>
         <input_file_ref idref="fl-20"/>
      </object_component>
      <object_component id="oc-2a7">
         <name>.debug_line</name>
         <load_address>0xde0</load_address>
         <run_address>0xde0</run_address>
         <size>0x4e</size>
         <input_file_ref idref="fl-21"/>
      </object_component>
      <object_component id="oc-2ac">
         <name>.debug_line</name>
         <load_address>0xe2e</load_address>
         <run_address>0xe2e</run_address>
         <size>0x3e</size>
         <input_file_ref idref="fl-22"/>
      </object_component>
      <object_component id="oc-2e8">
         <name>.debug_line</name>
         <load_address>0xe6c</load_address>
         <run_address>0xe6c</run_address>
         <size>0x56</size>
         <input_file_ref idref="fl-22"/>
      </object_component>
      <object_component id="oc-c0">
         <name>.debug_line</name>
         <load_address>0xec2</load_address>
         <run_address>0xec2</run_address>
         <size>0x40</size>
         <input_file_ref idref="fl-23"/>
      </object_component>
      <object_component id="oc-238">
         <name>.debug_line</name>
         <load_address>0xf02</load_address>
         <run_address>0xf02</run_address>
         <size>0xbb</size>
         <input_file_ref idref="fl-24"/>
      </object_component>
      <object_component id="oc-2ca">
         <name>.debug_line</name>
         <load_address>0xfbd</load_address>
         <run_address>0xfbd</run_address>
         <size>0x5e</size>
         <input_file_ref idref="fl-25"/>
      </object_component>
      <object_component id="oc-227">
         <name>.debug_line</name>
         <load_address>0x101b</load_address>
         <run_address>0x101b</run_address>
         <size>0x83</size>
         <input_file_ref idref="fl-26"/>
      </object_component>
      <object_component id="oc-222">
         <name>.debug_line</name>
         <load_address>0x109e</load_address>
         <run_address>0x109e</run_address>
         <size>0x55</size>
         <input_file_ref idref="fl-27"/>
      </object_component>
      <object_component id="oc-2bc">
         <name>.debug_line</name>
         <load_address>0x10f3</load_address>
         <run_address>0x10f3</run_address>
         <size>0x5e</size>
         <input_file_ref idref="fl-28"/>
      </object_component>
      <object_component id="oc-233">
         <name>.debug_line</name>
         <load_address>0x1151</load_address>
         <run_address>0x1151</run_address>
         <size>0x94</size>
         <input_file_ref idref="fl-29"/>
      </object_component>
      <object_component id="oc-2d8">
         <name>.debug_line</name>
         <load_address>0x11e5</load_address>
         <run_address>0x11e5</run_address>
         <size>0x3f</size>
         <input_file_ref idref="fl-2a"/>
      </object_component>
      <object_component id="oc-e0">
         <name>.debug_line</name>
         <load_address>0x1224</load_address>
         <run_address>0x1224</run_address>
         <size>0x3d</size>
         <input_file_ref idref="fl-37"/>
      </object_component>
      <object_component id="oc-b9">
         <name>.debug_line</name>
         <load_address>0x1261</load_address>
         <run_address>0x1261</run_address>
         <size>0x4e</size>
         <input_file_ref idref="fl-38"/>
      </object_component>
      <object_component id="oc-2b1">
         <name>.debug_line</name>
         <load_address>0x12af</load_address>
         <run_address>0x12af</run_address>
         <size>0x3e</size>
         <input_file_ref idref="fl-39"/>
      </object_component>
      <object_component id="oc-377">
         <name>.debug_line</name>
         <load_address>0x12ed</load_address>
         <run_address>0x12ed</run_address>
         <size>0x56</size>
         <input_file_ref idref="fl-39"/>
      </object_component>
      <object_component id="oc-be">
         <name>.debug_line</name>
         <load_address>0x1343</load_address>
         <run_address>0x1343</run_address>
         <size>0x5e</size>
         <input_file_ref idref="fl-3a"/>
      </object_component>
      <object_component id="oc-21c">
         <name>.debug_line</name>
         <load_address>0x13a1</load_address>
         <run_address>0x13a1</run_address>
         <size>0x42</size>
         <input_file_ref idref="fl-3b"/>
      </object_component>
      <object_component id="oc-124">
         <name>.debug_line</name>
         <load_address>0x13e3</load_address>
         <run_address>0x13e3</run_address>
         <size>0x2a</size>
         <input_file_ref idref="fl-3c"/>
      </object_component>
      <object_component id="oc-fb">
         <name>.debug_line</name>
         <load_address>0x140d</load_address>
         <run_address>0x140d</run_address>
         <size>0x46</size>
         <input_file_ref idref="fl-3c"/>
      </object_component>
      <object_component id="oc-32b">
         <name>.debug_line</name>
         <load_address>0x1453</load_address>
         <run_address>0x1453</run_address>
         <size>0xb7</size>
         <input_file_ref idref="fl-3d"/>
      </object_component>
      <object_component id="oc-1cd">
         <name>.debug_line</name>
         <load_address>0x150a</load_address>
         <run_address>0x150a</run_address>
         <size>0x76</size>
         <input_file_ref idref="fl-3d"/>
      </object_component>
      <object_component id="oc-32f">
         <name>.debug_line</name>
         <load_address>0x1580</load_address>
         <run_address>0x1580</run_address>
         <size>0x2e</size>
         <input_file_ref idref="fl-3d"/>
      </object_component>
      <object_component id="oc-33b">
         <name>.debug_line</name>
         <load_address>0x15ae</load_address>
         <run_address>0x15ae</run_address>
         <size>0x92</size>
         <input_file_ref idref="fl-3d"/>
      </object_component>
      <object_component id="oc-288">
         <name>.debug_line</name>
         <load_address>0x1640</load_address>
         <run_address>0x1640</run_address>
         <size>0x8f</size>
         <input_file_ref idref="fl-3d"/>
      </object_component>
      <object_component id="oc-334">
         <name>.debug_line</name>
         <load_address>0x16cf</load_address>
         <run_address>0x16cf</run_address>
         <size>0x8b</size>
         <input_file_ref idref="fl-3d"/>
      </object_component>
      <object_component id="oc-133">
         <name>.debug_line</name>
         <load_address>0x175a</load_address>
         <run_address>0x175a</run_address>
         <size>0x8a</size>
         <input_file_ref idref="fl-3e"/>
      </object_component>
      <object_component id="oc-159">
         <name>.debug_line</name>
         <load_address>0x17e4</load_address>
         <run_address>0x17e4</run_address>
         <size>0x3e</size>
         <input_file_ref idref="fl-42"/>
      </object_component>
      <object_component id="oc-277">
         <name>.debug_line</name>
         <load_address>0x1822</load_address>
         <run_address>0x1822</run_address>
         <size>0x3a</size>
         <input_file_ref idref="fl-43"/>
      </object_component>
      <object_component id="oc-13b">
         <name>.debug_line</name>
         <load_address>0x185c</load_address>
         <run_address>0x185c</run_address>
         <size>0x20</size>
         <input_file_ref idref="fl-44"/>
      </object_component>
      <object_component id="oc-3f">
         <name>.debug_line</name>
         <load_address>0x187c</load_address>
         <run_address>0x187c</run_address>
         <size>0x50</size>
         <input_file_ref idref="fl-44"/>
      </object_component>
      <object_component id="oc-d9">
         <name>.debug_line</name>
         <load_address>0x18cc</load_address>
         <run_address>0x18cc</run_address>
         <size>0x3a</size>
[...]
      </symbol>
      <symbol id="sm-251">
         <name>__mspabi_sral_4</name>
         <value>0xe964</value>
         <object_component_ref idref="oc-2e4"/>
      </symbol>
      <symbol id="sm-252">
         <name>__mspabi_sral_5</name>
         <value>0xe960</value>
         <object_component_ref idref="oc-2e4"/>
      </symbol>
      <symbol id="sm-253">
         <name>__mspabi_sral_2</name>
         <value>0xe96c</value>
         <object_component_ref idref="oc-2e4"/>
      </symbol>
      <symbol id="sm-254">
         <name>__mspabi_sral_3</name>
         <value>0xe968</value>
         <object_component_ref idref="oc-2e4"/>
      </symbol>
      <symbol id="sm-255">
         <name>__mspabi_sral_1</name>
         <value>0xe970</value>
         <object_component_ref idref="oc-2e4"/>
      </symbol>
      <symbol id="sm-25e">
         <name>__mspabi_func_epilog_2</name>
         <value>0xec4c</value>
         <object_component_ref idref="oc-bf"/>
      </symbol>
      <symbol id="sm-25f">
         <name>__mspabi_func_epilog_3</name>
         <value>0xec4a</value>
         <object_component_ref idref="oc-bf"/>
      </symbol>
      <symbol id="sm-260">
         <name>__mspabi_func_epilog_1</name>
         <value>0xec4e</value>
         <object_component_ref idref="oc-bf"/>
      </symbol>
      <symbol id="sm-261">
         <name>__mspabi_func_epilog_6</name>
         <value>0xec44</value>
         <object_component_ref idref="oc-bf"/>
      </symbol>
      <symbol id="sm-262">
         <name>__mspabi_func_epilog_7</name>
         <value>0xec42</value>
         <object_component_ref idref="oc-bf"/>
      </symbol>
      <symbol id="sm-263">
         <name>__mspabi_func_epilog_4</name>
         <value>0xec48</value>
         <object_component_ref idref="oc-bf"/>
      </symbol>
      <symbol id="sm-264">
         <name>__mspabi_func_epilog_5</name>
         <value>0xec46</value>
         <object_component_ref idref="oc-bf"/>
      </symbol>
      <symbol id="sm-27f">
         <name>__mspabi_subf</name>
         <value>0xe018</value>
         <object_component_ref idref="oc-237"/>
      </symbol>
      <symbol id="sm-280">
         <name>__mspabi_addf</name>
         <value>0xe01e</value>
         <object_component_ref idref="oc-237"/>
      </symbol>
      <symbol id="sm-290">
         <name>__mspabi_cmpf</name>
         <value>0xe862</value>
         <object_component_ref idref="oc-2c6"/>
      </symbol>
      <symbol id="sm-2a2">
         <name>__mspabi_divf</name>
         <value>0xe56a</value>
         <object_component_ref idref="oc-223"/>
      </symbol>
      <symbol id="sm-2af">
         <name>__mspabi_fltif</name>
         <value>0xe9ea</value>
         <object_component_ref idref="oc-21e"/>
      </symbol>
      <symbol id="sm-2be">
         <name>__mspabi_fltlif</name>
         <value>0xe8ac</value>
         <object_component_ref idref="oc-2bb"/>
      </symbol>
      <symbol id="sm-2d5">
         <name>__mspabi_mpyf</name>
         <value>0xe33c</value>
         <object_component_ref idref="oc-232"/>
      </symbol>
      <symbol id="sm-2de">
         <name>__mspabi_negf</name>
         <value>0xec76</value>
         <object_component_ref idref="oc-2d4"/>
      </symbol>
      <symbol id="sm-2e1">
         <name>__TI_int00</name>
         <value>0xffe0</value>
         <object_component_ref idref="oc-40"/>
      </symbol>
      <symbol id="sm-2e4">
         <name>__TI_int02</name>
         <value>0xffe4</value>
         <object_component_ref idref="oc-41"/>
      </symbol>
      <symbol id="sm-2e7">
         <name>__TI_int03</name>
         <value>0xffe6</value>
         <object_component_ref idref="oc-42"/>
      </symbol>
      <symbol id="sm-2ea">
         <name>__TI_int05</name>
         <value>0xffea</value>
         <object_component_ref idref="oc-43"/>
      </symbol>
      <symbol id="sm-2ed">
         <name>__TI_int06</name>
         <value>0xffec</value>
         <object_component_ref idref="oc-44"/>
      </symbol>
      <symbol id="sm-2f0">
         <name>__TI_int08</name>
         <value>0xfff0</value>
         <object_component_ref idref="oc-46"/>
      </symbol>
      <symbol id="sm-2f3">
         <name>__TI_int09</name>
         <value>0xfff2</value>
         <object_component_ref idref="oc-47"/>
      </symbol>
      <symbol id="sm-2f6">
         <name>__TI_int10</name>
         <value>0xfff4</value>
         <object_component_ref idref="oc-48"/>
      </symbol>
      <symbol id="sm-2f9">
         <name>__TI_int11</name>
         <value>0xfff6</value>
         <object_component_ref idref="oc-49"/>
      </symbol>
      <symbol id="sm-2fc">
         <name>__TI_int12</name>
         <value>0xfff8</value>
         <object_component_ref idref="oc-4a"/>
      </symbol>
      <symbol id="sm-2ff">
         <name>__TI_int13</name>
         <value>0xfffa</value>
         <object_component_ref idref="oc-4b"/>
      </symbol>
      <symbol id="sm-302">
         <name>__TI_int14</name>
         <value>0xfffc</value>
         <object_component_ref idref="oc-4c"/>
      </symbol>
      <symbol id="sm-30a">
         <name>__TI_ISR_TRAP</name>
         <value>0xec80</value>
         <object_component_ref idref="oc-dc"/>
      </symbol>
      <symbol id="sm-312">
         <name>__mspabi_slli</name>
         <value>0xeaac</value>
         <object_component_ref idref="oc-b5"/>
      </symbol>
      <symbol id="sm-313">
         <name>__mspabi_slli_9</name>
         <value>0xeac4</value>
         <object_component_ref idref="oc-b5"/>
      </symbol>
      <symbol id="sm-314">
         <name>__mspabi_slli_8</name>
         <value>0xeac6</value>
         <object_component_ref idref="oc-b5"/>
      </symbol>
      <symbol id="sm-315">
         <name>__mspabi_slli_7</name>
         <value>0xeac8</value>
         <object_component_ref idref="oc-b5"/>
      </symbol>
      <symbol id="sm-316">
         <name>__mspabi_slli_6</name>
         <value>0xeaca</value>
         <object_component_ref idref="oc-b5"/>
      </symbol>
      <symbol id="sm-317">
         <name>__mspabi_slli_5</name>
         <value>0xeacc</value>
         <object_component_ref idref="oc-b5"/>
      </symbol>
      <symbol id="sm-318">
         <name>__mspabi_slli_4</name>
         <value>0xeace</value>
         <object_component_ref idref="oc-b5"/>
      </symbol>
      <symbol id="sm-319">
         <name>__mspabi_slli_3</name>
         <value>0xead0</value>
         <object_component_ref idref="oc-b5"/>
      </symbol>
      <symbol id="sm-31a">
         <name>__mspabi_slli_2</name>
         <value>0xead2</value>
         <object_component_ref idref="oc-b5"/>
      </symbol>
      <symbol id="sm-31b">
         <name>__mspabi_slli_1</name>
         <value>0xead4</value>
         <object_component_ref idref="oc-b5"/>
      </symbol>
      <symbol id="sm-31c">
         <name>__mspabi_slli_15</name>
         <value>0xeab8</value>
         <object_component_ref idref="oc-b5"/>
      </symbol>
      <symbol id="sm-31d">
         <name>__mspabi_slli_14</name>
         <value>0xeaba</value>
         <object_component_ref idref="oc-b5"/>
      </symbol>
      <symbol id="sm-31e">
         <name>__mspabi_slli_13</name>
         <value>0xeabc</value>
         <object_component_ref idref="oc-b5"/>
      </symbol>
      <symbol id="sm-31f">
         <name>__mspabi_slli_12</name>
         <value>0xeabe</value>
         <object_component_ref idref="oc-b5"/>
      </symbol>
      <symbol id="sm-320">
         <name>__mspabi_slli_11</name>
         <value>0xeac0</value>
         <object_component_ref idref="oc-b5"/>
      </symbol>
      <symbol id="sm-321">
         <name>__mspabi_slli_10</name>
         <value>0xeac2</value>
         <object_component_ref idref="oc-b5"/>
      </symbol>
      <symbol id="sm-331">
         <name>__mspabi_slll_9</name>
         <value>0xe98e</value>
         <object_component_ref idref="oc-373"/>
      </symbol>
      <symbol id="sm-332">
         <name>__mspabi_slll_8</name>
         <value>0xe992</value>
         <object_component_ref idref="oc-373"/>
      </symbol>
      <symbol id="sm-333">
         <name>__mspabi_slll_7</name>
         <value>0xe996</value>
         <object_component_ref idref="oc-373"/>
      </symbol>
      <symbol id="sm-334">
         <name>__mspabi_slll_6</name>
         <value>0xe99a</value>
         <object_component_ref idref="oc-373"/>
      </symbol>
      <symbol id="sm-335">
         <name>__mspabi_slll_5</name>
         <value>0xe99e</value>
         <object_component_ref idref="oc-373"/>
      </symbol>
      <symbol id="sm-336">
         <name>__mspabi_slll_4</name>
         <value>0xe9a2</value>
         <object_component_ref idref="oc-373"/>
      </symbol>
      <symbol id="sm-337">
         <name>__mspabi_slll_3</name>
         <value>0xe9a6</value>
         <object_component_ref idref="oc-373"/>
      </symbol>
      <symbol id="sm-338">
         <name>__mspabi_slll_2</name>
         <value>0xe9aa</value>
         <object_component_ref idref="oc-373"/>
      </symbol>
      <symbol id="sm-339">
         <name>__mspabi_slll_1</name>
         <value>0xe9ae</value>
         <object_component_ref idref="oc-373"/>
      </symbol>
      <symbol id="sm-33a">
         <name>__mspabi_slll</name>
         <value>0xec32</value>
         <object_component_ref idref="oc-2ad"/>
      </symbol>
      <symbol id="sm-33b">
         <name>__mspabi_slll_15</name>
         <value>0xe976</value>
         <object_component_ref idref="oc-373"/>
      </symbol>
      <symbol id="sm-33c">
         <name>__mspabi_slll_14</name>
         <value>0xe97a</value>
         <object_component_ref idref="oc-373"/>
      </symbol>
      <symbol id="sm-33d">
         <name>__mspabi_slll_13</name>
         <value>0xe97e</value>
         <object_component_ref idref="oc-373"/>
      </symbol>
      <symbol id="sm-33e">
         <name>__mspabi_slll_12</name>
         <value>0xe982</value>
         <object_component_ref idref="oc-373"/>
      </symbol>
      <symbol id="sm-33f">
         <name>__mspabi_slll_11</name>
         <value>0xe986</value>
         <object_component_ref idref="oc-373"/>
      </symbol>
      <symbol id="sm-340">
         <name>__mspabi_slll_10</name>
         <value>0xe98a</value>
         <object_component_ref idref="oc-373"/>
      </symbol>
      <symbol id="sm-348">
         <name>__mspabi_srli_8</name>
         <value>0xe840</value>
         <object_component_ref idref="oc-ba"/>
      </symbol>
      <symbol id="sm-349">
         <name>__mspabi_srli_9</name>
         <value>0xe83c</value>
         <object_component_ref idref="oc-ba"/>
      </symbol>
      <symbol id="sm-34a">
         <name>__mspabi_srli_6</name>
         <value>0xe848</value>
         <object_component_ref idref="oc-ba"/>
      </symbol>
      <symbol id="sm-34b">
         <name>__mspabi_srli_7</name>
         <value>0xe844</value>
         <object_component_ref idref="oc-ba"/>
      </symbol>
      <symbol id="sm-34c">
         <name>__mspabi_srli_4</name>
         <value>0xe850</value>
         <object_component_ref idref="oc-ba"/>
      </symbol>
      <symbol id="sm-34d">
         <name>__mspabi_srli_5</name>
         <value>0xe84c</value>
         <object_component_ref idref="oc-ba"/>
      </symbol>
      <symbol id="sm-34e">
         <name>__mspabi_srli_2</name>
         <value>0xe858</value>
         <object_component_ref idref="oc-ba"/>
      </symbol>
      <symbol id="sm-34f">
         <name>__mspabi_srli_3</name>
         <value>0xe854</value>
         <object_component_ref idref="oc-ba"/>
      </symbol>
      <symbol id="sm-350">
         <name>__mspabi_srli_1</name>
         <value>0xe85c</value>
         <object_component_ref idref="oc-ba"/>
      </symbol>
      <symbol id="sm-351">
         <name>__mspabi_srli</name>
         <value>0xe816</value>
         <object_component_ref idref="oc-ba"/>
      </symbol>
      <symbol id="sm-352">
         <name>__mspabi_srli_15</name>
         <value>0xe824</value>
         <object_component_ref idref="oc-ba"/>
      </symbol>
      <symbol id="sm-353">
         <name>__mspabi_srli_14</name>
         <value>0xe828</value>
         <object_component_ref idref="oc-ba"/>
      </symbol>
      <symbol id="sm-354">
         <name>__mspabi_srli_13</name>
         <value>0xe82c</value>
         <object_component_ref idref="oc-ba"/>
      </symbol>
      <symbol id="sm-355">
         <name>__mspabi_srli_12</name>
         <value>0xe830</value>
         <object_component_ref idref="oc-ba"/>
      </symbol>
      <symbol id="sm-356">
         <name>__mspabi_srli_11</name>
         <value>0xe834</value>
         <object_component_ref idref="oc-ba"/>
      </symbol>
      <symbol id="sm-357">
         <name>__mspabi_srli_10</name>
         <value>0xe838</value>
         <object_component_ref idref="oc-ba"/>
      </symbol>
      <symbol id="sm-361">
         <name>__mspabi_mpyi_sw</name>
         <value>0xebc6</value>
         <object_component_ref idref="oc-218"/>
      </symbol>
      <symbol id="sm-362">
         <name>__mspabi_mpyi</name>
         <value>0xebc6</value>
         <object_component_ref idref="oc-218"/>
      </symbol>
      <symbol id="sm-372">
         <name>_stack</name>
         <value>0x3b0</value>
         <object_component_ref idref="oc-b1"/>
      </symbol>
      <symbol id="sm-373">
         <name>_c_int00_noargs</name>
         <value>0xeb94</value>
         <object_component_ref idref="oc-f9"/>
      </symbol>
      <symbol id="sm-374">
         <name>_reset_vector</name>
         <value>0xfffe</value>
         <object_component_ref idref="oc-b4"/>
      </symbol>
      <symbol id="sm-396">
         <name>__TI_auto_init_nobinit_nopinit</name>
         <value>0xe8f6</value>
         <object_component_ref idref="oc-1c9"/>
      </symbol>
      <symbol id="sm-3a8">
         <name>_system_pre_init</name>
         <value>0xec8e</value>
         <object_component_ref idref="oc-155"/>
      </symbol>
      <symbol id="sm-3b1">
         <name>_system_post_cinit</name>
         <value>0xec92</value>
         <object_component_ref idref="oc-273"/>
      </symbol>
      <symbol id="sm-3c7">
         <name>__TI_decompress_none</name>
         <value>0xebec</value>
         <object_component_ref idref="oc-3a"/>
      </symbol>
      <symbol id="sm-3ea">
         <name>__TI_decompress_lzss</name>
         <value>0xe606</value>
         <object_component_ref idref="oc-34"/>
      </symbol>
      <symbol id="sm-411">
         <name>__mspabi_addd</name>
         <value>0xd256</value>
         <object_component_ref idref="oc-242"/>
      </symbol>
      <symbol id="sm-427">
         <name>__mspabi_cvtfd</name>
         <value>0xe682</value>
         <object_component_ref idref="oc-23c"/>
      </symbol>
      <symbol id="sm-448">
         <name>__mspabi_divd</name>
         <value>0xdca4</value>
         <object_component_ref idref="oc-25a"/>
      </symbol>
      <symbol id="sm-451">
         <name>__mspabi_fltid</name>
         <value>0xec6a</value>
         <object_component_ref idref="oc-248"/>
      </symbol>
      <symbol id="sm-468">
         <name>__mspabi_fltlid</name>
         <value>0xe4be</value>
         <object_component_ref idref="oc-2fd"/>
      </symbol>
      <symbol id="sm-489">
         <name>__TI_frcaddd</name>
         <value>0xda44</value>
         <object_component_ref idref="oc-2f0"/>
      </symbol>
      <symbol id="sm-4a4">
         <name>__TI_frcdivd</name>
         <value>0xca60</value>
         <object_component_ref idref="oc-30d"/>
      </symbol>
      <symbol id="sm-4c6">
         <name>__mspabi_mpyd</name>
         <value>0xd7d6</value>
         <object_component_ref idref="oc-24e"/>
      </symbol>
      <symbol id="sm-4d9">
         <name>__TI_renormd</name>
         <value>0xe400</value>
         <object_component_ref idref="oc-369"/>
      </symbol>
      <symbol id="sm-4e2">
         <name>__mspabi_subd</name>
         <value>0xea52</value>
         <object_component_ref idref="oc-254"/>
      </symbol>
      <symbol id="sm-4e9">
         <name>errno</name>
         <value>0x244</value>
         <object_component_ref idref="oc-2cb"/>
      </symbol>
      <symbol id="sm-4f3">
         <name>C$$EXIT</name>
         <value>0xec88</value>
         <object_component_ref idref="oc-1bd"/>
      </symbol>
      <symbol id="sm-4f4">
         <name>abort</name>
         <value>0xec88</value>
         <object_component_ref idref="oc-1bd"/>
      </symbol>
      <symbol id="sm-504">
         <name>memcpy</name>
         <value>0xec10</value>
         <object_component_ref idref="oc-cf"/>
      </symbol>
      <symbol id="sm-50d">
         <name>copysignf</name>
         <value>0xebda</value>
         <object_component_ref idref="oc-34c"/>
      </symbol>
      <symbol id="sm-51d">
         <name>__mspabi_srll_8</name>
         <value>0xe7e4</value>
         <object_component_ref idref="oc-378"/>
      </symbol>
      <symbol id="sm-51e">
         <name>__mspabi_srll_9</name>
         <value>0xe7de</value>
         <object_component_ref idref="oc-378"/>
      </symbol>
      <symbol id="sm-51f">
         <name>__mspabi_srll_6</name>
         <value>0xe7f0</value>
         <object_component_ref idref="oc-378"/>
      </symbol>
      <symbol id="sm-520">
         <name>__mspabi_srll_7</name>
         <value>0xe7ea</value>
         <object_component_ref idref="oc-378"/>
      </symbol>
      <symbol id="sm-521">
         <name>__mspabi_srll_4</name>
         <value>0xe7fc</value>
         <object_component_ref idref="oc-378"/>
      </symbol>
      <symbol id="sm-522">
         <name>__mspabi_srll_5</name>
         <value>0xe7f6</value>
         <object_component_ref idref="oc-378"/>
      </symbol>
      <symbol id="sm-523">
         <name>__mspabi_srll_2</name>
         <value>0xe808</value>
         <object_component_ref idref="oc-378"/>
      </symbol>
      <symbol id="sm-524">
         <name>__mspabi_srll_3</name>
         <value>0xe802</value>
         <object_component_ref idref="oc-378"/>
      </symbol>
      <symbol id="sm-525">
         <name>__mspabi_srll_1</name>
         <value>0xe80e</value>
         <object_component_ref idref="oc-378"/>
      </symbol>
      <symbol id="sm-526">
         <name>__mspabi_srll_15</name>
         <value>0xe7ba</value>
         <object_component_ref idref="oc-378"/>
      </symbol>
      <symbol id="sm-527">
         <name>__mspabi_srll_14</name>
         <value>0xe7c0</value>
         <object_component_ref idref="oc-378"/>
      </symbol>
      <symbol id="sm-528">
         <name>__mspabi_srll_13</name>
         <value>0xe7c6</value>
         <object_component_ref idref="oc-378"/>
      </symbol>
      <symbol id="sm-529">
         <name>__mspabi_srll_12</name>
         <value>0xe7cc</value>
         <object_component_ref idref="oc-378"/>
      </symbol>
      <symbol id="sm-52a">
         <name>__mspabi_srll_11</name>
         <value>0xe7d2</value>
         <object_component_ref idref="oc-378"/>
      </symbol>
      <symbol id="sm-52b">
         <name>__mspabi_srll_10</name>
         <value>0xe7d8</value>
         <object_component_ref idref="oc-378"/>
      </symbol>
      <symbol id="sm-52c">
         <name>__mspabi_srll</name>
         <value>0xebfe</value>
         <object_component_ref idref="oc-364"/>
      </symbol>
      <symbol id="sm-536">
         <name>__mspabi_mpyl_sw</name>
         <value>0xeb2a</value>
         <object_component_ref idref="oc-37f"/>
      </symbol>
      <symbol id="sm-537">
         <name>__mspabi_mpyl</name>
         <value>0xeb2a</value>
         <object_component_ref idref="oc-37f"/>
      </symbol>
      <symbol id="sm-548">
         <name>__TI_frcmpyd</name>
         <value>0xd550</value>
         <object_component_ref idref="oc-304"/>
      </symbol>
   </symbol_table>
   <title>Link successful</title>
</link_info>
